Component: Arm Compiler for Embedded 6.23 Tool: armlink [5f102400]

==============================================================================

Section Cross References

    app.o(.text.App_init) refers to app.o(.text.App_ui_init) for App_ui_init
    app.o(.ARM.exidx.text.App_init) refers to app.o(.text.App_init) for [Anonymous Symbol]
    app.o(.ARM.exidx.text.App_ui_init) refers to app.o(.text.App_ui_init) for [Anonymous Symbol]
    gd32f4xx_it.o(.ARM.exidx.text.NMI_Handler) refers to gd32f4xx_it.o(.text.NMI_Handler) for [Anonymous Symbol]
    gd32f4xx_it.o(.ARM.exidx.text.HardFault_Handler) refers to gd32f4xx_it.o(.text.HardFault_Handler) for [Anonymous Symbol]
    gd32f4xx_it.o(.ARM.exidx.text.MemManage_Handler) refers to gd32f4xx_it.o(.text.MemManage_Handler) for [Anonymous Symbol]
    gd32f4xx_it.o(.ARM.exidx.text.BusFault_Handler) refers to gd32f4xx_it.o(.text.BusFault_Handler) for [Anonymous Symbol]
    gd32f4xx_it.o(.ARM.exidx.text.UsageFault_Handler) refers to gd32f4xx_it.o(.text.UsageFault_Handler) for [Anonymous Symbol]
    gd32f4xx_it.o(.ARM.exidx.text.DebugMon_Handler) refers to gd32f4xx_it.o(.text.DebugMon_Handler) for [Anonymous Symbol]
    main.o(.ARM.exidx.text.lib_timer5_on_cb) refers to main.o(.text.lib_timer5_on_cb) for [Anonymous Symbol]
    main.o(.text.main) refers to gd32f4xx_misc.o(.text.nvic_priority_group_set) for nvic_priority_group_set
    main.o(.text.main) refers to systick.o(.text.systick_config) for systick_config
    main.o(.text.main) refers to main.o(.rodata.str1.1) for .L.str
    main.o(.text.main) refers to printfa.o(i.__0printf) for printf
    main.o(.ARM.exidx.text.main) refers to main.o(.text.main) for [Anonymous Symbol]
    systick.o(.text.systick_config) refers to system_gd32f4xx.o(.data.SystemCoreClock) for SystemCoreClock
    systick.o(.text.systick_config) refers to systick.o(.text.SysTick_Config) for SysTick_Config
    systick.o(.text.systick_config) refers to systick.o(.text.__NVIC_SetPriority) for __NVIC_SetPriority
    systick.o(.ARM.exidx.text.systick_config) refers to systick.o(.text.systick_config) for [Anonymous Symbol]
    systick.o(.text.SysTick_Config) refers to systick.o(.text.__NVIC_SetPriority) for __NVIC_SetPriority
    systick.o(.ARM.exidx.text.SysTick_Config) refers to systick.o(.text.SysTick_Config) for [Anonymous Symbol]
    systick.o(.ARM.exidx.text.__NVIC_SetPriority) refers to systick.o(.text.__NVIC_SetPriority) for [Anonymous Symbol]
    systick.o(.text.delay_1ms) refers to systick.o(.bss.delay) for delay
    systick.o(.ARM.exidx.text.delay_1ms) refers to systick.o(.text.delay_1ms) for [Anonymous Symbol]
    systick.o(.text.delay_1us) refers to systick.o(.bss.delay) for delay
    systick.o(.ARM.exidx.text.delay_1us) refers to systick.o(.text.delay_1us) for [Anonymous Symbol]
    systick.o(.text.delay_decrement) refers to systick.o(.bss.delay) for delay
    systick.o(.ARM.exidx.text.delay_decrement) refers to systick.o(.text.delay_decrement) for [Anonymous Symbol]
    lib_peripheral.o(.text.lib_peripheral_init) refers to lib_usart.o(.text.lib_usart_init) for lib_usart_init
    lib_peripheral.o(.text.lib_peripheral_init) refers to lib_timer.o(.text.lib_timer_init) for lib_timer_init
    lib_peripheral.o(.ARM.exidx.text.lib_peripheral_init) refers to lib_peripheral.o(.text.lib_peripheral_init) for [Anonymous Symbol]
    lib_timer.o(.text.lib_timer_init) refers to gd32f4xx_rcu.o(.text.rcu_timer_clock_prescaler_config) for rcu_timer_clock_prescaler_config
    lib_timer.o(.text.lib_timer_init) refers to lib_timer5.o(.text.lib_timer5_init) for lib_timer5_init
    lib_timer.o(.ARM.exidx.text.lib_timer_init) refers to lib_timer.o(.text.lib_timer_init) for [Anonymous Symbol]
    lib_timer5.o(.text.lib_timer5_init) refers to gd32f4xx_rcu.o(.text.rcu_periph_clock_enable) for rcu_periph_clock_enable
    lib_timer5.o(.text.lib_timer5_init) refers to gd32f4xx_timer.o(.text.timer_deinit) for timer_deinit
    lib_timer5.o(.text.lib_timer5_init) refers to gd32f4xx_timer.o(.text.timer_struct_para_init) for timer_struct_para_init
    lib_timer5.o(.text.lib_timer5_init) refers to system_gd32f4xx.o(.data.SystemCoreClock) for SystemCoreClock
    lib_timer5.o(.text.lib_timer5_init) refers to gd32f4xx_timer.o(.text.timer_init) for timer_init
    lib_timer5.o(.text.lib_timer5_init) refers to gd32f4xx_timer.o(.text.timer_interrupt_enable) for timer_interrupt_enable
    lib_timer5.o(.text.lib_timer5_init) refers to gd32f4xx_misc.o(.text.nvic_irq_enable) for nvic_irq_enable
    lib_timer5.o(.text.lib_timer5_init) refers to gd32f4xx_timer.o(.text.timer_enable) for timer_enable
    lib_timer5.o(.ARM.exidx.text.lib_timer5_init) refers to lib_timer5.o(.text.lib_timer5_init) for [Anonymous Symbol]
    lib_timer5.o(.text.TIMER5_DAC_IRQHandler) refers to gd32f4xx_timer.o(.text.timer_interrupt_flag_get) for timer_interrupt_flag_get
    lib_timer5.o(.text.TIMER5_DAC_IRQHandler) refers to gd32f4xx_timer.o(.text.timer_interrupt_flag_clear) for timer_interrupt_flag_clear
[...]
    Removing queue.o(.text.prvIsQueueFull), (46 bytes).
    Removing queue.o(.ARM.exidx.text.prvIsQueueFull), (8 bytes).
    Removing queue.o(.text.prvUnlockQueue), (174 bytes).
    Removing queue.o(.ARM.exidx.text.prvUnlockQueue), (8 bytes).
    Removing queue.o(.text.xQueueGenericSendFromISR), (214 bytes).
    Removing queue.o(.ARM.exidx.text.xQueueGenericSendFromISR), (8 bytes).
    Removing queue.o(.text.xQueueGiveFromISR), (198 bytes).
    Removing queue.o(.ARM.exidx.text.xQueueGiveFromISR), (8 bytes).
    Removing queue.o(.text.xQueueReceive), (338 bytes).
    Removing queue.o(.ARM.exidx.text.xQueueReceive), (8 bytes).
    Removing queue.o(.text.prvCopyDataFromQueue), (66 bytes).
    Removing queue.o(.ARM.exidx.text.prvCopyDataFromQueue), (8 bytes).
    Removing queue.o(.text.prvIsQueueEmpty), (40 bytes).
    Removing queue.o(.ARM.exidx.text.prvIsQueueEmpty), (8 bytes).
    Removing queue.o(.text.prvGetDisinheritPriorityAfterTimeout), (38 bytes).
    Removing queue.o(.ARM.exidx.text.prvGetDisinheritPriorityAfterTimeout), (8 bytes).
    Removing queue.o(.text.xQueuePeek), (342 bytes).
    Removing queue.o(.ARM.exidx.text.xQueuePeek), (8 bytes).
    Removing queue.o(.text.xQueueReceiveFromISR), (204 bytes).
    Removing queue.o(.ARM.exidx.text.xQueueReceiveFromISR), (8 bytes).
    Removing queue.o(.text.xQueuePeekFromISR), (96 bytes).
    Removing queue.o(.ARM.exidx.text.xQueuePeekFromISR), (8 bytes).
    Removing queue.o(.text.uxQueueMessagesWaiting), (26 bytes).
    Removing queue.o(.ARM.exidx.text.uxQueueMessagesWaiting), (8 bytes).
    Removing queue.o(.text.uxQueueSpacesAvailable), (34 bytes).
    Removing queue.o(.ARM.exidx.text.uxQueueSpacesAvailable), (8 bytes).
    Removing queue.o(.text.uxQueueMessagesWaitingFromISR), (20 bytes).
    Removing queue.o(.ARM.exidx.text.uxQueueMessagesWaitingFromISR), (8 bytes).
    Removing queue.o(.text.vQueueDelete), (34 bytes).
    Removing queue.o(.ARM.exidx.text.vQueueDelete), (8 bytes).
    Removing queue.o(.text.uxQueueGetQueueNumber), (12 bytes).
    Removing queue.o(.ARM.exidx.text.uxQueueGetQueueNumber), (8 bytes).
    Removing queue.o(.text.vQueueSetQueueNumber), (16 bytes).
    Removing queue.o(.ARM.exidx.text.vQueueSetQueueNumber), (8 bytes).
    Removing queue.o(.text.ucQueueGetQueueType), (14 bytes).
    Removing queue.o(.ARM.exidx.text.ucQueueGetQueueType), (8 bytes).
    Removing queue.o(.text.uxQueueGetQueueItemSize), (12 bytes).
    Removing queue.o(.ARM.exidx.text.uxQueueGetQueueItemSize), (8 bytes).
    Removing queue.o(.text.uxQueueGetQueueLength), (12 bytes).
    Removing queue.o(.ARM.exidx.text.uxQueueGetQueueLength), (8 bytes).
    Removing queue.o(.text.xQueueIsQueueEmptyFromISR), (34 bytes).
    Removing queue.o(.ARM.exidx.text.xQueueIsQueueEmptyFromISR), (8 bytes).
    Removing queue.o(.text.xQueueIsQueueFullFromISR), (40 bytes).
    Removing queue.o(.ARM.exidx.text.xQueueIsQueueFullFromISR), (8 bytes).
    Removing queue.o(.text.vQueueWaitForMessageRestricted), (100 bytes).
    Removing queue.o(.ARM.exidx.text.vQueueWaitForMessageRestricted), (8 bytes).
    Removing tasks.o(.text), (0 bytes).
    Removing tasks.o(.text.xTaskCreateStatic), (92 bytes).
    Removing tasks.o(.ARM.exidx.text.xTaskCreateStatic), (8 bytes).
    Removing tasks.o(.text.prvCreateStaticTask), (120 bytes).
    Removing tasks.o(.ARM.exidx.text.prvCreateStaticTask), (8 bytes).
    Removing tasks.o(.text.prvAddNewTaskToReadyList), (368 bytes).
    Removing tasks.o(.ARM.exidx.text.prvAddNewTaskToReadyList), (8 bytes).
    Removing tasks.o(.text.xTaskCreate), (82 bytes).
    Removing tasks.o(.ARM.exidx.text.xTaskCreate), (8 bytes).
    Removing tasks.o(.text.prvCreateTask), (142 bytes).
    Removing tasks.o(.ARM.exidx.text.prvCreateTask), (8 bytes).
    Removing tasks.o(.text.vTaskDelete), (276 bytes).
    Removing tasks.o(.ARM.exidx.text.vTaskDelete), (8 bytes).
    Removing tasks.o(.text.prvResetNextTaskUnblockTime), (60 bytes).
    Removing tasks.o(.ARM.exidx.text.prvResetNextTaskUnblockTime), (8 bytes).
    Removing tasks.o(.text.prvDeleteTCB), (60 bytes).
    Removing tasks.o(.ARM.exidx.text.prvDeleteTCB), (8 bytes).
    Removing tasks.o(.text.xTaskDelayUntil), (186 bytes).
    Removing tasks.o(.ARM.exidx.text.xTaskDelayUntil), (8 bytes).
    Removing tasks.o(.text.vTaskSuspendAll), (16 bytes).
    Removing tasks.o(.ARM.exidx.text.vTaskSuspendAll), (8 bytes).
    Removing tasks.o(.text.prvAddCurrentTaskToDelayedList), (262 bytes).
    Removing tasks.o(.ARM.exidx.text.prvAddCurrentTaskToDelayedList), (8 bytes).
    Removing tasks.o(.text.xTaskResumeAll), (574 bytes).
    Removing tasks.o(.ARM.exidx.text.xTaskResumeAll), (8 bytes).
    Removing tasks.o(.text.vTaskDelay), (74 bytes).
    Removing tasks.o(.ARM.exidx.text.vTaskDelay), (8 bytes).
    Removing tasks.o(.text.eTaskGetState), (276 bytes).
    Removing tasks.o(.ARM.exidx.text.eTaskGetState), (8 bytes).
    Removing tasks.o(.text.uxTaskPriorityGet), (56 bytes).
    Removing tasks.o(.ARM.exidx.text.uxTaskPriorityGet), (8 bytes).
    Removing tasks.o(.text.uxTaskPriorityGetFromISR), (84 bytes).
    Removing tasks.o(.ARM.exidx.text.uxTaskPriorityGetFromISR), (8 bytes).
    Removing tasks.o(.text.uxTaskBasePriorityGet), (56 bytes).
    Removing tasks.o(.ARM.exidx.text.uxTaskBasePriorityGet), (8 bytes).
    Removing tasks.o(.text.uxTaskBasePriorityGetFromISR), (84 bytes).
    Removing tasks.o(.ARM.exidx.text.uxTaskBasePriorityGetFromISR), (8 bytes).
    Removing tasks.o(.text.vTaskPrioritySet), (472 bytes).
    Removing tasks.o(.ARM.exidx.text.vTaskPrioritySet), (8 bytes).
    Removing tasks.o(.text.vTaskSuspend), (296 bytes).
    Removing tasks.o(.ARM.exidx.text.vTaskSuspend), (8 bytes).
    Removing tasks.o(.ARM.exidx.text.vTaskSwitchContext), (8 bytes).
    Removing tasks.o(.text.vTaskResume), (264 bytes).
    Removing tasks.o(.ARM.exidx.text.vTaskResume), (8 bytes).
    Removing tasks.o(.text.prvTaskIsTaskSuspended), (124 bytes).
    Removing tasks.o(.ARM.exidx.text.prvTaskIsTaskSuspended), (8 bytes).
    Removing tasks.o(.text.xTaskResumeFromISR), (296 bytes).
    Removing tasks.o(.ARM.exidx.text.xTaskResumeFromISR), (8 bytes).
    Removing tasks.o(.text.vTaskStartScheduler), (114 bytes).
    Removing tasks.o(.ARM.exidx.text.vTaskStartScheduler), (8 bytes).
    Removing tasks.o(.text.prvCreateIdleTasks), (200 bytes).
    Removing tasks.o(.ARM.exidx.text.prvCreateIdleTasks), (8 bytes).
    Removing tasks.o(.text.vTaskEndScheduler), (96 bytes).
    Removing tasks.o(.ARM.exidx.text.vTaskEndScheduler), (8 bytes).
    Removing tasks.o(.text.prvCheckTasksWaitingTermination), (90 bytes).
    Removing tasks.o(.ARM.exidx.text.prvCheckTasksWaitingTermination), (8 bytes).
    Removing tasks.o(.text.xTaskIncrementTick), (606 bytes).
    Removing tasks.o(.ARM.exidx.text.xTaskIncrementTick), (8 bytes).
    Removing tasks.o(.text.xTaskGetTickCount), (20 bytes).
    Removing tasks.o(.ARM.exidx.text.xTaskGetTickCount), (8 bytes).
    Removing tasks.o(.text.xTaskGetTickCountFromISR), (24 bytes).
    Removing tasks.o(.ARM.exidx.text.xTaskGetTickCountFromISR), (8 bytes).
    Removing tasks.o(.text.uxTaskGetNumberOfTasks), (12 bytes).
    Removing tasks.o(.ARM.exidx.text.uxTaskGetNumberOfTasks), (8 bytes).
    Removing tasks.o(.text.pcTaskGetName), (42 bytes).
    Removing tasks.o(.ARM.exidx.text.pcTaskGetName), (8 bytes).
    Removing tasks.o(.text.xTaskGetStaticBuffers), (116 bytes).
    Removing tasks.o(.ARM.exidx.text.xTaskGetStaticBuffers), (8 bytes).
    Removing tasks.o(.text.uxTaskGetSystemState), (282 bytes).
    Removing tasks.o(.ARM.exidx.text.uxTaskGetSystemState), (8 bytes).
    Removing tasks.o(.text.prvListTasksWithinSingleList), (106 bytes).
    Removing tasks.o(.ARM.exidx.text.prvListTasksWithinSingleList), (8 bytes).
    Removing tasks.o(.text.xTaskCatchUpTicks), (46 bytes).
    Removing tasks.o(.ARM.exidx.text.xTaskCatchUpTicks), (8 bytes).
    Removing tasks.o(.text.vTaskPlaceOnEventList), (38 bytes).
    Removing tasks.o(.ARM.exidx.text.vTaskPlaceOnEventList), (8 bytes).
    Removing tasks.o(.text.vTaskPlaceOnUnorderedEventList), (104 bytes).
    Removing tasks.o(.ARM.exidx.text.vTaskPlaceOnUnorderedEventList), (8 bytes).
    Removing tasks.o(.text.vTaskPlaceOnEventListRestricted), (100 bytes).
    Removing tasks.o(.ARM.exidx.text.vTaskPlaceOnEventListRestricted), (8 bytes).
    Removing tasks.o(.text.xTaskRemoveFromEventList), (404 bytes).
    Removing tasks.o(.ARM.exidx.text.xTaskRemoveFromEventList), (8 bytes).
    Removing tasks.o(.text.vTaskRemoveFromUnorderedEventList), (324 bytes).
    Removing tasks.o(.ARM.exidx.text.vTaskRemoveFromUnorderedEventList), (8 bytes).
    Removing tasks.o(.text.vTaskSetTimeOutState), (46 bytes).
    Removing tasks.o(.ARM.exidx.text.vTaskSetTimeOutState), (8 bytes).
    Removing tasks.o(.text.vTaskInternalSetTimeOutState), (36 bytes).
    Removing tasks.o(.ARM.exidx.text.vTaskInternalSetTimeOutState), (8 bytes).
    Removing tasks.o(.text.xTaskCheckForTimeOut), (154 bytes).
    Removing tasks.o(.ARM.exidx.text.xTaskCheckForTimeOut), (8 bytes).
    Removing tasks.o(.text.vTaskMissedYield), (14 bytes).
    Removing tasks.o(.ARM.exidx.text.vTaskMissedYield), (8 bytes).
    Removing tasks.o(.text.uxTaskGetTaskNumber), (34 bytes).
    Removing tasks.o(.ARM.exidx.text.uxTaskGetTaskNumber), (8 bytes).
    Removing tasks.o(.text.vTaskSetTaskNumber), (28 bytes).
    Removing tasks.o(.ARM.exidx.text.vTaskSetTaskNumber), (8 bytes).
    Removing tasks.o(.text.vTaskGetInfo), (308 bytes).
    Removing tasks.o(.ARM.exidx.text.vTaskGetInfo), (8 bytes).
    Removing tasks.o(.text.prvTaskCheckFreeStackSpace), (46 bytes).
    Removing tasks.o(.ARM.exidx.text.prvTaskCheckFreeStackSpace), (8 bytes).
    Removing tasks.o(.text.uxTaskGetStackHighWaterMark), (56 bytes).
    Removing tasks.o(.ARM.exidx.text.uxTaskGetStackHighWaterMark), (8 bytes).
    Removing tasks.o(.text.xTaskGetCurrentTaskHandle), (20 bytes).
    Removing tasks.o(.ARM.exidx.text.xTaskGetCurrentTaskHandle), (8 bytes).
    Removing tasks.o(.text.xTaskGetCurrentTaskHandleForCore), (60 bytes).
    Removing tasks.o(.ARM.exidx.text.xTaskGetCurrentTaskHandleForCore), (8 bytes).
    Removing tasks.o(.text.xTaskGetSchedulerState), (56 bytes).
    Removing tasks.o(.ARM.exidx.text.xTaskGetSchedulerState), (8 bytes).
    Removing tasks.o(.text.xTaskPriorityInherit), (348 bytes).
    Removing tasks.o(.ARM.exidx.text.xTaskPriorityInherit), (8 bytes).
    Removing tasks.o(.text.xTaskPriorityDisinherit), (242 bytes).
    Removing tasks.o(.ARM.exidx.text.xTaskPriorityDisinherit), (8 bytes).
    Removing tasks.o(.text.vTaskPriorityDisinheritAfterTimeout), (312 bytes).
    Removing tasks.o(.ARM.exidx.text.vTaskPriorityDisinheritAfterTimeout), (8 bytes).
    Removing tasks.o(.text.uxTaskResetEventItemValue), (34 bytes).
    Removing tasks.o(.ARM.exidx.text.uxTaskResetEventItemValue), (8 bytes).
    Removing tasks.o(.text.pvTaskIncrementMutexHeldCount), (36 bytes).
    Removing tasks.o(.ARM.exidx.text.pvTaskIncrementMutexHeldCount), (8 bytes).
    Removing tasks.o(.text.ulTaskGenericNotifyTake), (268 bytes).
    Removing tasks.o(.ARM.exidx.text.ulTaskGenericNotifyTake), (8 bytes).
    Removing tasks.o(.text.xTaskGenericNotifyWait), (300 bytes).
    Removing tasks.o(.ARM.exidx.text.xTaskGenericNotifyWait), (8 bytes).
    Removing tasks.o(.text.xTaskGenericNotify), (464 bytes).
    Removing tasks.o(.ARM.exidx.text.xTaskGenericNotify), (8 bytes).
    Removing tasks.o(.text.xTaskGenericNotifyFromISR), (572 bytes).
    Removing tasks.o(.ARM.exidx.text.xTaskGenericNotifyFromISR), (8 bytes).
    Removing tasks.o(.text.vTaskGenericNotifyGiveFromISR), (438 bytes).
    Removing tasks.o(.ARM.exidx.text.vTaskGenericNotifyGiveFromISR), (8 bytes).
    Removing tasks.o(.text.xTaskGenericNotifyStateClear), (92 bytes).
    Removing tasks.o(.ARM.exidx.text.xTaskGenericNotifyStateClear), (8 bytes).
    Removing tasks.o(.text.ulTaskGenericNotifyValueClear), (82 bytes).
    Removing tasks.o(.ARM.exidx.text.ulTaskGenericNotifyValueClear), (8 bytes).
    Removing tasks.o(.text.vTaskResetState), (160 bytes).
    Removing tasks.o(.ARM.exidx.text.vTaskResetState), (8 bytes).
    Removing tasks.o(.text.prvInitialiseNewTask), (230 bytes).
    Removing tasks.o(.ARM.exidx.text.prvInitialiseNewTask), (8 bytes).
    Removing tasks.o(.text.prvInitialiseTaskLists), (142 bytes).
    Removing tasks.o(.ARM.exidx.text.prvInitialiseTaskLists), (8 bytes).
    Removing tasks.o(.text.prvIdleTask), (56 bytes).
    Removing tasks.o(.ARM.exidx.text.prvIdleTask), (8 bytes).
    Removing tasks.o(.bss.uxTaskNumber), (4 bytes).
    Removing tasks.o(.bss.xSchedulerRunning), (4 bytes).
    Removing tasks.o(.bss.xTasksWaitingTermination), (20 bytes).
    Removing tasks.o(.bss.uxDeletedTasksWaitingCleanUp), (4 bytes).
    Removing tasks.o(.bss.uxCurrentNumberOfTasks), (4 bytes).
    Removing tasks.o(.bss.xTickCount), (4 bytes).
    Removing tasks.o(.bss.pxDelayedTaskList), (4 bytes).
    Removing tasks.o(.bss.pxOverflowDelayedTaskList), (4 bytes).
    Removing tasks.o(.bss.xPendingReadyList), (20 bytes).
    Removing tasks.o(.bss.xSuspendedTaskList), (20 bytes).
    Removing tasks.o(.bss.xNextTaskUnblockTime), (4 bytes).
    Removing tasks.o(.bss.xIdleTaskHandles), (4 bytes).
    Removing tasks.o(.rodata.uxTopUsedPriority), (4 bytes).
    Removing tasks.o(.bss.xPendedTicks), (4 bytes).
    Removing tasks.o(.bss.xNumOfOverflows), (4 bytes).
    Removing tasks.o(.bss.xDelayedTaskList1), (20 bytes).
    Removing tasks.o(.bss.xDelayedTaskList2), (20 bytes).
    Removing tasks.o(.rodata.str1.1), (5 bytes).
    Removing timers.o(.text), (0 bytes).
    Removing timers.o(.text.xTimerCreateTimerTask), (120 bytes).
    Removing timers.o(.ARM.exidx.text.xTimerCreateTimerTask), (8 bytes).
    Removing timers.o(.text.prvCheckForValidListAndQueue), (126 bytes).
    Removing timers.o(.ARM.exidx.text.prvCheckForValidListAndQueue), (8 bytes).
    Removing timers.o(.text.prvTimerTask), (30 bytes).
    Removing timers.o(.ARM.exidx.text.prvTimerTask), (8 bytes).
    Removing timers.o(.text.xTimerCreate), (74 bytes).
    Removing timers.o(.ARM.exidx.text.xTimerCreate), (8 bytes).
    Removing timers.o(.text.prvInitialiseNewTimer), (82 bytes).
    Removing timers.o(.ARM.exidx.text.prvInitialiseNewTimer), (8 bytes).
    Removing timers.o(.text.xTimerCreateStatic), (74 bytes).
    Removing timers.o(.ARM.exidx.text.xTimerCreateStatic), (8 bytes).
    Removing timers.o(.text.xTimerGenericCommandFromTask), (124 bytes).
    Removing timers.o(.ARM.exidx.text.xTimerGenericCommandFromTask), (8 bytes).
    Removing timers.o(.text.xTimerGenericCommandFromISR), (88 bytes).
    Removing timers.o(.ARM.exidx.text.xTimerGenericCommandFromISR), (8 bytes).
    Removing timers.o(.text.xTimerGetTimerDaemonTaskHandle), (12 bytes).
    Removing timers.o(.ARM.exidx.text.xTimerGetTimerDaemonTaskHandle), (8 bytes).
    Removing timers.o(.text.xTimerGetPeriod), (16 bytes).
    Removing timers.o(.ARM.exidx.text.xTimerGetPeriod), (8 bytes).
    Removing timers.o(.text.vTimerSetReloadMode), (62 bytes).
    Removing timers.o(.ARM.exidx.text.vTimerSetReloadMode), (8 bytes).
    Removing timers.o(.text.xTimerGetReloadMode), (50 bytes).
    Removing timers.o(.ARM.exidx.text.xTimerGetReloadMode), (8 bytes).
    Removing timers.o(.text.uxTimerGetReloadMode), (20 bytes).
    Removing timers.o(.ARM.exidx.text.uxTimerGetReloadMode), (8 bytes).
    Removing timers.o(.text.xTimerGetExpiryTime), (20 bytes).
    Removing timers.o(.ARM.exidx.text.xTimerGetExpiryTime), (8 bytes).
    Removing timers.o(.text.xTimerGetStaticBuffer), (48 bytes).
    Removing timers.o(.ARM.exidx.text.xTimerGetStaticBuffer), (8 bytes).
    Removing timers.o(.text.pcTimerGetName), (16 bytes).
    Removing timers.o(.ARM.exidx.text.pcTimerGetName), (8 bytes).
    Removing timers.o(.text.xTimerIsTimerActive), (48 bytes).
    Removing timers.o(.ARM.exidx.text.xTimerIsTimerActive), (8 bytes).
    Removing timers.o(.text.pvTimerGetTimerID), (30 bytes).
    Removing timers.o(.ARM.exidx.text.pvTimerGetTimerID), (8 bytes).
    Removing timers.o(.text.vTimerSetTimerID), (30 bytes).
    Removing timers.o(.ARM.exidx.text.vTimerSetTimerID), (8 bytes).
    Removing timers.o(.text.xTimerPendFunctionCallFromISR), (58 bytes).
    Removing timers.o(.ARM.exidx.text.xTimerPendFunctionCallFromISR), (8 bytes).
    Removing timers.o(.text.xTimerPendFunctionCall), (58 bytes).
    Removing timers.o(.ARM.exidx.text.xTimerPendFunctionCall), (8 bytes).
    Removing timers.o(.text.uxTimerGetTimerNumber), (12 bytes).
    Removing timers.o(.ARM.exidx.text.uxTimerGetTimerNumber), (8 bytes).
    Removing timers.o(.text.vTimerSetTimerNumber), (16 bytes).
    Removing timers.o(.ARM.exidx.text.vTimerSetTimerNumber), (8 bytes).
    Removing timers.o(.text.vTimerResetState), (24 bytes).
    Removing timers.o(.ARM.exidx.text.vTimerResetState), (8 bytes).
    Removing timers.o(.text.prvGetNextExpireTime), (64 bytes).
    Removing timers.o(.ARM.exidx.text.prvGetNextExpireTime), (8 bytes).
    Removing timers.o(.text.prvProcessTimerOrBlockTask), (154 bytes).
    Removing timers.o(.ARM.exidx.text.prvProcessTimerOrBlockTask), (8 bytes).
    Removing timers.o(.text.prvProcessReceivedCommands), (334 bytes).
    Removing timers.o(.ARM.exidx.text.prvProcessReceivedCommands), (8 bytes).
    Removing timers.o(.text.prvSampleTimeNow), (68 bytes).
    Removing timers.o(.ARM.exidx.text.prvSampleTimeNow), (8 bytes).
    Removing timers.o(.text.prvProcessExpiredTimer), (84 bytes).
    Removing timers.o(.ARM.exidx.text.prvProcessExpiredTimer), (8 bytes).
    Removing timers.o(.text.prvSwitchTimerLists), (82 bytes).
    Removing timers.o(.ARM.exidx.text.prvSwitchTimerLists), (8 bytes).
    Removing timers.o(.text.prvReloadTimer), (52 bytes).
    Removing timers.o(.ARM.exidx.text.prvReloadTimer), (8 bytes).
    Removing timers.o(.text.prvInsertTimerInActiveList), (134 bytes).
    Removing timers.o(.ARM.exidx.text.prvInsertTimerInActiveList), (8 bytes).
    Removing timers.o(.bss.xTimerQueue), (4 bytes).
    Removing timers.o(.rodata.str1.1), (8 bytes).
    Removing timers.o(.bss.xTimerTaskHandle), (4 bytes).
    Removing timers.o(.bss.pxCurrentTimerList), (4 bytes).
    Removing timers.o(.bss.pxOverflowTimerList), (4 bytes).
    Removing timers.o(.bss.prvSampleTimeNow.xLastTime), (4 bytes).
    Removing timers.o(.bss.xActiveTimerList1), (20 bytes).
    Removing timers.o(.bss.xActiveTimerList2), (20 bytes).
    Removing timers.o(.bss.prvCheckForValidListAndQueue.xStaticTimerQueue), (80 bytes).
    Removing timers.o(.bss.prvCheckForValidListAndQueue.ucStaticTimerQueueStorage), (80 bytes).
    Removing stream_buffer.o(.text), (0 bytes).
    Removing stream_buffer.o(.text.xStreamBufferGenericCreate), (158 bytes).
    Removing stream_buffer.o(.ARM.exidx.text.xStreamBufferGenericCreate), (8 bytes).
    Removing stream_buffer.o(.text.prvInitialiseNewStreamBuffer), (70 bytes).
    Removing stream_buffer.o(.ARM.exidx.text.prvInitialiseNewStreamBuffer), (8 bytes).
    Removing stream_buffer.o(.text.xStreamBufferGenericCreateStatic), (156 bytes).
    Removing stream_buffer.o(.ARM.exidx.text.xStreamBufferGenericCreateStatic), (8 bytes).
    Removing stream_buffer.o(.text.xStreamBufferGetStaticBuffers), (56 bytes).
    Removing stream_buffer.o(.ARM.exidx.text.xStreamBufferGetStaticBuffers), (8 bytes).
    Removing stream_buffer.o(.text.vStreamBufferDelete), (44 bytes).
    Removing stream_buffer.o(.ARM.exidx.text.vStreamBufferDelete), (8 bytes).
    Removing stream_buffer.o(.text.xStreamBufferReset), (100 bytes).
    Removing stream_buffer.o(.ARM.exidx.text.xStreamBufferReset), (8 bytes).
    Removing stream_buffer.o(.text.xStreamBufferResetFromISR), (130 bytes).
    Removing stream_buffer.o(.ARM.exidx.text.xStreamBufferResetFromISR), (8 bytes).
    Removing stream_buffer.o(.text.xStreamBufferSetTriggerLevel), (58 bytes).
    Removing stream_buffer.o(.ARM.exidx.text.xStreamBufferSetTriggerLevel), (8 bytes).
    Removing stream_buffer.o(.text.xStreamBufferSpacesAvailable), (88 bytes).
    Removing stream_buffer.o(.ARM.exidx.text.xStreamBufferSpacesAvailable), (8 bytes).
    Removing stream_buffer.o(.text.xStreamBufferBytesAvailable), (24 bytes).
    Removing stream_buffer.o(.ARM.exidx.text.xStreamBufferBytesAvailable), (8 bytes).
    Removing stream_buffer.o(.text.prvBytesInBuffer), (56 bytes).
    Removing stream_buffer.o(.ARM.exidx.text.prvBytesInBuffer), (8 bytes).
    Removing stream_buffer.o(.text.xStreamBufferSend), (328 bytes).
    Removing stream_buffer.o(.ARM.exidx.text.xStreamBufferSend), (8 bytes).
    Removing stream_buffer.o(.text.prvWriteMessageToBuffer), (128 bytes).
    Removing stream_buffer.o(.ARM.exidx.text.prvWriteMessageToBuffer), (8 bytes).
    Removing stream_buffer.o(.text.xStreamBufferSendFromISR), (192 bytes).
    Removing stream_buffer.o(.ARM.exidx.text.xStreamBufferSendFromISR), (8 bytes).
    Removing stream_buffer.o(.text.xStreamBufferReceive), (274 bytes).
    Removing stream_buffer.o(.ARM.exidx.text.xStreamBufferReceive), (8 bytes).
    Removing stream_buffer.o(.text.prvReadMessageFromBuffer), (134 bytes).
    Removing stream_buffer.o(.ARM.exidx.text.prvReadMessageFromBuffer), (8 bytes).
    Removing stream_buffer.o(.text.xStreamBufferNextMessageLengthBytes), (74 bytes).
    Removing stream_buffer.o(.ARM.exidx.text.xStreamBufferNextMessageLengthBytes), (8 bytes).
    Removing stream_buffer.o(.text.prvReadBytesFromBuffer), (136 bytes).
    Removing stream_buffer.o(.ARM.exidx.text.prvReadBytesFromBuffer), (8 bytes).
    Removing stream_buffer.o(.text.xStreamBufferReceiveFromISR), (178 bytes).
    Removing stream_buffer.o(.ARM.exidx.text.xStreamBufferReceiveFromISR), (8 bytes).
    Removing stream_buffer.o(.text.xStreamBufferIsEmpty), (44 bytes).
    Removing stream_buffer.o(.ARM.exidx.text.xStreamBufferIsEmpty), (8 bytes).
    Removing stream_buffer.o(.text.xStreamBufferIsFull), (64 bytes).
    Removing stream_buffer.o(.ARM.exidx.text.xStreamBufferIsFull), (8 bytes).
    Removing stream_buffer.o(.text.xStreamBufferSendCompletedFromISR), (108 bytes).
    Removing stream_buffer.o(.ARM.exidx.text.xStreamBufferSendCompletedFromISR), (8 bytes).
    Removing stream_buffer.o(.text.xStreamBufferReceiveCompletedFromISR), (108 bytes).
    Removing stream_buffer.o(.ARM.exidx.text.xStreamBufferReceiveCompletedFromISR), (8 bytes).
    Removing stream_buffer.o(.text.uxStreamBufferGetStreamBufferNotificationIndex), (16 bytes).
    Removing stream_buffer.o(.ARM.exidx.text.uxStreamBufferGetStreamBufferNotificationIndex), (8 bytes).
    Removing stream_buffer.o(.text.vStreamBufferSetStreamBufferNotificationIndex), (20 bytes).
    Removing stream_buffer.o(.ARM.exidx.text.vStreamBufferSetStreamBufferNotificationIndex), (8 bytes).
    Removing stream_buffer.o(.text.uxStreamBufferGetStreamBufferNumber), (12 bytes).
    Removing stream_buffer.o(.ARM.exidx.text.uxStreamBufferGetStreamBufferNumber), (8 bytes).
    Removing stream_buffer.o(.text.vStreamBufferSetStreamBufferNumber), (16 bytes).
    Removing stream_buffer.o(.ARM.exidx.text.vStreamBufferSetStreamBufferNumber), (8 bytes).
    Removing stream_buffer.o(.text.ucStreamBufferGetStreamBufferType), (16 bytes).
    Removing stream_buffer.o(.ARM.exidx.text.ucStreamBufferGetStreamBufferType), (8 bytes).
    Removing stream_buffer.o(.text.prvWriteBytesToBuffer), (138 bytes).
    Removing stream_buffer.o(.ARM.exidx.text.prvWriteBytesToBuffer), (8 bytes).
    Removing heap_4.o(.text), (0 bytes).
    Removing heap_4.o(.text.pvPortMalloc), (438 bytes).
    Removing heap_4.o(.ARM.exidx.text.pvPortMalloc), (8 bytes).
    Removing heap_4.o(.text.prvHeapInit), (170 bytes).
    Removing heap_4.o(.ARM.exidx.text.prvHeapInit), (8 bytes).
    Removing heap_4.o(.text.vPortFree), (118 bytes).
    Removing heap_4.o(.ARM.exidx.text.vPortFree), (8 bytes).
    Removing heap_4.o(.text.prvInsertBlockIntoFreeList), (216 bytes).
    Removing heap_4.o(.ARM.exidx.text.prvInsertBlockIntoFreeList), (8 bytes).
    Removing heap_4.o(.text.xPortGetFreeHeapSize), (12 bytes).
    Removing heap_4.o(.ARM.exidx.text.xPortGetFreeHeapSize), (8 bytes).
    Removing heap_4.o(.text.xPortGetMinimumEverFreeHeapSize), (12 bytes).
    Removing heap_4.o(.ARM.exidx.text.xPortGetMinimumEverFreeHeapSize), (8 bytes).
    Removing heap_4.o(.text.vPortInitialiseBlocks), (2 bytes).
    Removing heap_4.o(.ARM.exidx.text.vPortInitialiseBlocks), (8 bytes).
    Removing heap_4.o(.text.pvPortCalloc), (92 bytes).
    Removing heap_4.o(.ARM.exidx.text.pvPortCalloc), (8 bytes).
    Removing heap_4.o(.text.vPortGetHeapStats), (206 bytes).
    Removing heap_4.o(.ARM.exidx.text.vPortGetHeapStats), (8 bytes).
    Removing heap_4.o(.text.vPortHeapResetState), (54 bytes).
    Removing heap_4.o(.ARM.exidx.text.vPortHeapResetState), (8 bytes).
    Removing heap_4.o(.bss.pxEnd), (4 bytes).
    Removing heap_4.o(.bss.xFreeBytesRemaining), (4 bytes).
    Removing heap_4.o(.bss.xStart), (8 bytes).
    Removing heap_4.o(.bss.xMinimumEverFreeBytesRemaining), (4 bytes).
    Removing heap_4.o(.bss.xNumberOfSuccessfulAllocations), (4 bytes).
    Removing heap_4.o(.bss.xNumberOfSuccessfulFrees), (4 bytes).
    Removing heap_4.o(.bss.ucHeap), (8192 bytes).
    Removing port.o(.text), (0 bytes).
    Removing port.o(.text.pxPortInitialiseStack), (94 bytes).
    Removing port.o(.ARM.exidx.text.pxPortInitialiseStack), (8 bytes).
    Removing port.o(.text.prvTaskExitError), (38 bytes).
    Removing port.o(.ARM.exidx.text.prvTaskExitError), (8 bytes).
    Removing port.o(.ARM.exidx.text.SVC_Handler), (8 bytes).
    Removing port.o(.text.xPortStartScheduler), (108 bytes).
    Removing port.o(.ARM.exidx.text.xPortStartScheduler), (8 bytes).
    Removing port.o(.text.vPortSetupTimerInterrupt), (68 bytes).
    Removing port.o(.ARM.exidx.text.vPortSetupTimerInterrupt), (8 bytes).
    Removing port.o(.text.vPortEnableVFP), (20 bytes).
    Removing port.o(.ARM.exidx.text.vPortEnableVFP), (8 bytes).
    Removing port.o(.text.prvPortStartFirstTask), (40 bytes).
    Removing port.o(.ARM.exidx.text.prvPortStartFirstTask), (8 bytes).
    Removing port.o(.text.vPortEndScheduler), (2 bytes).
    Removing port.o(.ARM.exidx.text.vPortEndScheduler), (8 bytes).
    Removing port.o(.text.vPortEnterCritical), (48 bytes).
    Removing port.o(.ARM.exidx.text.vPortEnterCritical), (8 bytes).
    Removing port.o(.text.vPortExitCritical), (38 bytes).
    Removing port.o(.ARM.exidx.text.vPortExitCritical), (8 bytes).
    Removing port.o(.ARM.exidx.text.PendSV_Handler), (8 bytes).
    Removing port.o(.text.xPortSysTickHandler), (62 bytes).
    Removing port.o(.ARM.exidx.text.xPortSysTickHandler), (8 bytes).
    Removing port.o(.data.uxCriticalNesting), (4 bytes).
    Removing gd32f4xx_adc.o(.text), (0 bytes).
    Removing gd32f4xx_adc.o(.text.adc_deinit), (24 bytes).
    Removing gd32f4xx_adc.o(.ARM.exidx.text.adc_deinit), (8 bytes).
    Removing gd32f4xx_adc.o(.text.adc_clock_config), (32 bytes).
    Removing gd32f4xx_adc.o(.ARM.exidx.text.adc_clock_config), (8 bytes).
    Removing gd32f4xx_adc.o(.text.adc_special_function_config), (166 bytes).
    Removing gd32f4xx_adc.o(.ARM.exidx.text.adc_special_function_config), (8 bytes).
    Removing gd32f4xx_adc.o(.text.adc_data_alignment_config), (40 bytes).
    Removing gd32f4xx_adc.o(.ARM.exidx.text.adc_data_alignment_config), (8 bytes).
    Removing gd32f4xx_adc.o(.text.adc_enable), (30 bytes).
    Removing gd32f4xx_adc.o(.ARM.exidx.text.adc_enable), (8 bytes).
    Removing gd32f4xx_adc.o(.text.adc_disable), (18 bytes).
    Removing gd32f4xx_adc.o(.ARM.exidx.text.adc_disable), (8 bytes).
    Removing gd32f4xx_adc.o(.text.adc_calibration_enable), (60 bytes).
    Removing gd32f4xx_adc.o(.ARM.exidx.text.adc_calibration_enable), (8 bytes).
    Removing gd32f4xx_adc.o(.text.adc_channel_16_to_18), (144 bytes).
    Removing gd32f4xx_adc.o(.ARM.exidx.text.adc_channel_16_to_18), (8 bytes).
    Removing gd32f4xx_adc.o(.text.adc_resolution_config), (30 bytes).
    Removing gd32f4xx_adc.o(.ARM.exidx.text.adc_resolution_config), (8 bytes).
    Removing gd32f4xx_adc.o(.text.adc_oversample_mode_config), (98 bytes).
    Removing gd32f4xx_adc.o(.ARM.exidx.text.adc_oversample_mode_config), (8 bytes).
    Removing gd32f4xx_adc.o(.text.adc_oversample_mode_enable), (22 bytes).
    Removing gd32f4xx_adc.o(.ARM.exidx.text.adc_oversample_mode_enable), (8 bytes).
    Removing gd32f4xx_adc.o(.text.adc_oversample_mode_disable), (22 bytes).
    Removing gd32f4xx_adc.o(.ARM.exidx.text.adc_oversample_mode_disable), (8 bytes).
    Removing gd32f4xx_adc.o(.text.adc_dma_mode_enable), (18 bytes).
    Removing gd32f4xx_adc.o(.ARM.exidx.text.adc_dma_mode_enable), (8 bytes).
    Removing gd32f4xx_adc.o(.text.adc_dma_mode_disable), (18 bytes).
    Removing gd32f4xx_adc.o(.ARM.exidx.text.adc_dma_mode_disable), (8 bytes).
    Removing gd32f4xx_adc.o(.text.adc_dma_request_after_last_enable), (18 bytes).
    Removing gd32f4xx_adc.o(.ARM.exidx.text.adc_dma_request_after_last_enable), (8 bytes).
    Removing gd32f4xx_adc.o(.text.adc_dma_request_after_last_disable), (18 bytes).
    Removing gd32f4xx_adc.o(.ARM.exidx.text.adc_dma_request_after_last_disable), (8 bytes).
    Removing gd32f4xx_adc.o(.text.adc_discontinuous_mode_config), (140 bytes).
    Removing gd32f4xx_adc.o(.ARM.exidx.text.adc_discontinuous_mode_config), (8 bytes).
    Removing gd32f4xx_adc.o(.text.adc_channel_length_config), (142 bytes).
    Removing gd32f4xx_adc.o(.ARM.exidx.text.adc_channel_length_config), (8 bytes).
    Removing gd32f4xx_adc.o(.text.adc_routine_channel_config), (372 bytes).
    Removing gd32f4xx_adc.o(.ARM.exidx.text.adc_routine_channel_config), (8 bytes).
    Removing gd32f4xx_adc.o(.text.adc_inserted_channel_config), (254 bytes).
    Removing gd32f4xx_adc.o(.ARM.exidx.text.adc_inserted_channel_config), (8 bytes).
    Removing gd32f4xx_adc.o(.text.adc_inserted_channel_offset_config), (78 bytes).
    Removing gd32f4xx_adc.o(.ARM.exidx.text.adc_inserted_channel_offset_config), (8 bytes).
    Removing gd32f4xx_adc.o(.text.adc_external_trigger_source_config), (82 bytes).
    Removing gd32f4xx_adc.o(.ARM.exidx.text.adc_external_trigger_source_config), (8 bytes).
    Removing gd32f4xx_adc.o(.text.adc_external_trigger_config), (86 bytes).
    Removing gd32f4xx_adc.o(.ARM.exidx.text.adc_external_trigger_config), (8 bytes).
    Removing gd32f4xx_adc.o(.text.adc_software_trigger_enable), (60 bytes).
    Removing gd32f4xx_adc.o(.ARM.exidx.text.adc_software_trigger_enable), (8 bytes).
    Removing gd32f4xx_adc.o(.text.adc_end_of_conversion_config), (58 bytes).
    Removing gd32f4xx_adc.o(.ARM.exidx.text.adc_end_of_conversion_config), (8 bytes).
    Removing gd32f4xx_adc.o(.text.adc_routine_data_read), (14 bytes).
    Removing gd32f4xx_adc.o(.ARM.exidx.text.adc_routine_data_read), (8 bytes).
    Removing gd32f4xx_adc.o(.text.adc_inserted_data_read), (76 bytes).
    Removing gd32f4xx_adc.o(.ARM.exidx.text.adc_inserted_data_read), (8 bytes).
    Removing gd32f4xx_adc.o(.text.adc_watchdog_single_channel_disable), (18 bytes).
    Removing gd32f4xx_adc.o(.ARM.exidx.text.adc_watchdog_single_channel_disable), (8 bytes).
    Removing gd32f4xx_adc.o(.text.adc_watchdog_single_channel_enable), (44 bytes).
    Removing gd32f4xx_adc.o(.ARM.exidx.text.adc_watchdog_single_channel_enable), (8 bytes).
    Removing gd32f4xx_adc.o(.text.adc_watchdog_sequence_channel_enable), (96 bytes).
    Removing gd32f4xx_adc.o(.ARM.exidx.text.adc_watchdog_sequence_channel_enable), (8 bytes).
    Removing gd32f4xx_adc.o(.text.adc_watchdog_disable), (80 bytes).
    Removing gd32f4xx_adc.o(.ARM.exidx.text.adc_watchdog_disable), (8 bytes).
    Removing gd32f4xx_adc.o(.text.adc_watchdog_threshold_config), (40 bytes).
    Removing gd32f4xx_adc.o(.ARM.exidx.text.adc_watchdog_threshold_config), (8 bytes).
    Removing gd32f4xx_adc.o(.text.adc_flag_get), (40 bytes).
    Removing gd32f4xx_adc.o(.ARM.exidx.text.adc_flag_get), (8 bytes).
    Removing gd32f4xx_adc.o(.text.adc_flag_clear), (20 bytes).
    Removing gd32f4xx_adc.o(.ARM.exidx.text.adc_flag_clear), (8 bytes).
    Removing gd32f4xx_adc.o(.text.adc_routine_software_startconv_flag_get), (38 bytes).
    Removing gd32f4xx_adc.o(.ARM.exidx.text.adc_routine_software_startconv_flag_get), (8 bytes).
    Removing gd32f4xx_adc.o(.text.adc_inserted_software_startconv_flag_get), (38 bytes).
    Removing gd32f4xx_adc.o(.ARM.exidx.text.adc_inserted_software_startconv_flag_get), (8 bytes).
    Removing gd32f4xx_adc.o(.text.adc_interrupt_flag_get), (226 bytes).
    Removing gd32f4xx_adc.o(.ARM.exidx.text.adc_interrupt_flag_get), (8 bytes).
    Removing gd32f4xx_adc.o(.text.adc_interrupt_flag_clear), (20 bytes).
    Removing gd32f4xx_adc.o(.ARM.exidx.text.adc_interrupt_flag_clear), (8 bytes).
    Removing gd32f4xx_adc.o(.text.adc_interrupt_enable), (96 bytes).
    Removing gd32f4xx_adc.o(.ARM.exidx.text.adc_interrupt_enable), (8 bytes).
    Removing gd32f4xx_adc.o(.text.adc_interrupt_disable), (96 bytes).
    Removing gd32f4xx_adc.o(.ARM.exidx.text.adc_interrupt_disable), (8 bytes).
    Removing gd32f4xx_adc.o(.text.adc_sync_mode_config), (32 bytes).
    Removing gd32f4xx_adc.o(.ARM.exidx.text.adc_sync_mode_config), (8 bytes).
    Removing gd32f4xx_adc.o(.text.adc_sync_delay_config), (32 bytes).
    Removing gd32f4xx_adc.o(.ARM.exidx.text.adc_sync_delay_config), (8 bytes).
    Removing gd32f4xx_adc.o(.text.adc_sync_dma_config), (32 bytes).
    Removing gd32f4xx_adc.o(.ARM.exidx.text.adc_sync_dma_config), (8 bytes).
    Removing gd32f4xx_adc.o(.text.adc_sync_dma_request_after_last_enable), (18 bytes).
    Removing gd32f4xx_adc.o(.ARM.exidx.text.adc_sync_dma_request_after_last_enable), (8 bytes).
    Removing gd32f4xx_adc.o(.text.adc_sync_dma_request_after_last_disable), (18 bytes).
    Removing gd32f4xx_adc.o(.ARM.exidx.text.adc_sync_dma_request_after_last_disable), (8 bytes).
    Removing gd32f4xx_adc.o(.text.adc_sync_routine_data_read), (12 bytes).
    Removing gd32f4xx_adc.o(.ARM.exidx.text.adc_sync_routine_data_read), (8 bytes).
    Removing gd32f4xx_dma.o(.text), (0 bytes).
    Removing gd32f4xx_dma.o(.text.dma_deinit), (222 bytes).
    Removing gd32f4xx_dma.o(.ARM.exidx.text.dma_deinit), (8 bytes).
    Removing gd32f4xx_dma.o(.text.dma_single_data_para_struct_init), (48 bytes).
    Removing gd32f4xx_dma.o(.ARM.exidx.text.dma_single_data_para_struct_init), (8 bytes).
    Removing gd32f4xx_dma.o(.text.dma_multi_data_para_struct_init), (60 bytes).
    Removing gd32f4xx_dma.o(.ARM.exidx.text.dma_multi_data_para_struct_init), (8 bytes).
    Removing gd32f4xx_dma.o(.text.dma_single_data_mode_init), (372 bytes).
    Removing gd32f4xx_dma.o(.ARM.exidx.text.dma_single_data_mode_init), (8 bytes).
    Removing gd32f4xx_dma.o(.text.dma_multi_data_mode_init), (394 bytes).
    Removing gd32f4xx_dma.o(.ARM.exidx.text.dma_multi_data_mode_init), (8 bytes).
    Removing gd32f4xx_dma.o(.text.dma_periph_address_config), (32 bytes).
    Removing gd32f4xx_dma.o(.ARM.exidx.text.dma_periph_address_config), (8 bytes).
    Removing gd32f4xx_dma.o(.text.dma_memory_address_config), (66 bytes).
    Removing gd32f4xx_dma.o(.ARM.exidx.text.dma_memory_address_config), (8 bytes).
    Removing gd32f4xx_dma.o(.text.dma_transfer_number_config), (32 bytes).
    Removing gd32f4xx_dma.o(.ARM.exidx.text.dma_transfer_number_config), (8 bytes).
    Removing gd32f4xx_dma.o(.text.dma_transfer_number_get), (28 bytes).
    Removing gd32f4xx_dma.o(.ARM.exidx.text.dma_transfer_number_get), (8 bytes).
    Removing gd32f4xx_dma.o(.text.dma_priority_config), (66 bytes).
    Removing gd32f4xx_dma.o(.ARM.exidx.text.dma_priority_config), (8 bytes).
    Removing gd32f4xx_dma.o(.text.dma_memory_burst_beats_config), (66 bytes).
    Removing gd32f4xx_dma.o(.ARM.exidx.text.dma_memory_burst_beats_config), (8 bytes).
    Removing gd32f4xx_dma.o(.text.dma_periph_burst_beats_config), (66 bytes).
    Removing gd32f4xx_dma.o(.ARM.exidx.text.dma_periph_burst_beats_config), (8 bytes).
    Removing gd32f4xx_dma.o(.text.dma_memory_width_config), (66 bytes).
    Removing gd32f4xx_dma.o(.ARM.exidx.text.dma_memory_width_config), (8 bytes).
    Removing gd32f4xx_dma.o(.text.dma_periph_width_config), (66 bytes).
    Removing gd32f4xx_dma.o(.ARM.exidx.text.dma_periph_width_config), (8 bytes).
    Removing gd32f4xx_dma.o(.text.dma_memory_address_generation_config), (72 bytes).
    Removing gd32f4xx_dma.o(.ARM.exidx.text.dma_memory_address_generation_config), (8 bytes).
    Removing gd32f4xx_dma.o(.text.dma_peripheral_address_generation_config), (130 bytes).
    Removing gd32f4xx_dma.o(.ARM.exidx.text.dma_peripheral_address_generation_config), (8 bytes).
    Removing gd32f4xx_dma.o(.text.dma_circulation_enable), (34 bytes).
    Removing gd32f4xx_dma.o(.ARM.exidx.text.dma_circulation_enable), (8 bytes).
    Removing gd32f4xx_dma.o(.text.dma_circulation_disable), (34 bytes).
    Removing gd32f4xx_dma.o(.ARM.exidx.text.dma_circulation_disable), (8 bytes).
    Removing gd32f4xx_dma.o(.text.dma_channel_enable), (34 bytes).
    Removing gd32f4xx_dma.o(.ARM.exidx.text.dma_channel_enable), (8 bytes).
    Removing gd32f4xx_dma.o(.text.dma_channel_disable), (34 bytes).
    Removing gd32f4xx_dma.o(.ARM.exidx.text.dma_channel_disable), (8 bytes).
    Removing gd32f4xx_dma.o(.text.dma_transfer_direction_config), (70 bytes).
    Removing gd32f4xx_dma.o(.ARM.exidx.text.dma_transfer_direction_config), (8 bytes).
    Removing gd32f4xx_dma.o(.text.dma_switch_buffer_mode_config), (88 bytes).
    Removing gd32f4xx_dma.o(.ARM.exidx.text.dma_switch_buffer_mode_config), (8 bytes).
    Removing gd32f4xx_dma.o(.text.dma_using_memory_get), (50 bytes).
    Removing gd32f4xx_dma.o(.ARM.exidx.text.dma_using_memory_get), (8 bytes).
    Removing gd32f4xx_dma.o(.text.dma_channel_subperipheral_select), (72 bytes).
    Removing gd32f4xx_dma.o(.ARM.exidx.text.dma_channel_subperipheral_select), (8 bytes).
    Removing gd32f4xx_dma.o(.text.dma_flow_controller_config), (68 bytes).
    Removing gd32f4xx_dma.o(.ARM.exidx.text.dma_flow_controller_config), (8 bytes).
    Removing gd32f4xx_dma.o(.text.dma_switch_buffer_mode_enable), (74 bytes).
    Removing gd32f4xx_dma.o(.ARM.exidx.text.dma_switch_buffer_mode_enable), (8 bytes).
    Removing gd32f4xx_dma.o(.text.dma_fifo_status_get), (32 bytes).
    Removing gd32f4xx_dma.o(.ARM.exidx.text.dma_fifo_status_get), (8 bytes).
    Removing gd32f4xx_dma.o(.text.dma_flag_get), (134 bytes).
    Removing gd32f4xx_dma.o(.ARM.exidx.text.dma_flag_get), (8 bytes).
    Removing gd32f4xx_dma.o(.text.dma_flag_clear), (102 bytes).
    Removing gd32f4xx_dma.o(.ARM.exidx.text.dma_flag_clear), (8 bytes).
    Removing gd32f4xx_dma.o(.text.dma_interrupt_enable), (70 bytes).
    Removing gd32f4xx_dma.o(.ARM.exidx.text.dma_interrupt_enable), (8 bytes).
    Removing gd32f4xx_dma.o(.text.dma_interrupt_disable), (70 bytes).
    Removing gd32f4xx_dma.o(.ARM.exidx.text.dma_interrupt_disable), (8 bytes).
    Removing gd32f4xx_dma.o(.text.dma_interrupt_flag_get), (734 bytes).
    Removing gd32f4xx_dma.o(.ARM.exidx.text.dma_interrupt_flag_get), (8 bytes).
    Removing gd32f4xx_dma.o(.text.dma_interrupt_flag_clear), (102 bytes).
    Removing gd32f4xx_dma.o(.ARM.exidx.text.dma_interrupt_flag_clear), (8 bytes).
    Removing gd32f4xx_exti.o(.text), (0 bytes).
    Removing gd32f4xx_exti.o(.text.exti_deinit), (54 bytes).
    Removing gd32f4xx_exti.o(.ARM.exidx.text.exti_deinit), (8 bytes).
    Removing gd32f4xx_exti.o(.text.exti_init), (266 bytes).
    Removing gd32f4xx_exti.o(.ARM.exidx.text.exti_init), (8 bytes).
    Removing gd32f4xx_exti.o(.text.exti_interrupt_enable), (24 bytes).
    Removing gd32f4xx_exti.o(.ARM.exidx.text.exti_interrupt_enable), (8 bytes).
    Removing gd32f4xx_exti.o(.text.exti_interrupt_disable), (24 bytes).
    Removing gd32f4xx_exti.o(.ARM.exidx.text.exti_interrupt_disable), (8 bytes).
    Removing gd32f4xx_exti.o(.text.exti_event_enable), (24 bytes).
    Removing gd32f4xx_exti.o(.ARM.exidx.text.exti_event_enable), (8 bytes).
    Removing gd32f4xx_exti.o(.text.exti_event_disable), (24 bytes).
    Removing gd32f4xx_exti.o(.ARM.exidx.text.exti_event_disable), (8 bytes).
    Removing gd32f4xx_exti.o(.text.exti_software_interrupt_enable), (24 bytes).
    Removing gd32f4xx_exti.o(.ARM.exidx.text.exti_software_interrupt_enable), (8 bytes).
    Removing gd32f4xx_exti.o(.text.exti_software_interrupt_disable), (24 bytes).
    Removing gd32f4xx_exti.o(.ARM.exidx.text.exti_software_interrupt_disable), (8 bytes).
    Removing gd32f4xx_exti.o(.text.exti_flag_get), (46 bytes).
    Removing gd32f4xx_exti.o(.ARM.exidx.text.exti_flag_get), (8 bytes).
    Removing gd32f4xx_exti.o(.text.exti_flag_clear), (20 bytes).
    Removing gd32f4xx_exti.o(.ARM.exidx.text.exti_flag_clear), (8 bytes).
    Removing gd32f4xx_exti.o(.text.exti_interrupt_flag_get), (46 bytes).
    Removing gd32f4xx_exti.o(.ARM.exidx.text.exti_interrupt_flag_get), (8 bytes).
    Removing gd32f4xx_exti.o(.text.exti_interrupt_flag_clear), (20 bytes).
    Removing gd32f4xx_exti.o(.ARM.exidx.text.exti_interrupt_flag_clear), (8 bytes).
    Removing gd32f4xx_gpio.o(.text), (0 bytes).
    Removing gd32f4xx_gpio.o(.text.gpio_deinit), (318 bytes).
    Removing gd32f4xx_gpio.o(.ARM.exidx.text.gpio_deinit), (8 bytes).
    Removing gd32f4xx_gpio.o(.text.gpio_mode_set), (156 bytes).
    Removing gd32f4xx_gpio.o(.ARM.exidx.text.gpio_mode_set), (8 bytes).
    Removing gd32f4xx_gpio.o(.text.gpio_output_options_set), (146 bytes).
    Removing gd32f4xx_gpio.o(.ARM.exidx.text.gpio_output_options_set), (8 bytes).
    Removing gd32f4xx_gpio.o(.text.gpio_bit_set), (16 bytes).
    Removing gd32f4xx_gpio.o(.ARM.exidx.text.gpio_bit_set), (8 bytes).
    Removing gd32f4xx_gpio.o(.text.gpio_bit_reset), (16 bytes).
    Removing gd32f4xx_gpio.o(.ARM.exidx.text.gpio_bit_reset), (8 bytes).
    Removing gd32f4xx_gpio.o(.text.gpio_bit_write), (38 bytes).
    Removing gd32f4xx_gpio.o(.ARM.exidx.text.gpio_bit_write), (8 bytes).
    Removing gd32f4xx_gpio.o(.text.gpio_port_write), (20 bytes).
    Removing gd32f4xx_gpio.o(.ARM.exidx.text.gpio_port_write), (8 bytes).
    Removing gd32f4xx_gpio.o(.text.gpio_input_bit_get), (42 bytes).
    Removing gd32f4xx_gpio.o(.ARM.exidx.text.gpio_input_bit_get), (8 bytes).
    Removing gd32f4xx_gpio.o(.text.gpio_input_port_get), (14 bytes).
    Removing gd32f4xx_gpio.o(.ARM.exidx.text.gpio_input_port_get), (8 bytes).
    Removing gd32f4xx_gpio.o(.text.gpio_output_bit_get), (42 bytes).
    Removing gd32f4xx_gpio.o(.ARM.exidx.text.gpio_output_bit_get), (8 bytes).
    Removing gd32f4xx_gpio.o(.text.gpio_output_port_get), (14 bytes).
    Removing gd32f4xx_gpio.o(.ARM.exidx.text.gpio_output_port_get), (8 bytes).
    Removing gd32f4xx_gpio.o(.text.gpio_af_set), (212 bytes).
    Removing gd32f4xx_gpio.o(.ARM.exidx.text.gpio_af_set), (8 bytes).
    Removing gd32f4xx_gpio.o(.text.gpio_pin_lock), (54 bytes).
    Removing gd32f4xx_gpio.o(.ARM.exidx.text.gpio_pin_lock), (8 bytes).
    Removing gd32f4xx_gpio.o(.text.gpio_bit_toggle), (16 bytes).
    Removing gd32f4xx_gpio.o(.ARM.exidx.text.gpio_bit_toggle), (8 bytes).
    Removing gd32f4xx_gpio.o(.text.gpio_port_toggle), (16 bytes).
    Removing gd32f4xx_gpio.o(.ARM.exidx.text.gpio_port_toggle), (8 bytes).
    Removing gd32f4xx_i2c.o(.text), (0 bytes).
    Removing gd32f4xx_i2c.o(.text.i2c_deinit), (116 bytes).
    Removing gd32f4xx_i2c.o(.ARM.exidx.text.i2c_deinit), (8 bytes).
    Removing gd32f4xx_i2c.o(.text.i2c_clock_config), (354 bytes).
    Removing gd32f4xx_i2c.o(.ARM.exidx.text.i2c_clock_config), (8 bytes).
    Removing gd32f4xx_i2c.o(.text.i2c_mode_addr_config), (64 bytes).
    Removing gd32f4xx_i2c.o(.ARM.exidx.text.i2c_mode_addr_config), (8 bytes).
    Removing gd32f4xx_i2c.o(.text.i2c_smbus_type_config), (42 bytes).
    Removing gd32f4xx_i2c.o(.ARM.exidx.text.i2c_smbus_type_config), (8 bytes).
    Removing gd32f4xx_i2c.o(.text.i2c_ack_config), (42 bytes).
    Removing gd32f4xx_i2c.o(.ARM.exidx.text.i2c_ack_config), (8 bytes).
    Removing gd32f4xx_i2c.o(.text.i2c_ackpos_config), (42 bytes).
    Removing gd32f4xx_i2c.o(.ARM.exidx.text.i2c_ackpos_config), (8 bytes).
    Removing gd32f4xx_i2c.o(.text.i2c_master_addressing), (46 bytes).
    Removing gd32f4xx_i2c.o(.ARM.exidx.text.i2c_master_addressing), (8 bytes).
    Removing gd32f4xx_i2c.o(.text.i2c_dualaddr_enable), (28 bytes).
    Removing gd32f4xx_i2c.o(.ARM.exidx.text.i2c_dualaddr_enable), (8 bytes).
    Removing gd32f4xx_i2c.o(.text.i2c_dualaddr_disable), (18 bytes).
    Removing gd32f4xx_i2c.o(.ARM.exidx.text.i2c_dualaddr_disable), (8 bytes).
    Removing gd32f4xx_i2c.o(.text.i2c_enable), (18 bytes).
    Removing gd32f4xx_i2c.o(.ARM.exidx.text.i2c_enable), (8 bytes).
    Removing gd32f4xx_i2c.o(.text.i2c_disable), (18 bytes).
    Removing gd32f4xx_i2c.o(.ARM.exidx.text.i2c_disable), (8 bytes).
    Removing gd32f4xx_i2c.o(.text.i2c_start_on_bus), (18 bytes).
    Removing gd32f4xx_i2c.o(.ARM.exidx.text.i2c_start_on_bus), (8 bytes).
    Removing gd32f4xx_i2c.o(.text.i2c_stop_on_bus), (18 bytes).
    Removing gd32f4xx_i2c.o(.ARM.exidx.text.i2c_stop_on_bus), (8 bytes).
    Removing gd32f4xx_i2c.o(.text.i2c_data_transmit), (20 bytes).
    Removing gd32f4xx_i2c.o(.ARM.exidx.text.i2c_data_transmit), (8 bytes).
    Removing gd32f4xx_i2c.o(.text.i2c_data_receive), (14 bytes).
    Removing gd32f4xx_i2c.o(.ARM.exidx.text.i2c_data_receive), (8 bytes).
    Removing gd32f4xx_i2c.o(.text.i2c_dma_config), (42 bytes).
    Removing gd32f4xx_i2c.o(.ARM.exidx.text.i2c_dma_config), (8 bytes).
    Removing gd32f4xx_i2c.o(.text.i2c_dma_last_transfer_config), (42 bytes).
    Removing gd32f4xx_i2c.o(.ARM.exidx.text.i2c_dma_last_transfer_config), (8 bytes).
    Removing gd32f4xx_i2c.o(.text.i2c_stretch_scl_low_config), (42 bytes).
    Removing gd32f4xx_i2c.o(.ARM.exidx.text.i2c_stretch_scl_low_config), (8 bytes).
    Removing gd32f4xx_i2c.o(.text.i2c_slave_response_to_gcall_config), (42 bytes).
    Removing gd32f4xx_i2c.o(.ARM.exidx.text.i2c_slave_response_to_gcall_config), (8 bytes).
    Removing gd32f4xx_i2c.o(.text.i2c_software_reset_config), (42 bytes).
    Removing gd32f4xx_i2c.o(.ARM.exidx.text.i2c_software_reset_config), (8 bytes).
    Removing gd32f4xx_i2c.o(.text.i2c_pec_config), (42 bytes).
    Removing gd32f4xx_i2c.o(.ARM.exidx.text.i2c_pec_config), (8 bytes).
    Removing gd32f4xx_i2c.o(.text.i2c_pec_transfer_config), (42 bytes).
    Removing gd32f4xx_i2c.o(.ARM.exidx.text.i2c_pec_transfer_config), (8 bytes).
    Removing gd32f4xx_i2c.o(.text.i2c_pec_value_get), (16 bytes).
    Removing gd32f4xx_i2c.o(.ARM.exidx.text.i2c_pec_value_get), (8 bytes).
    Removing gd32f4xx_i2c.o(.text.i2c_smbus_alert_config), (42 bytes).
    Removing gd32f4xx_i2c.o(.ARM.exidx.text.i2c_smbus_alert_config), (8 bytes).
    Removing gd32f4xx_i2c.o(.text.i2c_smbus_arp_config), (42 bytes).
    Removing gd32f4xx_i2c.o(.ARM.exidx.text.i2c_smbus_arp_config), (8 bytes).
    Removing gd32f4xx_i2c.o(.text.i2c_analog_noise_filter_disable), (18 bytes).
    Removing gd32f4xx_i2c.o(.ARM.exidx.text.i2c_analog_noise_filter_disable), (8 bytes).
    Removing gd32f4xx_i2c.o(.text.i2c_analog_noise_filter_enable), (18 bytes).
    Removing gd32f4xx_i2c.o(.ARM.exidx.text.i2c_analog_noise_filter_enable), (8 bytes).
    Removing gd32f4xx_i2c.o(.text.i2c_digital_noise_filter_config), (24 bytes).
    Removing gd32f4xx_i2c.o(.ARM.exidx.text.i2c_digital_noise_filter_config), (8 bytes).
    Removing gd32f4xx_i2c.o(.text.i2c_sam_enable), (22 bytes).
    Removing gd32f4xx_i2c.o(.ARM.exidx.text.i2c_sam_enable), (8 bytes).
    Removing gd32f4xx_i2c.o(.text.i2c_sam_disable), (22 bytes).
    Removing gd32f4xx_i2c.o(.ARM.exidx.text.i2c_sam_disable), (8 bytes).
    Removing gd32f4xx_i2c.o(.text.i2c_sam_timeout_enable), (22 bytes).
    Removing gd32f4xx_i2c.o(.ARM.exidx.text.i2c_sam_timeout_enable), (8 bytes).
    Removing gd32f4xx_i2c.o(.text.i2c_sam_timeout_disable), (22 bytes).
    Removing gd32f4xx_i2c.o(.ARM.exidx.text.i2c_sam_timeout_disable), (8 bytes).
    Removing gd32f4xx_i2c.o(.text.i2c_flag_get), (58 bytes).
    Removing gd32f4xx_i2c.o(.ARM.exidx.text.i2c_flag_get), (8 bytes).
    Removing gd32f4xx_i2c.o(.text.i2c_flag_clear), (62 bytes).
    Removing gd32f4xx_i2c.o(.ARM.exidx.text.i2c_flag_clear), (8 bytes).
    Removing gd32f4xx_i2c.o(.text.i2c_interrupt_enable), (36 bytes).
    Removing gd32f4xx_i2c.o(.ARM.exidx.text.i2c_interrupt_enable), (8 bytes).
    Removing gd32f4xx_i2c.o(.text.i2c_interrupt_disable), (36 bytes).
    Removing gd32f4xx_i2c.o(.ARM.exidx.text.i2c_interrupt_disable), (8 bytes).
    Removing gd32f4xx_i2c.o(.text.i2c_interrupt_flag_get), (162 bytes).
    Removing gd32f4xx_i2c.o(.ARM.exidx.text.i2c_interrupt_flag_get), (8 bytes).
    Removing gd32f4xx_i2c.o(.text.i2c_interrupt_flag_clear), (60 bytes).
    Removing gd32f4xx_i2c.o(.ARM.exidx.text.i2c_interrupt_flag_clear), (8 bytes).
    Removing gd32f4xx_misc.o(.text), (0 bytes).
    Removing gd32f4xx_misc.o(.ARM.exidx.text.nvic_priority_group_set), (8 bytes).
    Removing gd32f4xx_misc.o(.text.nvic_irq_enable), (296 bytes).
    Removing gd32f4xx_misc.o(.ARM.exidx.text.nvic_irq_enable), (8 bytes).
    Removing gd32f4xx_misc.o(.text.nvic_irq_disable), (38 bytes).
    Removing gd32f4xx_misc.o(.ARM.exidx.text.nvic_irq_disable), (8 bytes).
    Removing gd32f4xx_misc.o(.text.nvic_vector_table_set), (40 bytes).
    Removing gd32f4xx_misc.o(.ARM.exidx.text.nvic_vector_table_set), (8 bytes).
    Removing gd32f4xx_misc.o(.text.system_lowpower_set), (28 bytes).
    Removing gd32f4xx_misc.o(.ARM.exidx.text.system_lowpower_set), (8 bytes).
    Removing gd32f4xx_misc.o(.text.system_lowpower_reset), (28 bytes).
    Removing gd32f4xx_misc.o(.ARM.exidx.text.system_lowpower_reset), (8 bytes).
    Removing gd32f4xx_misc.o(.text.systick_clksource_set), (52 bytes).
    Removing gd32f4xx_misc.o(.ARM.exidx.text.systick_clksource_set), (8 bytes).
    Removing gd32f4xx_pmu.o(.text), (0 bytes).
    Removing gd32f4xx_pmu.o(.text.pmu_deinit), (24 bytes).
    Removing gd32f4xx_pmu.o(.ARM.exidx.text.pmu_deinit), (8 bytes).
    Removing gd32f4xx_pmu.o(.text.pmu_lvd_select), (48 bytes).
    Removing gd32f4xx_pmu.o(.ARM.exidx.text.pmu_lvd_select), (8 bytes).
    Removing gd32f4xx_pmu.o(.text.pmu_lvd_disable), (18 bytes).
    Removing gd32f4xx_pmu.o(.ARM.exidx.text.pmu_lvd_disable), (8 bytes).
    Removing gd32f4xx_pmu.o(.text.pmu_ldo_output_select), (32 bytes).
    Removing gd32f4xx_pmu.o(.ARM.exidx.text.pmu_ldo_output_select), (8 bytes).
    Removing gd32f4xx_pmu.o(.text.pmu_highdriver_mode_enable), (18 bytes).
    Removing gd32f4xx_pmu.o(.ARM.exidx.text.pmu_highdriver_mode_enable), (8 bytes).
    Removing gd32f4xx_pmu.o(.text.pmu_highdriver_mode_disable), (18 bytes).
    Removing gd32f4xx_pmu.o(.ARM.exidx.text.pmu_highdriver_mode_disable), (8 bytes).
    Removing gd32f4xx_pmu.o(.text.pmu_highdriver_switch_select), (52 bytes).
    Removing gd32f4xx_pmu.o(.ARM.exidx.text.pmu_highdriver_switch_select), (8 bytes).
    Removing gd32f4xx_pmu.o(.text.pmu_flag_get), (46 bytes).
    Removing gd32f4xx_pmu.o(.ARM.exidx.text.pmu_flag_get), (8 bytes).
    Removing gd32f4xx_pmu.o(.text.pmu_lowdriver_mode_enable), (18 bytes).
    Removing gd32f4xx_pmu.o(.ARM.exidx.text.pmu_lowdriver_mode_enable), (8 bytes).
    Removing gd32f4xx_pmu.o(.text.pmu_lowdriver_mode_disable), (18 bytes).
    Removing gd32f4xx_pmu.o(.ARM.exidx.text.pmu_lowdriver_mode_disable), (8 bytes).
    Removing gd32f4xx_pmu.o(.text.pmu_lowpower_driver_config), (32 bytes).
    Removing gd32f4xx_pmu.o(.ARM.exidx.text.pmu_lowpower_driver_config), (8 bytes).
    Removing gd32f4xx_pmu.o(.text.pmu_normalpower_driver_config), (32 bytes).
    Removing gd32f4xx_pmu.o(.ARM.exidx.text.pmu_normalpower_driver_config), (8 bytes).
    Removing gd32f4xx_pmu.o(.text.pmu_to_sleepmode), (42 bytes).
    Removing gd32f4xx_pmu.o(.ARM.exidx.text.pmu_to_sleepmode), (8 bytes).
    Removing gd32f4xx_pmu.o(.text.pmu_to_deepsleepmode), (336 bytes).
    Removing gd32f4xx_pmu.o(.ARM.exidx.text.pmu_to_deepsleepmode), (8 bytes).
    Removing gd32f4xx_pmu.o(.text.pmu_to_standbymode), (116 bytes).
    Removing gd32f4xx_pmu.o(.ARM.exidx.text.pmu_to_standbymode), (8 bytes).
    Removing gd32f4xx_pmu.o(.text.pmu_wakeup_pin_enable), (18 bytes).
    Removing gd32f4xx_pmu.o(.ARM.exidx.text.pmu_wakeup_pin_enable), (8 bytes).
    Removing gd32f4xx_pmu.o(.text.pmu_wakeup_pin_disable), (18 bytes).
    Removing gd32f4xx_pmu.o(.ARM.exidx.text.pmu_wakeup_pin_disable), (8 bytes).
    Removing gd32f4xx_pmu.o(.text.pmu_backup_ldo_config), (32 bytes).
    Removing gd32f4xx_pmu.o(.ARM.exidx.text.pmu_backup_ldo_config), (8 bytes).
    Removing gd32f4xx_pmu.o(.text.pmu_backup_write_enable), (18 bytes).
    Removing gd32f4xx_pmu.o(.ARM.exidx.text.pmu_backup_write_enable), (8 bytes).
    Removing gd32f4xx_pmu.o(.text.pmu_backup_write_disable), (18 bytes).
    Removing gd32f4xx_pmu.o(.ARM.exidx.text.pmu_backup_write_disable), (8 bytes).
    Removing gd32f4xx_pmu.o(.text.pmu_flag_clear), (62 bytes).
    Removing gd32f4xx_pmu.o(.ARM.exidx.text.pmu_flag_clear), (8 bytes).
    Removing gd32f4xx_pmu.o(.bss.pmu_to_deepsleepmode.reg_snap), (16 bytes).
    Removing gd32f4xx_rcu.o(.text), (0 bytes).
    Removing gd32f4xx_rcu.o(.text.rcu_deinit), (164 bytes).
    Removing gd32f4xx_rcu.o(.ARM.exidx.text.rcu_deinit), (8 bytes).
    Removing gd32f4xx_rcu.o(.text.rcu_osci_stab_wait), (754 bytes).
    Removing gd32f4xx_rcu.o(.ARM.exidx.text.rcu_osci_stab_wait), (8 bytes).
    Removing gd32f4xx_rcu.o(.text.rcu_periph_clock_enable), (40 bytes).
    Removing gd32f4xx_rcu.o(.ARM.exidx.text.rcu_periph_clock_enable), (8 bytes).
    Removing gd32f4xx_rcu.o(.text.rcu_periph_clock_disable), (40 bytes).
    Removing gd32f4xx_rcu.o(.ARM.exidx.text.rcu_periph_clock_disable), (8 bytes).
    Removing gd32f4xx_rcu.o(.text.rcu_periph_clock_sleep_enable), (40 bytes).
    Removing gd32f4xx_rcu.o(.ARM.exidx.text.rcu_periph_clock_sleep_enable), (8 bytes).
    Removing gd32f4xx_rcu.o(.text.rcu_periph_clock_sleep_disable), (40 bytes).
    Removing gd32f4xx_rcu.o(.ARM.exidx.text.rcu_periph_clock_sleep_disable), (8 bytes).
    Removing gd32f4xx_rcu.o(.text.rcu_periph_reset_enable), (40 bytes).
    Removing gd32f4xx_rcu.o(.ARM.exidx.text.rcu_periph_reset_enable), (8 bytes).
    Removing gd32f4xx_rcu.o(.text.rcu_periph_reset_disable), (40 bytes).
    Removing gd32f4xx_rcu.o(.ARM.exidx.text.rcu_periph_reset_disable), (8 bytes).
    Removing gd32f4xx_rcu.o(.text.rcu_bkp_reset_enable), (18 bytes).
    Removing gd32f4xx_rcu.o(.ARM.exidx.text.rcu_bkp_reset_enable), (8 bytes).
    Removing gd32f4xx_rcu.o(.text.rcu_bkp_reset_disable), (18 bytes).
    Removing gd32f4xx_rcu.o(.ARM.exidx.text.rcu_bkp_reset_disable), (8 bytes).
    Removing gd32f4xx_rcu.o(.text.rcu_system_clock_source_config), (36 bytes).
    Removing gd32f4xx_rcu.o(.ARM.exidx.text.rcu_system_clock_source_config), (8 bytes).
    Removing gd32f4xx_rcu.o(.text.rcu_system_clock_source_get), (16 bytes).
    Removing gd32f4xx_rcu.o(.ARM.exidx.text.rcu_system_clock_source_get), (8 bytes).
    Removing gd32f4xx_rcu.o(.text.rcu_ahb_clock_config), (36 bytes).
    Removing gd32f4xx_rcu.o(.ARM.exidx.text.rcu_ahb_clock_config), (8 bytes).
    Removing gd32f4xx_rcu.o(.text.rcu_apb1_clock_config), (36 bytes).
    Removing gd32f4xx_rcu.o(.ARM.exidx.text.rcu_apb1_clock_config), (8 bytes).
    Removing gd32f4xx_rcu.o(.text.rcu_apb2_clock_config), (36 bytes).
    Removing gd32f4xx_rcu.o(.ARM.exidx.text.rcu_apb2_clock_config), (8 bytes).
    Removing gd32f4xx_rcu.o(.text.rcu_ckout0_config), (42 bytes).
    Removing gd32f4xx_rcu.o(.ARM.exidx.text.rcu_ckout0_config), (8 bytes).
    Removing gd32f4xx_rcu.o(.text.rcu_ckout1_config), (42 bytes).
    Removing gd32f4xx_rcu.o(.ARM.exidx.text.rcu_ckout1_config), (8 bytes).
    Removing gd32f4xx_rcu.o(.text.rcu_pll_config), (228 bytes).
    Removing gd32f4xx_rcu.o(.ARM.exidx.text.rcu_pll_config), (8 bytes).
    Removing gd32f4xx_rcu.o(.text.rcu_plli2s_config), (86 bytes).
    Removing gd32f4xx_rcu.o(.ARM.exidx.text.rcu_plli2s_config), (8 bytes).
    Removing gd32f4xx_rcu.o(.text.rcu_pllsai_config), (136 bytes).
    Removing gd32f4xx_rcu.o(.ARM.exidx.text.rcu_pllsai_config), (8 bytes).
    Removing gd32f4xx_rcu.o(.text.rcu_rtc_clock_config), (36 bytes).
    Removing gd32f4xx_rcu.o(.ARM.exidx.text.rcu_rtc_clock_config), (8 bytes).
    Removing gd32f4xx_rcu.o(.text.rcu_rtc_div_config), (36 bytes).
    Removing gd32f4xx_rcu.o(.ARM.exidx.text.rcu_rtc_div_config), (8 bytes).
    Removing gd32f4xx_rcu.o(.text.rcu_i2s_clock_config), (36 bytes).
    Removing gd32f4xx_rcu.o(.ARM.exidx.text.rcu_i2s_clock_config), (8 bytes).
    Removing gd32f4xx_rcu.o(.text.rcu_ck48m_clock_config), (36 bytes).
    Removing gd32f4xx_rcu.o(.ARM.exidx.text.rcu_ck48m_clock_config), (8 bytes).
    Removing gd32f4xx_rcu.o(.text.rcu_pll48m_clock_config), (36 bytes).
    Removing gd32f4xx_rcu.o(.ARM.exidx.text.rcu_pll48m_clock_config), (8 bytes).
    Removing gd32f4xx_rcu.o(.text.rcu_timer_clock_prescaler_config), (56 bytes).
    Removing gd32f4xx_rcu.o(.ARM.exidx.text.rcu_timer_clock_prescaler_config), (8 bytes).
    Removing gd32f4xx_rcu.o(.text.rcu_tli_clock_div_config), (36 bytes).
    Removing gd32f4xx_rcu.o(.ARM.exidx.text.rcu_tli_clock_div_config), (8 bytes).
    Removing gd32f4xx_rcu.o(.text.rcu_lxtal_drive_capability_config), (36 bytes).
    Removing gd32f4xx_rcu.o(.ARM.exidx.text.rcu_lxtal_drive_capability_config), (8 bytes).
    Removing gd32f4xx_rcu.o(.text.rcu_flag_get), (62 bytes).
    Removing gd32f4xx_rcu.o(.ARM.exidx.text.rcu_flag_get), (8 bytes).
    Removing gd32f4xx_rcu.o(.text.rcu_osci_on), (40 bytes).
    Removing gd32f4xx_rcu.o(.ARM.exidx.text.rcu_osci_on), (8 bytes).
    Removing gd32f4xx_rcu.o(.text.rcu_osci_off), (40 bytes).
    Removing gd32f4xx_rcu.o(.ARM.exidx.text.rcu_osci_off), (8 bytes).
    Removing gd32f4xx_rcu.o(.text.rcu_osci_bypass_mode_enable), (152 bytes).
    Removing gd32f4xx_rcu.o(.ARM.exidx.text.rcu_osci_bypass_mode_enable), (8 bytes).
    Removing gd32f4xx_rcu.o(.text.rcu_osci_bypass_mode_disable), (152 bytes).
    Removing gd32f4xx_rcu.o(.ARM.exidx.text.rcu_osci_bypass_mode_disable), (8 bytes).
    Removing gd32f4xx_rcu.o(.text.rcu_irc16m_adjust_value_set), (42 bytes).
    Removing gd32f4xx_rcu.o(.ARM.exidx.text.rcu_irc16m_adjust_value_set), (8 bytes).
    Removing gd32f4xx_rcu.o(.text.rcu_spread_spectrum_config), (50 bytes).
    Removing gd32f4xx_rcu.o(.ARM.exidx.text.rcu_spread_spectrum_config), (8 bytes).
    Removing gd32f4xx_rcu.o(.text.rcu_spread_spectrum_enable), (18 bytes).
    Removing gd32f4xx_rcu.o(.ARM.exidx.text.rcu_spread_spectrum_enable), (8 bytes).
    Removing gd32f4xx_rcu.o(.text.rcu_spread_spectrum_disable), (18 bytes).
    Removing gd32f4xx_rcu.o(.ARM.exidx.text.rcu_spread_spectrum_disable), (8 bytes).
    Removing gd32f4xx_rcu.o(.text.rcu_hxtal_clock_monitor_enable), (18 bytes).
    Removing gd32f4xx_rcu.o(.ARM.exidx.text.rcu_hxtal_clock_monitor_enable), (8 bytes).
    Removing gd32f4xx_rcu.o(.text.rcu_hxtal_clock_monitor_disable), (18 bytes).
    Removing gd32f4xx_rcu.o(.ARM.exidx.text.rcu_hxtal_clock_monitor_disable), (8 bytes).
    Removing gd32f4xx_rcu.o(.text.rcu_voltage_key_unlock), (20 bytes).
    Removing gd32f4xx_rcu.o(.ARM.exidx.text.rcu_voltage_key_unlock), (8 bytes).
    Removing gd32f4xx_rcu.o(.text.rcu_deepsleep_voltage_set), (28 bytes).
    Removing gd32f4xx_rcu.o(.ARM.exidx.text.rcu_deepsleep_voltage_set), (8 bytes).
    Removing gd32f4xx_rcu.o(.text.rcu_clock_freq_get), (354 bytes).
    Removing gd32f4xx_rcu.o(.ARM.exidx.text.rcu_clock_freq_get), (8 bytes).
    Removing gd32f4xx_rcu.o(.text.rcu_all_reset_flag_clear), (18 bytes).
    Removing gd32f4xx_rcu.o(.ARM.exidx.text.rcu_all_reset_flag_clear), (8 bytes).
    Removing gd32f4xx_rcu.o(.text.rcu_interrupt_flag_get), (62 bytes).
    Removing gd32f4xx_rcu.o(.ARM.exidx.text.rcu_interrupt_flag_get), (8 bytes).
    Removing gd32f4xx_rcu.o(.text.rcu_interrupt_flag_clear), (40 bytes).
    Removing gd32f4xx_rcu.o(.ARM.exidx.text.rcu_interrupt_flag_clear), (8 bytes).
    Removing gd32f4xx_rcu.o(.text.rcu_interrupt_enable), (40 bytes).
    Removing gd32f4xx_rcu.o(.ARM.exidx.text.rcu_interrupt_enable), (8 bytes).
    Removing gd32f4xx_rcu.o(.text.rcu_interrupt_disable), (40 bytes).
    Removing gd32f4xx_rcu.o(.ARM.exidx.text.rcu_interrupt_disable), (8 bytes).
    Removing gd32f4xx_rcu.o(.rodata.cst16), (16 bytes).
    Removing gd32f4xx_rcu.o(.rodata.cst8), (16 bytes).
    Removing gd32f4xx_rtc.o(.text), (0 bytes).
    Removing gd32f4xx_rtc.o(.text.rtc_deinit), (332 bytes).
    Removing gd32f4xx_rtc.o(.ARM.exidx.text.rtc_deinit), (8 bytes).
    Removing gd32f4xx_rtc.o(.text.rtc_init_mode_enter), (138 bytes).
    Removing gd32f4xx_rtc.o(.ARM.exidx.text.rtc_init_mode_enter), (8 bytes).
    Removing gd32f4xx_rtc.o(.text.rtc_register_sync_wait), (166 bytes).
    Removing gd32f4xx_rtc.o(.ARM.exidx.text.rtc_register_sync_wait), (8 bytes).
    Removing gd32f4xx_rtc.o(.text.rtc_init), (228 bytes).
    Removing gd32f4xx_rtc.o(.ARM.exidx.text.rtc_init), (8 bytes).
    Removing gd32f4xx_rtc.o(.text.rtc_init_mode_exit), (18 bytes).
    Removing gd32f4xx_rtc.o(.ARM.exidx.text.rtc_init_mode_exit), (8 bytes).
    Removing gd32f4xx_rtc.o(.text.rtc_current_time_get), (174 bytes).
    Removing gd32f4xx_rtc.o(.ARM.exidx.text.rtc_current_time_get), (8 bytes).
    Removing gd32f4xx_rtc.o(.text.rtc_subsecond_get), (34 bytes).
    Removing gd32f4xx_rtc.o(.ARM.exidx.text.rtc_subsecond_get), (8 bytes).
    Removing gd32f4xx_rtc.o(.text.rtc_alarm_config), (134 bytes).
    Removing gd32f4xx_rtc.o(.ARM.exidx.text.rtc_alarm_config), (8 bytes).
    Removing gd32f4xx_rtc.o(.text.rtc_alarm_subsecond_config), (88 bytes).
    Removing gd32f4xx_rtc.o(.ARM.exidx.text.rtc_alarm_subsecond_config), (8 bytes).
    Removing gd32f4xx_rtc.o(.text.rtc_alarm_get), (124 bytes).
    Removing gd32f4xx_rtc.o(.ARM.exidx.text.rtc_alarm_get), (8 bytes).
    Removing gd32f4xx_rtc.o(.text.rtc_alarm_subsecond_get), (58 bytes).
    Removing gd32f4xx_rtc.o(.ARM.exidx.text.rtc_alarm_subsecond_get), (8 bytes).
    Removing gd32f4xx_rtc.o(.text.rtc_alarm_enable), (84 bytes).
    Removing gd32f4xx_rtc.o(.ARM.exidx.text.rtc_alarm_enable), (8 bytes).
    Removing gd32f4xx_rtc.o(.text.rtc_alarm_disable), (228 bytes).
    Removing gd32f4xx_rtc.o(.ARM.exidx.text.rtc_alarm_disable), (8 bytes).
    Removing gd32f4xx_rtc.o(.text.rtc_timestamp_enable), (66 bytes).
    Removing gd32f4xx_rtc.o(.ARM.exidx.text.rtc_timestamp_enable), (8 bytes).
    Removing gd32f4xx_rtc.o(.text.rtc_timestamp_disable), (38 bytes).
    Removing gd32f4xx_rtc.o(.ARM.exidx.text.rtc_timestamp_disable), (8 bytes).
    Removing gd32f4xx_rtc.o(.text.rtc_timestamp_get), (108 bytes).
    Removing gd32f4xx_rtc.o(.ARM.exidx.text.rtc_timestamp_get), (8 bytes).
    Removing gd32f4xx_rtc.o(.text.rtc_timestamp_subsecond_get), (12 bytes).
    Removing gd32f4xx_rtc.o(.ARM.exidx.text.rtc_timestamp_subsecond_get), (8 bytes).
    Removing gd32f4xx_rtc.o(.text.rtc_timestamp_pin_map), (32 bytes).
    Removing gd32f4xx_rtc.o(.ARM.exidx.text.rtc_timestamp_pin_map), (8 bytes).
    Removing gd32f4xx_rtc.o(.text.rtc_tamper_enable), (290 bytes).
    Removing gd32f4xx_rtc.o(.ARM.exidx.text.rtc_tamper_enable), (8 bytes).
    Removing gd32f4xx_rtc.o(.text.rtc_tamper_disable), (24 bytes).
    Removing gd32f4xx_rtc.o(.ARM.exidx.text.rtc_tamper_disable), (8 bytes).
    Removing gd32f4xx_rtc.o(.text.rtc_tamper0_pin_map), (32 bytes).
    Removing gd32f4xx_rtc.o(.ARM.exidx.text.rtc_tamper0_pin_map), (8 bytes).
    Removing gd32f4xx_rtc.o(.text.rtc_interrupt_enable), (68 bytes).
    Removing gd32f4xx_rtc.o(.ARM.exidx.text.rtc_interrupt_enable), (8 bytes).
    Removing gd32f4xx_rtc.o(.text.rtc_interrupt_disable), (74 bytes).
    Removing gd32f4xx_rtc.o(.ARM.exidx.text.rtc_interrupt_disable), (8 bytes).
    Removing gd32f4xx_rtc.o(.text.rtc_flag_get), (44 bytes).
    Removing gd32f4xx_rtc.o(.ARM.exidx.text.rtc_flag_get), (8 bytes).
    Removing gd32f4xx_rtc.o(.text.rtc_flag_clear), (24 bytes).
    Removing gd32f4xx_rtc.o(.ARM.exidx.text.rtc_flag_clear), (8 bytes).
    Removing gd32f4xx_rtc.o(.text.rtc_alarm_output_config), (82 bytes).
    Removing gd32f4xx_rtc.o(.ARM.exidx.text.rtc_alarm_output_config), (8 bytes).
    Removing gd32f4xx_rtc.o(.text.rtc_calibration_output_config), (52 bytes).
    Removing gd32f4xx_rtc.o(.ARM.exidx.text.rtc_calibration_output_config), (8 bytes).
    Removing gd32f4xx_rtc.o(.text.rtc_hour_adjust), (44 bytes).
    Removing gd32f4xx_rtc.o(.ARM.exidx.text.rtc_hour_adjust), (8 bytes).
    Removing gd32f4xx_rtc.o(.text.rtc_second_adjust), (174 bytes).
    Removing gd32f4xx_rtc.o(.ARM.exidx.text.rtc_second_adjust), (8 bytes).
    Removing gd32f4xx_rtc.o(.text.rtc_bypass_shadow_enable), (38 bytes).
    Removing gd32f4xx_rtc.o(.ARM.exidx.text.rtc_bypass_shadow_enable), (8 bytes).
    Removing gd32f4xx_rtc.o(.text.rtc_bypass_shadow_disable), (38 bytes).
    Removing gd32f4xx_rtc.o(.ARM.exidx.text.rtc_bypass_shadow_disable), (8 bytes).
    Removing gd32f4xx_rtc.o(.text.rtc_refclock_detection_enable), (84 bytes).
    Removing gd32f4xx_rtc.o(.ARM.exidx.text.rtc_refclock_detection_enable), (8 bytes).
    Removing gd32f4xx_rtc.o(.text.rtc_refclock_detection_disable), (84 bytes).
    Removing gd32f4xx_rtc.o(.ARM.exidx.text.rtc_refclock_detection_disable), (8 bytes).
    Removing gd32f4xx_rtc.o(.text.rtc_wakeup_enable), (38 bytes).
    Removing gd32f4xx_rtc.o(.ARM.exidx.text.rtc_wakeup_enable), (8 bytes).
    Removing gd32f4xx_rtc.o(.text.rtc_wakeup_disable), (146 bytes).
    Removing gd32f4xx_rtc.o(.ARM.exidx.text.rtc_wakeup_disable), (8 bytes).
    Removing gd32f4xx_rtc.o(.text.rtc_wakeup_clock_set), (160 bytes).
    Removing gd32f4xx_rtc.o(.ARM.exidx.text.rtc_wakeup_clock_set), (8 bytes).
    Removing gd32f4xx_rtc.o(.text.rtc_wakeup_timer_set), (148 bytes).
    Removing gd32f4xx_rtc.o(.ARM.exidx.text.rtc_wakeup_timer_set), (8 bytes).
    Removing gd32f4xx_rtc.o(.text.rtc_wakeup_timer_get), (14 bytes).
    Removing gd32f4xx_rtc.o(.ARM.exidx.text.rtc_wakeup_timer_get), (8 bytes).
    Removing gd32f4xx_rtc.o(.text.rtc_smooth_calibration_config), (152 bytes).
    Removing gd32f4xx_rtc.o(.ARM.exidx.text.rtc_smooth_calibration_config), (8 bytes).
    Removing gd32f4xx_rtc.o(.text.rtc_coarse_calibration_enable), (84 bytes).
    Removing gd32f4xx_rtc.o(.ARM.exidx.text.rtc_coarse_calibration_enable), (8 bytes).
    Removing gd32f4xx_rtc.o(.text.rtc_coarse_calibration_disable), (84 bytes).
    Removing gd32f4xx_rtc.o(.ARM.exidx.text.rtc_coarse_calibration_disable), (8 bytes).
    Removing gd32f4xx_rtc.o(.text.rtc_coarse_calibration_config), (152 bytes).
    Removing gd32f4xx_rtc.o(.ARM.exidx.text.rtc_coarse_calibration_config), (8 bytes).
    Removing gd32f4xx_spi.o(.text), (0 bytes).
    Removing gd32f4xx_spi.o(.text.spi_i2s_deinit), (218 bytes).
    Removing gd32f4xx_spi.o(.ARM.exidx.text.spi_i2s_deinit), (8 bytes).
    Removing gd32f4xx_spi.o(.text.spi_struct_para_init), (38 bytes).
    Removing gd32f4xx_spi.o(.ARM.exidx.text.spi_struct_para_init), (8 bytes).
    Removing gd32f4xx_spi.o(.text.spi_init), (114 bytes).
    Removing gd32f4xx_spi.o(.ARM.exidx.text.spi_init), (8 bytes).
    Removing gd32f4xx_spi.o(.text.spi_enable), (18 bytes).
    Removing gd32f4xx_spi.o(.ARM.exidx.text.spi_enable), (8 bytes).
    Removing gd32f4xx_spi.o(.text.spi_disable), (18 bytes).
    Removing gd32f4xx_spi.o(.ARM.exidx.text.spi_disable), (8 bytes).
    Removing gd32f4xx_spi.o(.text.i2s_init), (72 bytes).
    Removing gd32f4xx_spi.o(.ARM.exidx.text.i2s_init), (8 bytes).
    Removing gd32f4xx_spi.o(.text.i2s_psc_config), (364 bytes).
    Removing gd32f4xx_spi.o(.ARM.exidx.text.i2s_psc_config), (8 bytes).
    Removing gd32f4xx_spi.o(.text.i2s_enable), (18 bytes).
    Removing gd32f4xx_spi.o(.ARM.exidx.text.i2s_enable), (8 bytes).
    Removing gd32f4xx_spi.o(.text.i2s_disable), (18 bytes).
    Removing gd32f4xx_spi.o(.ARM.exidx.text.i2s_disable), (8 bytes).
    Removing gd32f4xx_spi.o(.text.spi_nss_output_enable), (18 bytes).
    Removing gd32f4xx_spi.o(.ARM.exidx.text.spi_nss_output_enable), (8 bytes).
    Removing gd32f4xx_spi.o(.text.spi_nss_output_disable), (18 bytes).
    Removing gd32f4xx_spi.o(.ARM.exidx.text.spi_nss_output_disable), (8 bytes).
    Removing gd32f4xx_spi.o(.text.spi_nss_internal_high), (18 bytes).
    Removing gd32f4xx_spi.o(.ARM.exidx.text.spi_nss_internal_high), (8 bytes).
    Removing gd32f4xx_spi.o(.text.spi_nss_internal_low), (18 bytes).
    Removing gd32f4xx_spi.o(.ARM.exidx.text.spi_nss_internal_low), (8 bytes).
    Removing gd32f4xx_spi.o(.text.spi_dma_enable), (44 bytes).
    Removing gd32f4xx_spi.o(.ARM.exidx.text.spi_dma_enable), (8 bytes).
    Removing gd32f4xx_spi.o(.text.spi_dma_disable), (44 bytes).
    Removing gd32f4xx_spi.o(.ARM.exidx.text.spi_dma_disable), (8 bytes).
    Removing gd32f4xx_spi.o(.text.spi_i2s_data_frame_format_config), (34 bytes).
    Removing gd32f4xx_spi.o(.ARM.exidx.text.spi_i2s_data_frame_format_config), (8 bytes).
    Removing gd32f4xx_spi.o(.text.spi_i2s_data_transmit), (20 bytes).
    Removing gd32f4xx_spi.o(.ARM.exidx.text.spi_i2s_data_transmit), (8 bytes).
    Removing gd32f4xx_spi.o(.text.spi_i2s_data_receive), (14 bytes).
    Removing gd32f4xx_spi.o(.ARM.exidx.text.spi_i2s_data_receive), (8 bytes).
    Removing gd32f4xx_spi.o(.text.spi_bidirectional_transfer_config), (44 bytes).
    Removing gd32f4xx_spi.o(.ARM.exidx.text.spi_bidirectional_transfer_config), (8 bytes).
    Removing gd32f4xx_spi.o(.text.i2s_full_duplex_mode_config), (114 bytes).
    Removing gd32f4xx_spi.o(.ARM.exidx.text.i2s_full_duplex_mode_config), (8 bytes).
    Removing gd32f4xx_spi.o(.text.spi_i2s_format_error_clear), (18 bytes).
    Removing gd32f4xx_spi.o(.ARM.exidx.text.spi_i2s_format_error_clear), (8 bytes).
    Removing gd32f4xx_spi.o(.text.spi_crc_polynomial_set), (20 bytes).
    Removing gd32f4xx_spi.o(.ARM.exidx.text.spi_crc_polynomial_set), (8 bytes).
    Removing gd32f4xx_spi.o(.text.spi_crc_polynomial_get), (14 bytes).
    Removing gd32f4xx_spi.o(.ARM.exidx.text.spi_crc_polynomial_get), (8 bytes).
    Removing gd32f4xx_spi.o(.text.spi_crc_on), (18 bytes).
    Removing gd32f4xx_spi.o(.ARM.exidx.text.spi_crc_on), (8 bytes).
    Removing gd32f4xx_spi.o(.text.spi_crc_off), (18 bytes).
    Removing gd32f4xx_spi.o(.ARM.exidx.text.spi_crc_off), (8 bytes).
    Removing gd32f4xx_spi.o(.text.spi_crc_next), (18 bytes).
    Removing gd32f4xx_spi.o(.ARM.exidx.text.spi_crc_next), (8 bytes).
    Removing gd32f4xx_spi.o(.text.spi_crc_get), (44 bytes).
    Removing gd32f4xx_spi.o(.ARM.exidx.text.spi_crc_get), (8 bytes).
    Removing gd32f4xx_spi.o(.text.spi_crc_error_clear), (16 bytes).
    Removing gd32f4xx_spi.o(.ARM.exidx.text.spi_crc_error_clear), (8 bytes).
    Removing gd32f4xx_spi.o(.text.spi_ti_mode_enable), (18 bytes).
    Removing gd32f4xx_spi.o(.ARM.exidx.text.spi_ti_mode_enable), (8 bytes).
    Removing gd32f4xx_spi.o(.text.spi_ti_mode_disable), (18 bytes).
    Removing gd32f4xx_spi.o(.ARM.exidx.text.spi_ti_mode_disable), (8 bytes).
    Removing gd32f4xx_spi.o(.text.spi_quad_enable), (22 bytes).
    Removing gd32f4xx_spi.o(.ARM.exidx.text.spi_quad_enable), (8 bytes).
    Removing gd32f4xx_spi.o(.text.spi_quad_disable), (22 bytes).
    Removing gd32f4xx_spi.o(.ARM.exidx.text.spi_quad_disable), (8 bytes).
    Removing gd32f4xx_spi.o(.text.spi_quad_write_enable), (22 bytes).
    Removing gd32f4xx_spi.o(.ARM.exidx.text.spi_quad_write_enable), (8 bytes).
    Removing gd32f4xx_spi.o(.text.spi_quad_read_enable), (22 bytes).
    Removing gd32f4xx_spi.o(.ARM.exidx.text.spi_quad_read_enable), (8 bytes).
    Removing gd32f4xx_spi.o(.text.spi_quad_io23_output_enable), (22 bytes).
    Removing gd32f4xx_spi.o(.ARM.exidx.text.spi_quad_io23_output_enable), (8 bytes).
    Removing gd32f4xx_spi.o(.text.spi_quad_io23_output_disable), (22 bytes).
    Removing gd32f4xx_spi.o(.ARM.exidx.text.spi_quad_io23_output_disable), (8 bytes).
    Removing gd32f4xx_spi.o(.text.spi_i2s_flag_get), (42 bytes).
    Removing gd32f4xx_spi.o(.ARM.exidx.text.spi_i2s_flag_get), (8 bytes).
    Removing gd32f4xx_spi.o(.text.spi_i2s_interrupt_enable), (78 bytes).
    Removing gd32f4xx_spi.o(.ARM.exidx.text.spi_i2s_interrupt_enable), (8 bytes).
    Removing gd32f4xx_spi.o(.text.spi_i2s_interrupt_disable), (78 bytes).
    Removing gd32f4xx_spi.o(.ARM.exidx.text.spi_i2s_interrupt_disable), (8 bytes).
    Removing gd32f4xx_spi.o(.text.spi_i2s_interrupt_flag_get), (210 bytes).
    Removing gd32f4xx_spi.o(.ARM.exidx.text.spi_i2s_interrupt_flag_get), (8 bytes).
    Removing gd32f4xx_syscfg.o(.text), (0 bytes).
    Removing gd32f4xx_syscfg.o(.text.syscfg_deinit), (24 bytes).
    Removing gd32f4xx_syscfg.o(.ARM.exidx.text.syscfg_deinit), (8 bytes).
    Removing gd32f4xx_syscfg.o(.text.syscfg_bootmode_config), (36 bytes).
    Removing gd32f4xx_syscfg.o(.ARM.exidx.text.syscfg_bootmode_config), (8 bytes).
    Removing gd32f4xx_syscfg.o(.text.syscfg_fmc_swap_config), (36 bytes).
    Removing gd32f4xx_syscfg.o(.ARM.exidx.text.syscfg_fmc_swap_config), (8 bytes).
    Removing gd32f4xx_syscfg.o(.text.syscfg_exmc_swap_config), (36 bytes).
    Removing gd32f4xx_syscfg.o(.ARM.exidx.text.syscfg_exmc_swap_config), (8 bytes).
    Removing gd32f4xx_syscfg.o(.text.syscfg_exti_line_config), (180 bytes).
    Removing gd32f4xx_syscfg.o(.ARM.exidx.text.syscfg_exti_line_config), (8 bytes).
    Removing gd32f4xx_syscfg.o(.text.syscfg_enet_phy_interface_config), (36 bytes).
    Removing gd32f4xx_syscfg.o(.ARM.exidx.text.syscfg_enet_phy_interface_config), (8 bytes).
    Removing gd32f4xx_syscfg.o(.text.syscfg_compensation_config), (36 bytes).
    Removing gd32f4xx_syscfg.o(.ARM.exidx.text.syscfg_compensation_config), (8 bytes).
    Removing gd32f4xx_syscfg.o(.text.syscfg_flag_get), (44 bytes).
    Removing gd32f4xx_syscfg.o(.ARM.exidx.text.syscfg_flag_get), (8 bytes).
    Removing gd32f4xx_timer.o(.text), (0 bytes).
    Removing gd32f4xx_timer.o(.text.timer_deinit), (488 bytes).
    Removing gd32f4xx_timer.o(.ARM.exidx.text.timer_deinit), (8 bytes).
    Removing gd32f4xx_timer.o(.text.timer_struct_para_init), (38 bytes).
    Removing gd32f4xx_timer.o(.ARM.exidx.text.timer_struct_para_init), (8 bytes).
    Removing gd32f4xx_timer.o(.text.timer_init), (256 bytes).
    Removing gd32f4xx_timer.o(.ARM.exidx.text.timer_init), (8 bytes).
    Removing gd32f4xx_timer.o(.text.timer_enable), (18 bytes).
    Removing gd32f4xx_timer.o(.ARM.exidx.text.timer_enable), (8 bytes).
    Removing gd32f4xx_timer.o(.text.timer_disable), (18 bytes).
    Removing gd32f4xx_timer.o(.ARM.exidx.text.timer_disable), (8 bytes).
    Removing gd32f4xx_timer.o(.text.timer_auto_reload_shadow_enable), (18 bytes).
    Removing gd32f4xx_timer.o(.ARM.exidx.text.timer_auto_reload_shadow_enable), (8 bytes).
    Removing gd32f4xx_timer.o(.text.timer_auto_reload_shadow_disable), (18 bytes).
    Removing gd32f4xx_timer.o(.ARM.exidx.text.timer_auto_reload_shadow_disable), (8 bytes).
    Removing gd32f4xx_timer.o(.text.timer_update_event_enable), (18 bytes).
    Removing gd32f4xx_timer.o(.ARM.exidx.text.timer_update_event_enable), (8 bytes).
    Removing gd32f4xx_timer.o(.text.timer_update_event_disable), (18 bytes).
    Removing gd32f4xx_timer.o(.ARM.exidx.text.timer_update_event_disable), (8 bytes).
    Removing gd32f4xx_timer.o(.text.timer_counter_alignment), (34 bytes).
    Removing gd32f4xx_timer.o(.ARM.exidx.text.timer_counter_alignment), (8 bytes).
    Removing gd32f4xx_timer.o(.text.timer_counter_up_direction), (18 bytes).
    Removing gd32f4xx_timer.o(.ARM.exidx.text.timer_counter_up_direction), (8 bytes).
    Removing gd32f4xx_timer.o(.text.timer_counter_down_direction), (18 bytes).
    Removing gd32f4xx_timer.o(.ARM.exidx.text.timer_counter_down_direction), (8 bytes).
    Removing gd32f4xx_timer.o(.text.timer_prescaler_config), (44 bytes).
    Removing gd32f4xx_timer.o(.ARM.exidx.text.timer_prescaler_config), (8 bytes).
    Removing gd32f4xx_timer.o(.text.timer_repetition_value_config), (20 bytes).
    Removing gd32f4xx_timer.o(.ARM.exidx.text.timer_repetition_value_config), (8 bytes).
    Removing gd32f4xx_timer.o(.text.timer_autoreload_value_config), (16 bytes).
    Removing gd32f4xx_timer.o(.ARM.exidx.text.timer_autoreload_value_config), (8 bytes).
    Removing gd32f4xx_timer.o(.text.timer_counter_value_config), (16 bytes).
    Removing gd32f4xx_timer.o(.ARM.exidx.text.timer_counter_value_config), (8 bytes).
    Removing gd32f4xx_timer.o(.text.timer_counter_read), (20 bytes).
    Removing gd32f4xx_timer.o(.ARM.exidx.text.timer_counter_read), (8 bytes).
    Removing gd32f4xx_timer.o(.text.timer_prescaler_read), (26 bytes).
    Removing gd32f4xx_timer.o(.ARM.exidx.text.timer_prescaler_read), (8 bytes).
    Removing gd32f4xx_timer.o(.text.timer_single_pulse_mode_config), (52 bytes).
    Removing gd32f4xx_timer.o(.ARM.exidx.text.timer_single_pulse_mode_config), (8 bytes).
    Removing gd32f4xx_timer.o(.text.timer_update_source_config), (52 bytes).
    Removing gd32f4xx_timer.o(.ARM.exidx.text.timer_update_source_config), (8 bytes).
    Removing gd32f4xx_timer.o(.text.timer_dma_enable), (24 bytes).
    Removing gd32f4xx_timer.o(.ARM.exidx.text.timer_dma_enable), (8 bytes).
    Removing gd32f4xx_timer.o(.text.timer_dma_disable), (24 bytes).
    Removing gd32f4xx_timer.o(.ARM.exidx.text.timer_dma_disable), (8 bytes).
    Removing gd32f4xx_timer.o(.text.timer_channel_dma_request_source_select), (58 bytes).
    Removing gd32f4xx_timer.o(.ARM.exidx.text.timer_channel_dma_request_source_select), (8 bytes).
    Removing gd32f4xx_timer.o(.text.timer_dma_transfer_config), (40 bytes).
    Removing gd32f4xx_timer.o(.ARM.exidx.text.timer_dma_transfer_config), (8 bytes).
    Removing gd32f4xx_timer.o(.text.timer_event_software_generate), (24 bytes).
    Removing gd32f4xx_timer.o(.ARM.exidx.text.timer_event_software_generate), (8 bytes).
    Removing gd32f4xx_timer.o(.text.timer_break_struct_para_init), (38 bytes).
    Removing gd32f4xx_timer.o(.ARM.exidx.text.timer_break_struct_para_init), (8 bytes).
    Removing gd32f4xx_timer.o(.text.timer_break_config), (42 bytes).
    Removing gd32f4xx_timer.o(.ARM.exidx.text.timer_break_config), (8 bytes).
    Removing gd32f4xx_timer.o(.text.timer_break_enable), (18 bytes).
    Removing gd32f4xx_timer.o(.ARM.exidx.text.timer_break_enable), (8 bytes).
    Removing gd32f4xx_timer.o(.text.timer_break_disable), (18 bytes).
    Removing gd32f4xx_timer.o(.ARM.exidx.text.timer_break_disable), (8 bytes).
    Removing gd32f4xx_timer.o(.text.timer_automatic_output_enable), (18 bytes).
    Removing gd32f4xx_timer.o(.ARM.exidx.text.timer_automatic_output_enable), (8 bytes).
    Removing gd32f4xx_timer.o(.text.timer_automatic_output_disable), (18 bytes).
    Removing gd32f4xx_timer.o(.ARM.exidx.text.timer_automatic_output_disable), (8 bytes).
    Removing gd32f4xx_timer.o(.text.timer_primary_output_config), (46 bytes).
    Removing gd32f4xx_timer.o(.ARM.exidx.text.timer_primary_output_config), (8 bytes).
    Removing gd32f4xx_timer.o(.text.timer_channel_control_shadow_config), (46 bytes).
    Removing gd32f4xx_timer.o(.ARM.exidx.text.timer_channel_control_shadow_config), (8 bytes).
    Removing gd32f4xx_timer.o(.text.timer_channel_control_shadow_update_config), (58 bytes).
    Removing gd32f4xx_timer.o(.ARM.exidx.text.timer_channel_control_shadow_update_config), (8 bytes).
    Removing gd32f4xx_timer.o(.text.timer_channel_output_struct_para_init), (34 bytes).
    Removing gd32f4xx_timer.o(.ARM.exidx.text.timer_channel_output_struct_para_init), (8 bytes).
    Removing gd32f4xx_timer.o(.text.timer_channel_output_config), (712 bytes).
    Removing gd32f4xx_timer.o(.ARM.exidx.text.timer_channel_output_config), (8 bytes).
    Removing gd32f4xx_timer.o(.text.timer_channel_output_mode_config), (140 bytes).
    Removing gd32f4xx_timer.o(.ARM.exidx.text.timer_channel_output_mode_config), (8 bytes).
    Removing gd32f4xx_timer.o(.text.timer_channel_output_pulse_value_config), (70 bytes).
    Removing gd32f4xx_timer.o(.ARM.exidx.text.timer_channel_output_pulse_value_config), (8 bytes).
    Removing gd32f4xx_timer.o(.text.timer_channel_output_shadow_config), (140 bytes).
    Removing gd32f4xx_timer.o(.ARM.exidx.text.timer_channel_output_shadow_config), (8 bytes).
    Removing gd32f4xx_timer.o(.text.timer_channel_output_fast_config), (140 bytes).
    Removing gd32f4xx_timer.o(.ARM.exidx.text.timer_channel_output_fast_config), (8 bytes).
    Removing gd32f4xx_timer.o(.text.timer_channel_output_clear_config), (140 bytes).
    Removing gd32f4xx_timer.o(.ARM.exidx.text.timer_channel_output_clear_config), (8 bytes).
    Removing gd32f4xx_timer.o(.text.timer_channel_output_polarity_config), (142 bytes).
    Removing gd32f4xx_timer.o(.ARM.exidx.text.timer_channel_output_polarity_config), (8 bytes).
    Removing gd32f4xx_timer.o(.text.timer_channel_complementary_output_polarity_config), (122 bytes).
    Removing gd32f4xx_timer.o(.ARM.exidx.text.timer_channel_complementary_output_polarity_config), (8 bytes).
    Removing gd32f4xx_timer.o(.text.timer_channel_output_state_config), (132 bytes).
    Removing gd32f4xx_timer.o(.ARM.exidx.text.timer_channel_output_state_config), (8 bytes).
    Removing gd32f4xx_timer.o(.text.timer_channel_complementary_output_state_config), (122 bytes).
    Removing gd32f4xx_timer.o(.ARM.exidx.text.timer_channel_complementary_output_state_config), (8 bytes).
    Removing gd32f4xx_timer.o(.text.timer_channel_input_struct_para_init), (28 bytes).
    Removing gd32f4xx_timer.o(.ARM.exidx.text.timer_channel_input_struct_para_init), (8 bytes).
    Removing gd32f4xx_timer.o(.text.timer_input_capture_config), (426 bytes).
    Removing gd32f4xx_timer.o(.ARM.exidx.text.timer_input_capture_config), (8 bytes).
    Removing gd32f4xx_timer.o(.text.timer_channel_input_capture_prescaler_config), (140 bytes).
    Removing gd32f4xx_timer.o(.ARM.exidx.text.timer_channel_input_capture_prescaler_config), (8 bytes).
    Removing gd32f4xx_timer.o(.text.timer_channel_capture_value_register_read), (74 bytes).
    Removing gd32f4xx_timer.o(.ARM.exidx.text.timer_channel_capture_value_register_read), (8 bytes).
    Removing gd32f4xx_timer.o(.text.timer_input_pwm_capture_config), (498 bytes).
    Removing gd32f4xx_timer.o(.ARM.exidx.text.timer_input_pwm_capture_config), (8 bytes).
    Removing gd32f4xx_timer.o(.text.timer_hall_mode_config), (52 bytes).
    Removing gd32f4xx_timer.o(.ARM.exidx.text.timer_hall_mode_config), (8 bytes).
    Removing gd32f4xx_timer.o(.text.timer_input_trigger_source_select), (30 bytes).
    Removing gd32f4xx_timer.o(.ARM.exidx.text.timer_input_trigger_source_select), (8 bytes).
    Removing gd32f4xx_timer.o(.text.timer_master_output_trigger_source_select), (30 bytes).
    Removing gd32f4xx_timer.o(.ARM.exidx.text.timer_master_output_trigger_source_select), (8 bytes).
    Removing gd32f4xx_timer.o(.text.timer_slave_mode_select), (30 bytes).
    Removing gd32f4xx_timer.o(.ARM.exidx.text.timer_slave_mode_select), (8 bytes).
    Removing gd32f4xx_timer.o(.text.timer_master_slave_mode_config), (52 bytes).
    Removing gd32f4xx_timer.o(.ARM.exidx.text.timer_master_slave_mode_config), (8 bytes).
    Removing gd32f4xx_timer.o(.text.timer_external_trigger_config), (52 bytes).
    Removing gd32f4xx_timer.o(.ARM.exidx.text.timer_external_trigger_config), (8 bytes).
    Removing gd32f4xx_timer.o(.text.timer_quadrature_decoder_mode_config), (102 bytes).
    Removing gd32f4xx_timer.o(.ARM.exidx.text.timer_quadrature_decoder_mode_config), (8 bytes).
    Removing gd32f4xx_timer.o(.text.timer_internal_clock_config), (18 bytes).
    Removing gd32f4xx_timer.o(.ARM.exidx.text.timer_internal_clock_config), (8 bytes).
    Removing gd32f4xx_timer.o(.text.timer_internal_trigger_as_external_clock_config), (40 bytes).
    Removing gd32f4xx_timer.o(.ARM.exidx.text.timer_internal_trigger_as_external_clock_config), (8 bytes).
    Removing gd32f4xx_timer.o(.text.timer_external_trigger_as_external_clock_config), (228 bytes).
    Removing gd32f4xx_timer.o(.ARM.exidx.text.timer_external_trigger_as_external_clock_config), (8 bytes).
    Removing gd32f4xx_timer.o(.text.timer_external_clock_mode0_config), (48 bytes).
    Removing gd32f4xx_timer.o(.ARM.exidx.text.timer_external_clock_mode0_config), (8 bytes).
    Removing gd32f4xx_timer.o(.text.timer_external_clock_mode1_config), (38 bytes).
    Removing gd32f4xx_timer.o(.ARM.exidx.text.timer_external_clock_mode1_config), (8 bytes).
    Removing gd32f4xx_timer.o(.text.timer_external_clock_mode1_disable), (18 bytes).
    Removing gd32f4xx_timer.o(.ARM.exidx.text.timer_external_clock_mode1_disable), (8 bytes).
    Removing gd32f4xx_timer.o(.text.timer_channel_remap_config), (16 bytes).
    Removing gd32f4xx_timer.o(.ARM.exidx.text.timer_channel_remap_config), (8 bytes).
    Removing gd32f4xx_timer.o(.text.timer_write_chxval_register_config), (66 bytes).
    Removing gd32f4xx_timer.o(.ARM.exidx.text.timer_write_chxval_register_config), (8 bytes).
    Removing gd32f4xx_timer.o(.text.timer_output_value_selection_config), (66 bytes).
    Removing gd32f4xx_timer.o(.ARM.exidx.text.timer_output_value_selection_config), (8 bytes).
    Removing gd32f4xx_timer.o(.text.timer_flag_get), (42 bytes).
    Removing gd32f4xx_timer.o(.ARM.exidx.text.timer_flag_get), (8 bytes).
    Removing gd32f4xx_timer.o(.text.timer_flag_clear), (18 bytes).
    Removing gd32f4xx_timer.o(.ARM.exidx.text.timer_flag_clear), (8 bytes).
    Removing gd32f4xx_timer.o(.text.timer_interrupt_enable), (20 bytes).
    Removing gd32f4xx_timer.o(.ARM.exidx.text.timer_interrupt_enable), (8 bytes).
    Removing gd32f4xx_timer.o(.text.timer_interrupt_disable), (20 bytes).
    Removing gd32f4xx_timer.o(.ARM.exidx.text.timer_interrupt_disable), (8 bytes).
    Removing gd32f4xx_timer.o(.ARM.exidx.text.timer_interrupt_flag_get), (8 bytes).
    Removing gd32f4xx_timer.o(.ARM.exidx.text.timer_interrupt_flag_clear), (8 bytes).
    Removing gd32f4xx_usart.o(.text), (0 bytes).
    Removing gd32f4xx_usart.o(.text.usart_deinit), (286 bytes).
    Removing gd32f4xx_usart.o(.ARM.exidx.text.usart_deinit), (8 bytes).
    Removing gd32f4xx_usart.o(.text.usart_baudrate_set), (344 bytes).
    Removing gd32f4xx_usart.o(.ARM.exidx.text.usart_baudrate_set), (8 bytes).
    Removing gd32f4xx_usart.o(.text.usart_parity_config), (30 bytes).
    Removing gd32f4xx_usart.o(.ARM.exidx.text.usart_parity_config), (8 bytes).
    Removing gd32f4xx_usart.o(.text.usart_word_length_set), (30 bytes).
    Removing gd32f4xx_usart.o(.ARM.exidx.text.usart_word_length_set), (8 bytes).
    Removing gd32f4xx_usart.o(.text.usart_stop_bit_set), (30 bytes).
    Removing gd32f4xx_usart.o(.ARM.exidx.text.usart_stop_bit_set), (8 bytes).
    Removing gd32f4xx_usart.o(.text.usart_enable), (18 bytes).
    Removing gd32f4xx_usart.o(.ARM.exidx.text.usart_enable), (8 bytes).
    Removing gd32f4xx_usart.o(.text.usart_disable), (18 bytes).
    Removing gd32f4xx_usart.o(.ARM.exidx.text.usart_disable), (8 bytes).
    Removing gd32f4xx_usart.o(.text.usart_transmit_config), (42 bytes).
    Removing gd32f4xx_usart.o(.ARM.exidx.text.usart_transmit_config), (8 bytes).
    Removing gd32f4xx_usart.o(.text.usart_receive_config), (42 bytes).
    Removing gd32f4xx_usart.o(.ARM.exidx.text.usart_receive_config), (8 bytes).
    Removing gd32f4xx_usart.o(.text.usart_data_first_config), (46 bytes).
    Removing gd32f4xx_usart.o(.ARM.exidx.text.usart_data_first_config), (8 bytes).
    Removing gd32f4xx_usart.o(.text.usart_invert_config), (134 bytes).
    Removing gd32f4xx_usart.o(.ARM.exidx.text.usart_invert_config), (8 bytes).
    Removing gd32f4xx_usart.o(.text.usart_oversample_config), (30 bytes).
    Removing gd32f4xx_usart.o(.ARM.exidx.text.usart_oversample_config), (8 bytes).
    Removing gd32f4xx_usart.o(.text.usart_sample_bit_config), (30 bytes).
    Removing gd32f4xx_usart.o(.ARM.exidx.text.usart_sample_bit_config), (8 bytes).
    Removing gd32f4xx_usart.o(.text.usart_receiver_timeout_enable), (22 bytes).
    Removing gd32f4xx_usart.o(.ARM.exidx.text.usart_receiver_timeout_enable), (8 bytes).
    Removing gd32f4xx_usart.o(.text.usart_receiver_timeout_disable), (22 bytes).
    Removing gd32f4xx_usart.o(.ARM.exidx.text.usart_receiver_timeout_disable), (8 bytes).
    Removing gd32f4xx_usart.o(.text.usart_receiver_timeout_threshold_config), (38 bytes).
    Removing gd32f4xx_usart.o(.ARM.exidx.text.usart_receiver_timeout_threshold_config), (8 bytes).
    Removing gd32f4xx_usart.o(.ARM.exidx.text.usart_data_transmit), (8 bytes).
    Removing gd32f4xx_usart.o(.ARM.exidx.text.usart_data_receive), (8 bytes).
    Removing gd32f4xx_usart.o(.text.usart_address_config), (38 bytes).
    Removing gd32f4xx_usart.o(.ARM.exidx.text.usart_address_config), (8 bytes).
    Removing gd32f4xx_usart.o(.text.usart_mute_mode_enable), (18 bytes).
    Removing gd32f4xx_usart.o(.ARM.exidx.text.usart_mute_mode_enable), (8 bytes).
    Removing gd32f4xx_usart.o(.text.usart_mute_mode_disable), (18 bytes).
    Removing gd32f4xx_usart.o(.ARM.exidx.text.usart_mute_mode_disable), (8 bytes).
    Removing gd32f4xx_usart.o(.text.usart_mute_mode_wakeup_config), (30 bytes).
    Removing gd32f4xx_usart.o(.ARM.exidx.text.usart_mute_mode_wakeup_config), (8 bytes).
    Removing gd32f4xx_usart.o(.text.usart_lin_mode_enable), (18 bytes).
    Removing gd32f4xx_usart.o(.ARM.exidx.text.usart_lin_mode_enable), (8 bytes).
    Removing gd32f4xx_usart.o(.text.usart_lin_mode_disable), (18 bytes).
    Removing gd32f4xx_usart.o(.ARM.exidx.text.usart_lin_mode_disable), (8 bytes).
    Removing gd32f4xx_usart.o(.text.usart_lin_break_detection_length_config), (34 bytes).
    Removing gd32f4xx_usart.o(.ARM.exidx.text.usart_lin_break_detection_length_config), (8 bytes).
    Removing gd32f4xx_usart.o(.text.usart_send_break), (18 bytes).
    Removing gd32f4xx_usart.o(.ARM.exidx.text.usart_send_break), (8 bytes).
    Removing gd32f4xx_usart.o(.text.usart_halfduplex_enable), (18 bytes).
    Removing gd32f4xx_usart.o(.ARM.exidx.text.usart_halfduplex_enable), (8 bytes).
    Removing gd32f4xx_usart.o(.text.usart_halfduplex_disable), (18 bytes).
    Removing gd32f4xx_usart.o(.ARM.exidx.text.usart_halfduplex_disable), (8 bytes).
    Removing gd32f4xx_usart.o(.text.usart_synchronous_clock_enable), (18 bytes).
    Removing gd32f4xx_usart.o(.ARM.exidx.text.usart_synchronous_clock_enable), (8 bytes).
    Removing gd32f4xx_usart.o(.text.usart_synchronous_clock_disable), (18 bytes).
    Removing gd32f4xx_usart.o(.ARM.exidx.text.usart_synchronous_clock_disable), (8 bytes).
    Removing gd32f4xx_usart.o(.text.usart_synchronous_clock_config), (54 bytes).
    Removing gd32f4xx_usart.o(.ARM.exidx.text.usart_synchronous_clock_config), (8 bytes).
    Removing gd32f4xx_usart.o(.text.usart_guard_time_config), (36 bytes).
    Removing gd32f4xx_usart.o(.ARM.exidx.text.usart_guard_time_config), (8 bytes).
    Removing gd32f4xx_usart.o(.text.usart_smartcard_mode_enable), (18 bytes).
    Removing gd32f4xx_usart.o(.ARM.exidx.text.usart_smartcard_mode_enable), (8 bytes).
    Removing gd32f4xx_usart.o(.text.usart_smartcard_mode_disable), (18 bytes).
    Removing gd32f4xx_usart.o(.ARM.exidx.text.usart_smartcard_mode_disable), (8 bytes).
    Removing gd32f4xx_usart.o(.text.usart_smartcard_mode_nack_enable), (18 bytes).
    Removing gd32f4xx_usart.o(.ARM.exidx.text.usart_smartcard_mode_nack_enable), (8 bytes).
    Removing gd32f4xx_usart.o(.text.usart_smartcard_mode_nack_disable), (18 bytes).
    Removing gd32f4xx_usart.o(.ARM.exidx.text.usart_smartcard_mode_nack_disable), (8 bytes).
    Removing gd32f4xx_usart.o(.text.usart_smartcard_autoretry_config), (48 bytes).
    Removing gd32f4xx_usart.o(.ARM.exidx.text.usart_smartcard_autoretry_config), (8 bytes).
    Removing gd32f4xx_usart.o(.text.usart_block_length_config), (44 bytes).
    Removing gd32f4xx_usart.o(.ARM.exidx.text.usart_block_length_config), (8 bytes).
    Removing gd32f4xx_usart.o(.text.usart_irda_mode_enable), (18 bytes).
    Removing gd32f4xx_usart.o(.ARM.exidx.text.usart_irda_mode_enable), (8 bytes).
    Removing gd32f4xx_usart.o(.text.usart_irda_mode_disable), (18 bytes).
    Removing gd32f4xx_usart.o(.ARM.exidx.text.usart_irda_mode_disable), (8 bytes).
    Removing gd32f4xx_usart.o(.text.usart_prescaler_config), (34 bytes).
    Removing gd32f4xx_usart.o(.ARM.exidx.text.usart_prescaler_config), (8 bytes).
    Removing gd32f4xx_usart.o(.text.usart_irda_lowpower_config), (34 bytes).
    Removing gd32f4xx_usart.o(.ARM.exidx.text.usart_irda_lowpower_config), (8 bytes).
    Removing gd32f4xx_usart.o(.text.usart_hardware_flow_rts_config), (34 bytes).
    Removing gd32f4xx_usart.o(.ARM.exidx.text.usart_hardware_flow_rts_config), (8 bytes).
    Removing gd32f4xx_usart.o(.text.usart_hardware_flow_cts_config), (34 bytes).
    Removing gd32f4xx_usart.o(.ARM.exidx.text.usart_hardware_flow_cts_config), (8 bytes).
    Removing gd32f4xx_usart.o(.text.usart_break_frame_coherence_config), (42 bytes).
    Removing gd32f4xx_usart.o(.ARM.exidx.text.usart_break_frame_coherence_config), (8 bytes).
    Removing gd32f4xx_usart.o(.text.usart_parity_check_coherence_config), (42 bytes).
    Removing gd32f4xx_usart.o(.ARM.exidx.text.usart_parity_check_coherence_config), (8 bytes).
    Removing gd32f4xx_usart.o(.text.usart_hardware_flow_coherence_config), (42 bytes).
    Removing gd32f4xx_usart.o(.ARM.exidx.text.usart_hardware_flow_coherence_config), (8 bytes).
    Removing gd32f4xx_usart.o(.text.usart_dma_receive_config), (34 bytes).
    Removing gd32f4xx_usart.o(.ARM.exidx.text.usart_dma_receive_config), (8 bytes).
    Removing gd32f4xx_usart.o(.text.usart_dma_transmit_config), (34 bytes).
    Removing gd32f4xx_usart.o(.ARM.exidx.text.usart_dma_transmit_config), (8 bytes).
    Removing gd32f4xx_usart.o(.ARM.exidx.text.usart_flag_get), (8 bytes).
    Removing gd32f4xx_usart.o(.text.usart_flag_clear), (74 bytes).
    Removing gd32f4xx_usart.o(.ARM.exidx.text.usart_flag_clear), (8 bytes).
    Removing gd32f4xx_usart.o(.text.usart_interrupt_enable), (36 bytes).
    Removing gd32f4xx_usart.o(.ARM.exidx.text.usart_interrupt_enable), (8 bytes).
    Removing gd32f4xx_usart.o(.text.usart_interrupt_disable), (36 bytes).
    Removing gd32f4xx_usart.o(.ARM.exidx.text.usart_interrupt_disable), (8 bytes).
    Removing gd32f4xx_usart.o(.ARM.exidx.text.usart_interrupt_flag_get), (8 bytes).
    Removing gd32f4xx_usart.o(.ARM.exidx.text.usart_interrupt_flag_clear), (8 bytes).
    Removing startup_gd32f407_427.o(HEAP), (16384 bytes).
    Removing system_gd32f4xx.o(.text), (0 bytes).
    Removing system_gd32f4xx.o(.ARM.exidx.text.SystemInit), (8 bytes).
    Removing system_gd32f4xx.o(.ARM.exidx.text.system_clock_config), (8 bytes).
    Removing system_gd32f4xx.o(.text.SystemCoreClockUpdate), (282 bytes).
    Removing system_gd32f4xx.o(.ARM.exidx.text.SystemCoreClockUpdate), (8 bytes).
    Removing system_gd32f4xx.o(.text.gd32f4xx_firmware_version_get), (6 bytes).
    Removing system_gd32f4xx.o(.ARM.exidx.text.gd32f4xx_firmware_version_get), (8 bytes).
    Removing system_gd32f4xx.o(.ARM.exidx.text.system_clock_168m_8m_hxtal), (8 bytes).
    Removing system_gd32f4xx.o(.rodata.cst16), (16 bytes).

1412 unused section(s) (total 85547 bytes) removed from the image.
