Component: Arm Compiler for Embedded 6.23 Tool: armlink [5f102400]

==============================================================================

Section Cross References

    app.o(.text.App_init) refers to app.o(.text.App_ui_init) for App_ui_init
    app.o(.ARM.exidx.text.App_init) refers to app.o(.text.App_init) for [Anonymous Symbol]
    app.o(.ARM.exidx.text.App_ui_init) refers to app.o(.text.App_ui_init) for [Anonymous Symbol]
    gd32f4xx_it.o(.ARM.exidx.text.NMI_Handler) refers to gd32f4xx_it.o(.text.NMI_Handler) for [Anonymous Symbol]
    gd32f4xx_it.o(.ARM.exidx.text.HardFault_Handler) refers to gd32f4xx_it.o(.text.HardFault_Handler) for [Anonymous Symbol]
    gd32f4xx_it.o(.ARM.exidx.text.MemManage_Handler) refers to gd32f4xx_it.o(.text.MemManage_Handler) for [Anonymous Symbol]
    gd32f4xx_it.o(.ARM.exidx.text.BusFault_Handler) refers to gd32f4xx_it.o(.text.BusFault_Handler) for [Anonymous Symbol]
    gd32f4xx_it.o(.ARM.exidx.text.UsageFault_Handler) refers to gd32f4xx_it.o(.text.UsageFault_Handler) for [Anonymous Symbol]
    gd32f4xx_it.o(.ARM.exidx.text.DebugMon_Handler) refers to gd32f4xx_it.o(.text.DebugMon_Handler) for [Anonymous Symbol]
    main.o(.ARM.exidx.text.lib_timer5_on_cb) refers to main.o(.text.lib_timer5_on_cb) for [Anonymous Symbol]
    main.o(.text.main) refers to gd32f4xx_misc.o(.text.nvic_priority_group_set) for nvic_priority_group_set
    main.o(.text.main) refers to systick.o(.text.systick_config) for systick_config
    main.o(.text.main) refers to main.o(.rodata.str1.1) for .L.str
    main.o(.text.main) refers to printfa.o(i.__0printf) for printf
    main.o(.ARM.exidx.text.main) refers to main.o(.text.main) for [Anonymous Symbol]
    systick.o(.text.systick_config) refers to system_gd32f4xx.o(.data.SystemCoreClock) for SystemCoreClock
    systick.o(.text.systick_config) refers to systick.o(.text.SysTick_Config) for SysTick_Config
    systick.o(.text.systick_config) refers to systick.o(.text.__NVIC_SetPriority) for __NVIC_SetPriority
    systick.o(.ARM.exidx.text.systick_config) refers to systick.o(.text.systick_config) for [Anonymous Symbol]
    systick.o(.text.SysTick_Config) refers to systick.o(.text.__NVIC_SetPriority) for __NVIC_SetPriority
    systick.o(.ARM.exidx.text.SysTick_Config) refers to systick.o(.text.SysTick_Config) for [Anonymous Symbol]
    systick.o(.ARM.exidx.text.__NVIC_SetPriority) refers to systick.o(.text.__NVIC_SetPriority) for [Anonymous Symbol]
    systick.o(.text.delay_1ms) refers to systick.o(.bss.delay) for delay
    systick.o(.ARM.exidx.text.delay_1ms) refers to systick.o(.text.delay_1ms) for [Anonymous Symbol]
    systick.o(.text.delay_1us) refers to systick.o(.bss.delay) for delay
    systick.o(.ARM.exidx.text.delay_1us) refers to systick.o(.text.delay_1us) for [Anonymous Symbol]
    systick.o(.text.delay_decrement) refers to systick.o(.bss.delay) for delay
    systick.o(.ARM.exidx.text.delay_decrement) refers to systick.o(.text.delay_decrement) for [Anonymous Symbol]
    lib_peripheral.o(.text.lib_peripheral_init) refers to lib_usart.o(.text.lib_usart_init) for lib_usart_init
    lib_peripheral.o(.text.lib_peripheral_init) refers to lib_timer.o(.text.lib_timer_init) for lib_timer_init
    lib_peripheral.o(.ARM.exidx.text.lib_peripheral_init) refers to lib_peripheral.o(.text.lib_peripheral_init) for [Anonymous Symbol]
    lib_timer.o(.text.lib_timer_init) refers to gd32f4xx_rcu.o(.text.rcu_timer_clock_prescaler_config) for rcu_timer_clock_prescaler_config
    lib_timer.o(.text.lib_timer_init) refers to lib_timer5.o(.text.lib_timer5_init) for lib_timer5_init
    lib_timer.o(.ARM.exidx.text.lib_timer_init) refers to lib_timer.o(.text.lib_timer_init) for [Anonymous Symbol]
    lib_timer5.o(.text.lib_timer5_init) refers to gd32f4xx_rcu.o(.text.rcu_periph_clock_enable) for rcu_periph_clock_enable
    lib_timer5.o(.text.lib_timer5_init) refers to gd32f4xx_timer.o(.text.timer_deinit) for timer_deinit
    lib_timer5.o(.text.lib_timer5_init) refers to gd32f4xx_timer.o(.text.timer_struct_para_init) for timer_struct_para_init
    lib_timer5.o(.text.lib_timer5_init) refers to system_gd32f4xx.o(.data.SystemCoreClock) for SystemCoreClock
    lib_timer5.o(.text.lib_timer5_init) refers to gd32f4xx_timer.o(.text.timer_init) for timer_init
    lib_timer5.o(.text.lib_timer5_init) refers to gd32f4xx_timer.o(.text.timer_interrupt_enable) for timer_interrupt_enable
    lib_timer5.o(.text.lib_timer5_init) refers to gd32f4xx_misc.o(.text.nvic_irq_enable) for nvic_irq_enable
    lib_timer5.o(.text.lib_timer5_init) refers to gd32f4xx_timer.o(.text.timer_enable) for timer_enable
    lib_timer5.o(.ARM.exidx.text.lib_timer5_init) refers to lib_timer5.o(.text.lib_timer5_init) for [Anonymous Symbol]
    lib_timer5.o(.text.TIMER5_DAC_IRQHandler) refers to gd32f4xx_timer.o(.text.timer_interrupt_flag_get) for timer_interrupt_flag_get
    lib_timer5.o(.text.TIMER5_DAC_IRQHandler) refers to gd32f4xx_timer.o(.text.timer_interrupt_flag_clear) for timer_interrupt_flag_clear
[...]
    Removing gd32f4xx_i2c.o(.ARM.exidx.text.i2c_sam_timeout_disable), (8 bytes).
    Removing gd32f4xx_i2c.o(.text.i2c_flag_get), (58 bytes).
    Removing gd32f4xx_i2c.o(.ARM.exidx.text.i2c_flag_get), (8 bytes).
    Removing gd32f4xx_i2c.o(.text.i2c_flag_clear), (62 bytes).
    Removing gd32f4xx_i2c.o(.ARM.exidx.text.i2c_flag_clear), (8 bytes).
    Removing gd32f4xx_i2c.o(.text.i2c_interrupt_enable), (36 bytes).
    Removing gd32f4xx_i2c.o(.ARM.exidx.text.i2c_interrupt_enable), (8 bytes).
    Removing gd32f4xx_i2c.o(.text.i2c_interrupt_disable), (36 bytes).
    Removing gd32f4xx_i2c.o(.ARM.exidx.text.i2c_interrupt_disable), (8 bytes).
    Removing gd32f4xx_i2c.o(.text.i2c_interrupt_flag_get), (162 bytes).
    Removing gd32f4xx_i2c.o(.ARM.exidx.text.i2c_interrupt_flag_get), (8 bytes).
    Removing gd32f4xx_i2c.o(.text.i2c_interrupt_flag_clear), (60 bytes).
    Removing gd32f4xx_i2c.o(.ARM.exidx.text.i2c_interrupt_flag_clear), (8 bytes).
    Removing gd32f4xx_misc.o(.text), (0 bytes).
    Removing gd32f4xx_misc.o(.ARM.exidx.text.nvic_priority_group_set), (8 bytes).
    Removing gd32f4xx_misc.o(.text.nvic_irq_enable), (296 bytes).
    Removing gd32f4xx_misc.o(.ARM.exidx.text.nvic_irq_enable), (8 bytes).
    Removing gd32f4xx_misc.o(.text.nvic_irq_disable), (38 bytes).
    Removing gd32f4xx_misc.o(.ARM.exidx.text.nvic_irq_disable), (8 bytes).
    Removing gd32f4xx_misc.o(.text.nvic_vector_table_set), (40 bytes).
    Removing gd32f4xx_misc.o(.ARM.exidx.text.nvic_vector_table_set), (8 bytes).
    Removing gd32f4xx_misc.o(.text.system_lowpower_set), (28 bytes).
    Removing gd32f4xx_misc.o(.ARM.exidx.text.system_lowpower_set), (8 bytes).
    Removing gd32f4xx_misc.o(.text.system_lowpower_reset), (28 bytes).
    Removing gd32f4xx_misc.o(.ARM.exidx.text.system_lowpower_reset), (8 bytes).
    Removing gd32f4xx_misc.o(.text.systick_clksource_set), (52 bytes).
    Removing gd32f4xx_misc.o(.ARM.exidx.text.systick_clksource_set), (8 bytes).
    Removing gd32f4xx_pmu.o(.text), (0 bytes).
    Removing gd32f4xx_pmu.o(.text.pmu_deinit), (24 bytes).
    Removing gd32f4xx_pmu.o(.ARM.exidx.text.pmu_deinit), (8 bytes).
    Removing gd32f4xx_pmu.o(.text.pmu_lvd_select), (48 bytes).
    Removing gd32f4xx_pmu.o(.ARM.exidx.text.pmu_lvd_select), (8 bytes).
    Removing gd32f4xx_pmu.o(.text.pmu_lvd_disable), (18 bytes).
    Removing gd32f4xx_pmu.o(.ARM.exidx.text.pmu_lvd_disable), (8 bytes).
    Removing gd32f4xx_pmu.o(.text.pmu_ldo_output_select), (32 bytes).
    Removing gd32f4xx_pmu.o(.ARM.exidx.text.pmu_ldo_output_select), (8 bytes).
    Removing gd32f4xx_pmu.o(.text.pmu_highdriver_mode_enable), (18 bytes).
    Removing gd32f4xx_pmu.o(.ARM.exidx.text.pmu_highdriver_mode_enable), (8 bytes).
    Removing gd32f4xx_pmu.o(.text.pmu_highdriver_mode_disable), (18 bytes).
    Removing gd32f4xx_pmu.o(.ARM.exidx.text.pmu_highdriver_mode_disable), (8 bytes).
    Removing gd32f4xx_pmu.o(.text.pmu_highdriver_switch_select), (52 bytes).
    Removing gd32f4xx_pmu.o(.ARM.exidx.text.pmu_highdriver_switch_select), (8 bytes).
    Removing gd32f4xx_pmu.o(.text.pmu_flag_get), (46 bytes).
    Removing gd32f4xx_pmu.o(.ARM.exidx.text.pmu_flag_get), (8 bytes).
    Removing gd32f4xx_pmu.o(.text.pmu_lowdriver_mode_enable), (18 bytes).
    Removing gd32f4xx_pmu.o(.ARM.exidx.text.pmu_lowdriver_mode_enable), (8 bytes).
    Removing gd32f4xx_pmu.o(.text.pmu_lowdriver_mode_disable), (18 bytes).
    Removing gd32f4xx_pmu.o(.ARM.exidx.text.pmu_lowdriver_mode_disable), (8 bytes).
    Removing gd32f4xx_pmu.o(.text.pmu_lowpower_driver_config), (32 bytes).
    Removing gd32f4xx_pmu.o(.ARM.exidx.text.pmu_lowpower_driver_config), (8 bytes).
    Removing gd32f4xx_pmu.o(.text.pmu_normalpower_driver_config), (32 bytes).
    Removing gd32f4xx_pmu.o(.ARM.exidx.text.pmu_normalpower_driver_config), (8 bytes).
    Removing gd32f4xx_pmu.o(.text.pmu_to_sleepmode), (42 bytes).
    Removing gd32f4xx_pmu.o(.ARM.exidx.text.pmu_to_sleepmode), (8 bytes).
    Removing gd32f4xx_pmu.o(.text.pmu_to_deepsleepmode), (336 bytes).
    Removing gd32f4xx_pmu.o(.ARM.exidx.text.pmu_to_deepsleepmode), (8 bytes).
    Removing gd32f4xx_pmu.o(.text.pmu_to_standbymode), (116 bytes).
    Removing gd32f4xx_pmu.o(.ARM.exidx.text.pmu_to_standbymode), (8 bytes).
    Removing gd32f4xx_pmu.o(.text.pmu_wakeup_pin_enable), (18 bytes).
    Removing gd32f4xx_pmu.o(.ARM.exidx.text.pmu_wakeup_pin_enable), (8 bytes).
    Removing gd32f4xx_pmu.o(.text.pmu_wakeup_pin_disable), (18 bytes).
    Removing gd32f4xx_pmu.o(.ARM.exidx.text.pmu_wakeup_pin_disable), (8 bytes).
    Removing gd32f4xx_pmu.o(.text.pmu_backup_ldo_config), (32 bytes).
    Removing gd32f4xx_pmu.o(.ARM.exidx.text.pmu_backup_ldo_config), (8 bytes).
    Removing gd32f4xx_pmu.o(.text.pmu_backup_write_enable), (18 bytes).
    Removing gd32f4xx_pmu.o(.ARM.exidx.text.pmu_backup_write_enable), (8 bytes).
    Removing gd32f4xx_pmu.o(.text.pmu_backup_write_disable), (18 bytes).
    Removing gd32f4xx_pmu.o(.ARM.exidx.text.pmu_backup_write_disable), (8 bytes).
    Removing gd32f4xx_pmu.o(.text.pmu_flag_clear), (62 bytes).
    Removing gd32f4xx_pmu.o(.ARM.exidx.text.pmu_flag_clear), (8 bytes).
    Removing gd32f4xx_pmu.o(.bss.pmu_to_deepsleepmode.reg_snap), (16 bytes).
    Removing gd32f4xx_rcu.o(.text), (0 bytes).
    Removing gd32f4xx_rcu.o(.text.rcu_deinit), (164 bytes).
    Removing gd32f4xx_rcu.o(.ARM.exidx.text.rcu_deinit), (8 bytes).
    Removing gd32f4xx_rcu.o(.text.rcu_osci_stab_wait), (754 bytes).
    Removing gd32f4xx_rcu.o(.ARM.exidx.text.rcu_osci_stab_wait), (8 bytes).
    Removing gd32f4xx_rcu.o(.text.rcu_periph_clock_enable), (40 bytes).
    Removing gd32f4xx_rcu.o(.ARM.exidx.text.rcu_periph_clock_enable), (8 bytes).
    Removing gd32f4xx_rcu.o(.text.rcu_periph_clock_disable), (40 bytes).
    Removing gd32f4xx_rcu.o(.ARM.exidx.text.rcu_periph_clock_disable), (8 bytes).
    Removing gd32f4xx_rcu.o(.text.rcu_periph_clock_sleep_enable), (40 bytes).
    Removing gd32f4xx_rcu.o(.ARM.exidx.text.rcu_periph_clock_sleep_enable), (8 bytes).
    Removing gd32f4xx_rcu.o(.text.rcu_periph_clock_sleep_disable), (40 bytes).
    Removing gd32f4xx_rcu.o(.ARM.exidx.text.rcu_periph_clock_sleep_disable), (8 bytes).
    Removing gd32f4xx_rcu.o(.text.rcu_periph_reset_enable), (40 bytes).
    Removing gd32f4xx_rcu.o(.ARM.exidx.text.rcu_periph_reset_enable), (8 bytes).
    Removing gd32f4xx_rcu.o(.text.rcu_periph_reset_disable), (40 bytes).
    Removing gd32f4xx_rcu.o(.ARM.exidx.text.rcu_periph_reset_disable), (8 bytes).
    Removing gd32f4xx_rcu.o(.text.rcu_bkp_reset_enable), (18 bytes).
    Removing gd32f4xx_rcu.o(.ARM.exidx.text.rcu_bkp_reset_enable), (8 bytes).
    Removing gd32f4xx_rcu.o(.text.rcu_bkp_reset_disable), (18 bytes).
    Removing gd32f4xx_rcu.o(.ARM.exidx.text.rcu_bkp_reset_disable), (8 bytes).
    Removing gd32f4xx_rcu.o(.text.rcu_system_clock_source_config), (36 bytes).
    Removing gd32f4xx_rcu.o(.ARM.exidx.text.rcu_system_clock_source_config), (8 bytes).
    Removing gd32f4xx_rcu.o(.text.rcu_system_clock_source_get), (16 bytes).
    Removing gd32f4xx_rcu.o(.ARM.exidx.text.rcu_system_clock_source_get), (8 bytes).
    Removing gd32f4xx_rcu.o(.text.rcu_ahb_clock_config), (36 bytes).
    Removing gd32f4xx_rcu.o(.ARM.exidx.text.rcu_ahb_clock_config), (8 bytes).
    Removing gd32f4xx_rcu.o(.text.rcu_apb1_clock_config), (36 bytes).
    Removing gd32f4xx_rcu.o(.ARM.exidx.text.rcu_apb1_clock_config), (8 bytes).
    Removing gd32f4xx_rcu.o(.text.rcu_apb2_clock_config), (36 bytes).
    Removing gd32f4xx_rcu.o(.ARM.exidx.text.rcu_apb2_clock_config), (8 bytes).
    Removing gd32f4xx_rcu.o(.text.rcu_ckout0_config), (42 bytes).
    Removing gd32f4xx_rcu.o(.ARM.exidx.text.rcu_ckout0_config), (8 bytes).
    Removing gd32f4xx_rcu.o(.text.rcu_ckout1_config), (42 bytes).
    Removing gd32f4xx_rcu.o(.ARM.exidx.text.rcu_ckout1_config), (8 bytes).
    Removing gd32f4xx_rcu.o(.text.rcu_pll_config), (228 bytes).
    Removing gd32f4xx_rcu.o(.ARM.exidx.text.rcu_pll_config), (8 bytes).
    Removing gd32f4xx_rcu.o(.text.rcu_plli2s_config), (86 bytes).
    Removing gd32f4xx_rcu.o(.ARM.exidx.text.rcu_plli2s_config), (8 bytes).
    Removing gd32f4xx_rcu.o(.text.rcu_pllsai_config), (136 bytes).
    Removing gd32f4xx_rcu.o(.ARM.exidx.text.rcu_pllsai_config), (8 bytes).
    Removing gd32f4xx_rcu.o(.text.rcu_rtc_clock_config), (36 bytes).
    Removing gd32f4xx_rcu.o(.ARM.exidx.text.rcu_rtc_clock_config), (8 bytes).
    Removing gd32f4xx_rcu.o(.text.rcu_rtc_div_config), (36 bytes).
    Removing gd32f4xx_rcu.o(.ARM.exidx.text.rcu_rtc_div_config), (8 bytes).
    Removing gd32f4xx_rcu.o(.text.rcu_i2s_clock_config), (36 bytes).
    Removing gd32f4xx_rcu.o(.ARM.exidx.text.rcu_i2s_clock_config), (8 bytes).
    Removing gd32f4xx_rcu.o(.text.rcu_ck48m_clock_config), (36 bytes).
    Removing gd32f4xx_rcu.o(.ARM.exidx.text.rcu_ck48m_clock_config), (8 bytes).
    Removing gd32f4xx_rcu.o(.text.rcu_pll48m_clock_config), (36 bytes).
    Removing gd32f4xx_rcu.o(.ARM.exidx.text.rcu_pll48m_clock_config), (8 bytes).
    Removing gd32f4xx_rcu.o(.text.rcu_timer_clock_prescaler_config), (56 bytes).
    Removing gd32f4xx_rcu.o(.ARM.exidx.text.rcu_timer_clock_prescaler_config), (8 bytes).
    Removing gd32f4xx_rcu.o(.text.rcu_tli_clock_div_config), (36 bytes).
    Removing gd32f4xx_rcu.o(.ARM.exidx.text.rcu_tli_clock_div_config), (8 bytes).
    Removing gd32f4xx_rcu.o(.text.rcu_lxtal_drive_capability_config), (36 bytes).
    Removing gd32f4xx_rcu.o(.ARM.exidx.text.rcu_lxtal_drive_capability_config), (8 bytes).
    Removing gd32f4xx_rcu.o(.text.rcu_flag_get), (62 bytes).
    Removing gd32f4xx_rcu.o(.ARM.exidx.text.rcu_flag_get), (8 bytes).
    Removing gd32f4xx_rcu.o(.text.rcu_osci_on), (40 bytes).
    Removing gd32f4xx_rcu.o(.ARM.exidx.text.rcu_osci_on), (8 bytes).
    Removing gd32f4xx_rcu.o(.text.rcu_osci_off), (40 bytes).
    Removing gd32f4xx_rcu.o(.ARM.exidx.text.rcu_osci_off), (8 bytes).
    Removing gd32f4xx_rcu.o(.text.rcu_osci_bypass_mode_enable), (152 bytes).
    Removing gd32f4xx_rcu.o(.ARM.exidx.text.rcu_osci_bypass_mode_enable), (8 bytes).
    Removing gd32f4xx_rcu.o(.text.rcu_osci_bypass_mode_disable), (152 bytes).
    Removing gd32f4xx_rcu.o(.ARM.exidx.text.rcu_osci_bypass_mode_disable), (8 bytes).
    Removing gd32f4xx_rcu.o(.text.rcu_irc16m_adjust_value_set), (42 bytes).
    Removing gd32f4xx_rcu.o(.ARM.exidx.text.rcu_irc16m_adjust_value_set), (8 bytes).
    Removing gd32f4xx_rcu.o(.text.rcu_spread_spectrum_config), (50 bytes).
    Removing gd32f4xx_rcu.o(.ARM.exidx.text.rcu_spread_spectrum_config), (8 bytes).
    Removing gd32f4xx_rcu.o(.text.rcu_spread_spectrum_enable), (18 bytes).
    Removing gd32f4xx_rcu.o(.ARM.exidx.text.rcu_spread_spectrum_enable), (8 bytes).
    Removing gd32f4xx_rcu.o(.text.rcu_spread_spectrum_disable), (18 bytes).
    Removing gd32f4xx_rcu.o(.ARM.exidx.text.rcu_spread_spectrum_disable), (8 bytes).
    Removing gd32f4xx_rcu.o(.text.rcu_hxtal_clock_monitor_enable), (18 bytes).
    Removing gd32f4xx_rcu.o(.ARM.exidx.text.rcu_hxtal_clock_monitor_enable), (8 bytes).
    Removing gd32f4xx_rcu.o(.text.rcu_hxtal_clock_monitor_disable), (18 bytes).
    Removing gd32f4xx_rcu.o(.ARM.exidx.text.rcu_hxtal_clock_monitor_disable), (8 bytes).
    Removing gd32f4xx_rcu.o(.text.rcu_voltage_key_unlock), (20 bytes).
    Removing gd32f4xx_rcu.o(.ARM.exidx.text.rcu_voltage_key_unlock), (8 bytes).
    Removing gd32f4xx_rcu.o(.text.rcu_deepsleep_voltage_set), (28 bytes).
    Removing gd32f4xx_rcu.o(.ARM.exidx.text.rcu_deepsleep_voltage_set), (8 bytes).
    Removing gd32f4xx_rcu.o(.text.rcu_clock_freq_get), (354 bytes).
    Removing gd32f4xx_rcu.o(.ARM.exidx.text.rcu_clock_freq_get), (8 bytes).
    Removing gd32f4xx_rcu.o(.text.rcu_all_reset_flag_clear), (18 bytes).
    Removing gd32f4xx_rcu.o(.ARM.exidx.text.rcu_all_reset_flag_clear), (8 bytes).
    Removing gd32f4xx_rcu.o(.text.rcu_interrupt_flag_get), (62 bytes).
    Removing gd32f4xx_rcu.o(.ARM.exidx.text.rcu_interrupt_flag_get), (8 bytes).
    Removing gd32f4xx_rcu.o(.text.rcu_interrupt_flag_clear), (40 bytes).
    Removing gd32f4xx_rcu.o(.ARM.exidx.text.rcu_interrupt_flag_clear), (8 bytes).
    Removing gd32f4xx_rcu.o(.text.rcu_interrupt_enable), (40 bytes).
    Removing gd32f4xx_rcu.o(.ARM.exidx.text.rcu_interrupt_enable), (8 bytes).
    Removing gd32f4xx_rcu.o(.text.rcu_interrupt_disable), (40 bytes).
    Removing gd32f4xx_rcu.o(.ARM.exidx.text.rcu_interrupt_disable), (8 bytes).
    Removing gd32f4xx_rcu.o(.rodata.cst16), (16 bytes).
    Removing gd32f4xx_rcu.o(.rodata.cst8), (16 bytes).
    Removing gd32f4xx_rtc.o(.text), (0 bytes).
    Removing gd32f4xx_rtc.o(.text.rtc_deinit), (332 bytes).
    Removing gd32f4xx_rtc.o(.ARM.exidx.text.rtc_deinit), (8 bytes).
    Removing gd32f4xx_rtc.o(.text.rtc_init_mode_enter), (138 bytes).
    Removing gd32f4xx_rtc.o(.ARM.exidx.text.rtc_init_mode_enter), (8 bytes).
    Removing gd32f4xx_rtc.o(.text.rtc_register_sync_wait), (166 bytes).
    Removing gd32f4xx_rtc.o(.ARM.exidx.text.rtc_register_sync_wait), (8 bytes).
    Removing gd32f4xx_rtc.o(.text.rtc_init), (228 bytes).
    Removing gd32f4xx_rtc.o(.ARM.exidx.text.rtc_init), (8 bytes).
    Removing gd32f4xx_rtc.o(.text.rtc_init_mode_exit), (18 bytes).
    Removing gd32f4xx_rtc.o(.ARM.exidx.text.rtc_init_mode_exit), (8 bytes).
    Removing gd32f4xx_rtc.o(.text.rtc_current_time_get), (174 bytes).
    Removing gd32f4xx_rtc.o(.ARM.exidx.text.rtc_current_time_get), (8 bytes).
    Removing gd32f4xx_rtc.o(.text.rtc_subsecond_get), (34 bytes).
    Removing gd32f4xx_rtc.o(.ARM.exidx.text.rtc_subsecond_get), (8 bytes).
    Removing gd32f4xx_rtc.o(.text.rtc_alarm_config), (134 bytes).
    Removing gd32f4xx_rtc.o(.ARM.exidx.text.rtc_alarm_config), (8 bytes).
    Removing gd32f4xx_rtc.o(.text.rtc_alarm_subsecond_config), (88 bytes).
    Removing gd32f4xx_rtc.o(.ARM.exidx.text.rtc_alarm_subsecond_config), (8 bytes).
    Removing gd32f4xx_rtc.o(.text.rtc_alarm_get), (124 bytes).
    Removing gd32f4xx_rtc.o(.ARM.exidx.text.rtc_alarm_get), (8 bytes).
    Removing gd32f4xx_rtc.o(.text.rtc_alarm_subsecond_get), (58 bytes).
    Removing gd32f4xx_rtc.o(.ARM.exidx.text.rtc_alarm_subsecond_get), (8 bytes).
    Removing gd32f4xx_rtc.o(.text.rtc_alarm_enable), (84 bytes).
    Removing gd32f4xx_rtc.o(.ARM.exidx.text.rtc_alarm_enable), (8 bytes).
    Removing gd32f4xx_rtc.o(.text.rtc_alarm_disable), (228 bytes).
    Removing gd32f4xx_rtc.o(.ARM.exidx.text.rtc_alarm_disable), (8 bytes).
    Removing gd32f4xx_rtc.o(.text.rtc_timestamp_enable), (66 bytes).
    Removing gd32f4xx_rtc.o(.ARM.exidx.text.rtc_timestamp_enable), (8 bytes).
    Removing gd32f4xx_rtc.o(.text.rtc_timestamp_disable), (38 bytes).
    Removing gd32f4xx_rtc.o(.ARM.exidx.text.rtc_timestamp_disable), (8 bytes).
    Removing gd32f4xx_rtc.o(.text.rtc_timestamp_get), (108 bytes).
    Removing gd32f4xx_rtc.o(.ARM.exidx.text.rtc_timestamp_get), (8 bytes).
    Removing gd32f4xx_rtc.o(.text.rtc_timestamp_subsecond_get), (12 bytes).
    Removing gd32f4xx_rtc.o(.ARM.exidx.text.rtc_timestamp_subsecond_get), (8 bytes).
    Removing gd32f4xx_rtc.o(.text.rtc_timestamp_pin_map), (32 bytes).
    Removing gd32f4xx_rtc.o(.ARM.exidx.text.rtc_timestamp_pin_map), (8 bytes).
    Removing gd32f4xx_rtc.o(.text.rtc_tamper_enable), (290 bytes).
    Removing gd32f4xx_rtc.o(.ARM.exidx.text.rtc_tamper_enable), (8 bytes).
    Removing gd32f4xx_rtc.o(.text.rtc_tamper_disable), (24 bytes).
    Removing gd32f4xx_rtc.o(.ARM.exidx.text.rtc_tamper_disable), (8 bytes).
    Removing gd32f4xx_rtc.o(.text.rtc_tamper0_pin_map), (32 bytes).
    Removing gd32f4xx_rtc.o(.ARM.exidx.text.rtc_tamper0_pin_map), (8 bytes).
    Removing gd32f4xx_rtc.o(.text.rtc_interrupt_enable), (68 bytes).
    Removing gd32f4xx_rtc.o(.ARM.exidx.text.rtc_interrupt_enable), (8 bytes).
    Removing gd32f4xx_rtc.o(.text.rtc_interrupt_disable), (74 bytes).
    Removing gd32f4xx_rtc.o(.ARM.exidx.text.rtc_interrupt_disable), (8 bytes).
    Removing gd32f4xx_rtc.o(.text.rtc_flag_get), (44 bytes).
    Removing gd32f4xx_rtc.o(.ARM.exidx.text.rtc_flag_get), (8 bytes).
    Removing gd32f4xx_rtc.o(.text.rtc_flag_clear), (24 bytes).
    Removing gd32f4xx_rtc.o(.ARM.exidx.text.rtc_flag_clear), (8 bytes).
    Removing gd32f4xx_rtc.o(.text.rtc_alarm_output_config), (82 bytes).
    Removing gd32f4xx_rtc.o(.ARM.exidx.text.rtc_alarm_output_config), (8 bytes).
    Removing gd32f4xx_rtc.o(.text.rtc_calibration_output_config), (52 bytes).
    Removing gd32f4xx_rtc.o(.ARM.exidx.text.rtc_calibration_output_config), (8 bytes).
    Removing gd32f4xx_rtc.o(.text.rtc_hour_adjust), (44 bytes).
    Removing gd32f4xx_rtc.o(.ARM.exidx.text.rtc_hour_adjust), (8 bytes).
    Removing gd32f4xx_rtc.o(.text.rtc_second_adjust), (174 bytes).
    Removing gd32f4xx_rtc.o(.ARM.exidx.text.rtc_second_adjust), (8 bytes).
    Removing gd32f4xx_rtc.o(.text.rtc_bypass_shadow_enable), (38 bytes).
    Removing gd32f4xx_rtc.o(.ARM.exidx.text.rtc_bypass_shadow_enable), (8 bytes).
    Removing gd32f4xx_rtc.o(.text.rtc_bypass_shadow_disable), (38 bytes).
    Removing gd32f4xx_rtc.o(.ARM.exidx.text.rtc_bypass_shadow_disable), (8 bytes).
    Removing gd32f4xx_rtc.o(.text.rtc_refclock_detection_enable), (84 bytes).
    Removing gd32f4xx_rtc.o(.ARM.exidx.text.rtc_refclock_detection_enable), (8 bytes).
    Removing gd32f4xx_rtc.o(.text.rtc_refclock_detection_disable), (84 bytes).
    Removing gd32f4xx_rtc.o(.ARM.exidx.text.rtc_refclock_detection_disable), (8 bytes).
    Removing gd32f4xx_rtc.o(.text.rtc_wakeup_enable), (38 bytes).
    Removing gd32f4xx_rtc.o(.ARM.exidx.text.rtc_wakeup_enable), (8 bytes).
    Removing gd32f4xx_rtc.o(.text.rtc_wakeup_disable), (146 bytes).
    Removing gd32f4xx_rtc.o(.ARM.exidx.text.rtc_wakeup_disable), (8 bytes).
    Removing gd32f4xx_rtc.o(.text.rtc_wakeup_clock_set), (160 bytes).
    Removing gd32f4xx_rtc.o(.ARM.exidx.text.rtc_wakeup_clock_set), (8 bytes).
    Removing gd32f4xx_rtc.o(.text.rtc_wakeup_timer_set), (148 bytes).
    Removing gd32f4xx_rtc.o(.ARM.exidx.text.rtc_wakeup_timer_set), (8 bytes).
    Removing gd32f4xx_rtc.o(.text.rtc_wakeup_timer_get), (14 bytes).
    Removing gd32f4xx_rtc.o(.ARM.exidx.text.rtc_wakeup_timer_get), (8 bytes).
    Removing gd32f4xx_rtc.o(.text.rtc_smooth_calibration_config), (152 bytes).
    Removing gd32f4xx_rtc.o(.ARM.exidx.text.rtc_smooth_calibration_config), (8 bytes).
    Removing gd32f4xx_rtc.o(.text.rtc_coarse_calibration_enable), (84 bytes).
    Removing gd32f4xx_rtc.o(.ARM.exidx.text.rtc_coarse_calibration_enable), (8 bytes).
    Removing gd32f4xx_rtc.o(.text.rtc_coarse_calibration_disable), (84 bytes).
    Removing gd32f4xx_rtc.o(.ARM.exidx.text.rtc_coarse_calibration_disable), (8 bytes).
    Removing gd32f4xx_rtc.o(.text.rtc_coarse_calibration_config), (152 bytes).
    Removing gd32f4xx_rtc.o(.ARM.exidx.text.rtc_coarse_calibration_config), (8 bytes).
    Removing gd32f4xx_spi.o(.text), (0 bytes).
    Removing gd32f4xx_spi.o(.text.spi_i2s_deinit), (218 bytes).
    Removing gd32f4xx_spi.o(.ARM.exidx.text.spi_i2s_deinit), (8 bytes).
    Removing gd32f4xx_spi.o(.text.spi_struct_para_init), (38 bytes).
    Removing gd32f4xx_spi.o(.ARM.exidx.text.spi_struct_para_init), (8 bytes).
    Removing gd32f4xx_spi.o(.text.spi_init), (114 bytes).
    Removing gd32f4xx_spi.o(.ARM.exidx.text.spi_init), (8 bytes).
    Removing gd32f4xx_spi.o(.text.spi_enable), (18 bytes).
    Removing gd32f4xx_spi.o(.ARM.exidx.text.spi_enable), (8 bytes).
    Removing gd32f4xx_spi.o(.text.spi_disable), (18 bytes).
    Removing gd32f4xx_spi.o(.ARM.exidx.text.spi_disable), (8 bytes).
    Removing gd32f4xx_spi.o(.text.i2s_init), (72 bytes).
    Removing gd32f4xx_spi.o(.ARM.exidx.text.i2s_init), (8 bytes).
    Removing gd32f4xx_spi.o(.text.i2s_psc_config), (364 bytes).
    Removing gd32f4xx_spi.o(.ARM.exidx.text.i2s_psc_config), (8 bytes).
    Removing gd32f4xx_spi.o(.text.i2s_enable), (18 bytes).
    Removing gd32f4xx_spi.o(.ARM.exidx.text.i2s_enable), (8 bytes).
    Removing gd32f4xx_spi.o(.text.i2s_disable), (18 bytes).
    Removing gd32f4xx_spi.o(.ARM.exidx.text.i2s_disable), (8 bytes).
    Removing gd32f4xx_spi.o(.text.spi_nss_output_enable), (18 bytes).
    Removing gd32f4xx_spi.o(.ARM.exidx.text.spi_nss_output_enable), (8 bytes).
    Removing gd32f4xx_spi.o(.text.spi_nss_output_disable), (18 bytes).
    Removing gd32f4xx_spi.o(.ARM.exidx.text.spi_nss_output_disable), (8 bytes).
    Removing gd32f4xx_spi.o(.text.spi_nss_internal_high), (18 bytes).
    Removing gd32f4xx_spi.o(.ARM.exidx.text.spi_nss_internal_high), (8 bytes).
    Removing gd32f4xx_spi.o(.text.spi_nss_internal_low), (18 bytes).
    Removing gd32f4xx_spi.o(.ARM.exidx.text.spi_nss_internal_low), (8 bytes).
    Removing gd32f4xx_spi.o(.text.spi_dma_enable), (44 bytes).
    Removing gd32f4xx_spi.o(.ARM.exidx.text.spi_dma_enable), (8 bytes).
    Removing gd32f4xx_spi.o(.text.spi_dma_disable), (44 bytes).
    Removing gd32f4xx_spi.o(.ARM.exidx.text.spi_dma_disable), (8 bytes).
    Removing gd32f4xx_spi.o(.text.spi_i2s_data_frame_format_config), (34 bytes).
    Removing gd32f4xx_spi.o(.ARM.exidx.text.spi_i2s_data_frame_format_config), (8 bytes).
    Removing gd32f4xx_spi.o(.text.spi_i2s_data_transmit), (20 bytes).
    Removing gd32f4xx_spi.o(.ARM.exidx.text.spi_i2s_data_transmit), (8 bytes).
    Removing gd32f4xx_spi.o(.text.spi_i2s_data_receive), (14 bytes).
    Removing gd32f4xx_spi.o(.ARM.exidx.text.spi_i2s_data_receive), (8 bytes).
    Removing gd32f4xx_spi.o(.text.spi_bidirectional_transfer_config), (44 bytes).
    Removing gd32f4xx_spi.o(.ARM.exidx.text.spi_bidirectional_transfer_config), (8 bytes).
    Removing gd32f4xx_spi.o(.text.i2s_full_duplex_mode_config), (114 bytes).
    Removing gd32f4xx_spi.o(.ARM.exidx.text.i2s_full_duplex_mode_config), (8 bytes).
    Removing gd32f4xx_spi.o(.text.spi_i2s_format_error_clear), (18 bytes).
    Removing gd32f4xx_spi.o(.ARM.exidx.text.spi_i2s_format_error_clear), (8 bytes).
    Removing gd32f4xx_spi.o(.text.spi_crc_polynomial_set), (20 bytes).
    Removing gd32f4xx_spi.o(.ARM.exidx.text.spi_crc_polynomial_set), (8 bytes).
    Removing gd32f4xx_spi.o(.text.spi_crc_polynomial_get), (14 bytes).
    Removing gd32f4xx_spi.o(.ARM.exidx.text.spi_crc_polynomial_get), (8 bytes).
    Removing gd32f4xx_spi.o(.text.spi_crc_on), (18 bytes).
    Removing gd32f4xx_spi.o(.ARM.exidx.text.spi_crc_on), (8 bytes).
    Removing gd32f4xx_spi.o(.text.spi_crc_off), (18 bytes).
    Removing gd32f4xx_spi.o(.ARM.exidx.text.spi_crc_off), (8 bytes).
    Removing gd32f4xx_spi.o(.text.spi_crc_next), (18 bytes).
    Removing gd32f4xx_spi.o(.ARM.exidx.text.spi_crc_next), (8 bytes).
    Removing gd32f4xx_spi.o(.text.spi_crc_get), (44 bytes).
    Removing gd32f4xx_spi.o(.ARM.exidx.text.spi_crc_get), (8 bytes).
    Removing gd32f4xx_spi.o(.text.spi_crc_error_clear), (16 bytes).
    Removing gd32f4xx_spi.o(.ARM.exidx.text.spi_crc_error_clear), (8 bytes).
    Removing gd32f4xx_spi.o(.text.spi_ti_mode_enable), (18 bytes).
    Removing gd32f4xx_spi.o(.ARM.exidx.text.spi_ti_mode_enable), (8 bytes).
    Removing gd32f4xx_spi.o(.text.spi_ti_mode_disable), (18 bytes).
    Removing gd32f4xx_spi.o(.ARM.exidx.text.spi_ti_mode_disable), (8 bytes).
    Removing gd32f4xx_spi.o(.text.spi_quad_enable), (22 bytes).
    Removing gd32f4xx_spi.o(.ARM.exidx.text.spi_quad_enable), (8 bytes).
    Removing gd32f4xx_spi.o(.text.spi_quad_disable), (22 bytes).
    Removing gd32f4xx_spi.o(.ARM.exidx.text.spi_quad_disable), (8 bytes).
    Removing gd32f4xx_spi.o(.text.spi_quad_write_enable), (22 bytes).
    Removing gd32f4xx_spi.o(.ARM.exidx.text.spi_quad_write_enable), (8 bytes).
    Removing gd32f4xx_spi.o(.text.spi_quad_read_enable), (22 bytes).
    Removing gd32f4xx_spi.o(.ARM.exidx.text.spi_quad_read_enable), (8 bytes).
    Removing gd32f4xx_spi.o(.text.spi_quad_io23_output_enable), (22 bytes).
    Removing gd32f4xx_spi.o(.ARM.exidx.text.spi_quad_io23_output_enable), (8 bytes).
    Removing gd32f4xx_spi.o(.text.spi_quad_io23_output_disable), (22 bytes).
    Removing gd32f4xx_spi.o(.ARM.exidx.text.spi_quad_io23_output_disable), (8 bytes).
    Removing gd32f4xx_spi.o(.text.spi_i2s_flag_get), (42 bytes).
    Removing gd32f4xx_spi.o(.ARM.exidx.text.spi_i2s_flag_get), (8 bytes).
    Removing gd32f4xx_spi.o(.text.spi_i2s_interrupt_enable), (78 bytes).
    Removing gd32f4xx_spi.o(.ARM.exidx.text.spi_i2s_interrupt_enable), (8 bytes).
    Removing gd32f4xx_spi.o(.text.spi_i2s_interrupt_disable), (78 bytes).
    Removing gd32f4xx_spi.o(.ARM.exidx.text.spi_i2s_interrupt_disable), (8 bytes).
    Removing gd32f4xx_spi.o(.text.spi_i2s_interrupt_flag_get), (210 bytes).
    Removing gd32f4xx_spi.o(.ARM.exidx.text.spi_i2s_interrupt_flag_get), (8 bytes).
    Removing gd32f4xx_syscfg.o(.text), (0 bytes).
    Removing gd32f4xx_syscfg.o(.text.syscfg_deinit), (24 bytes).
    Removing gd32f4xx_syscfg.o(.ARM.exidx.text.syscfg_deinit), (8 bytes).
    Removing gd32f4xx_syscfg.o(.text.syscfg_bootmode_config), (36 bytes).
    Removing gd32f4xx_syscfg.o(.ARM.exidx.text.syscfg_bootmode_config), (8 bytes).
    Removing gd32f4xx_syscfg.o(.text.syscfg_fmc_swap_config), (36 bytes).
    Removing gd32f4xx_syscfg.o(.ARM.exidx.text.syscfg_fmc_swap_config), (8 bytes).
    Removing gd32f4xx_syscfg.o(.text.syscfg_exmc_swap_config), (36 bytes).
    Removing gd32f4xx_syscfg.o(.ARM.exidx.text.syscfg_exmc_swap_config), (8 bytes).
    Removing gd32f4xx_syscfg.o(.text.syscfg_exti_line_config), (180 bytes).
    Removing gd32f4xx_syscfg.o(.ARM.exidx.text.syscfg_exti_line_config), (8 bytes).
    Removing gd32f4xx_syscfg.o(.text.syscfg_enet_phy_interface_config), (36 bytes).
    Removing gd32f4xx_syscfg.o(.ARM.exidx.text.syscfg_enet_phy_interface_config), (8 bytes).
    Removing gd32f4xx_syscfg.o(.text.syscfg_compensation_config), (36 bytes).
    Removing gd32f4xx_syscfg.o(.ARM.exidx.text.syscfg_compensation_config), (8 bytes).
    Removing gd32f4xx_syscfg.o(.text.syscfg_flag_get), (44 bytes).
    Removing gd32f4xx_syscfg.o(.ARM.exidx.text.syscfg_flag_get), (8 bytes).
    Removing gd32f4xx_timer.o(.text), (0 bytes).
    Removing gd32f4xx_timer.o(.text.timer_deinit), (488 bytes).
    Removing gd32f4xx_timer.o(.ARM.exidx.text.timer_deinit), (8 bytes).
    Removing gd32f4xx_timer.o(.text.timer_struct_para_init), (38 bytes).
    Removing gd32f4xx_timer.o(.ARM.exidx.text.timer_struct_para_init), (8 bytes).
    Removing gd32f4xx_timer.o(.text.timer_init), (256 bytes).
    Removing gd32f4xx_timer.o(.ARM.exidx.text.timer_init), (8 bytes).
    Removing gd32f4xx_timer.o(.text.timer_enable), (18 bytes).
    Removing gd32f4xx_timer.o(.ARM.exidx.text.timer_enable), (8 bytes).
    Removing gd32f4xx_timer.o(.text.timer_disable), (18 bytes).
    Removing gd32f4xx_timer.o(.ARM.exidx.text.timer_disable), (8 bytes).
    Removing gd32f4xx_timer.o(.text.timer_auto_reload_shadow_enable), (18 bytes).
    Removing gd32f4xx_timer.o(.ARM.exidx.text.timer_auto_reload_shadow_enable), (8 bytes).
    Removing gd32f4xx_timer.o(.text.timer_auto_reload_shadow_disable), (18 bytes).
    Removing gd32f4xx_timer.o(.ARM.exidx.text.timer_auto_reload_shadow_disable), (8 bytes).
    Removing gd32f4xx_timer.o(.text.timer_update_event_enable), (18 bytes).
    Removing gd32f4xx_timer.o(.ARM.exidx.text.timer_update_event_enable), (8 bytes).
    Removing gd32f4xx_timer.o(.text.timer_update_event_disable), (18 bytes).
    Removing gd32f4xx_timer.o(.ARM.exidx.text.timer_update_event_disable), (8 bytes).
    Removing gd32f4xx_timer.o(.text.timer_counter_alignment), (34 bytes).
    Removing gd32f4xx_timer.o(.ARM.exidx.text.timer_counter_alignment), (8 bytes).
    Removing gd32f4xx_timer.o(.text.timer_counter_up_direction), (18 bytes).
    Removing gd32f4xx_timer.o(.ARM.exidx.text.timer_counter_up_direction), (8 bytes).
    Removing gd32f4xx_timer.o(.text.timer_counter_down_direction), (18 bytes).
    Removing gd32f4xx_timer.o(.ARM.exidx.text.timer_counter_down_direction), (8 bytes).
    Removing gd32f4xx_timer.o(.text.timer_prescaler_config), (44 bytes).
    Removing gd32f4xx_timer.o(.ARM.exidx.text.timer_prescaler_config), (8 bytes).
    Removing gd32f4xx_timer.o(.text.timer_repetition_value_config), (20 bytes).
    Removing gd32f4xx_timer.o(.ARM.exidx.text.timer_repetition_value_config), (8 bytes).
    Removing gd32f4xx_timer.o(.text.timer_autoreload_value_config), (16 bytes).
    Removing gd32f4xx_timer.o(.ARM.exidx.text.timer_autoreload_value_config), (8 bytes).
    Removing gd32f4xx_timer.o(.text.timer_counter_value_config), (16 bytes).
    Removing gd32f4xx_timer.o(.ARM.exidx.text.timer_counter_value_config), (8 bytes).
    Removing gd32f4xx_timer.o(.text.timer_counter_read), (20 bytes).
    Removing gd32f4xx_timer.o(.ARM.exidx.text.timer_counter_read), (8 bytes).
    Removing gd32f4xx_timer.o(.text.timer_prescaler_read), (26 bytes).
    Removing gd32f4xx_timer.o(.ARM.exidx.text.timer_prescaler_read), (8 bytes).
    Removing gd32f4xx_timer.o(.text.timer_single_pulse_mode_config), (52 bytes).
    Removing gd32f4xx_timer.o(.ARM.exidx.text.timer_single_pulse_mode_config), (8 bytes).
    Removing gd32f4xx_timer.o(.text.timer_update_source_config), (52 bytes).
    Removing gd32f4xx_timer.o(.ARM.exidx.text.timer_update_source_config), (8 bytes).
    Removing gd32f4xx_timer.o(.text.timer_dma_enable), (24 bytes).
    Removing gd32f4xx_timer.o(.ARM.exidx.text.timer_dma_enable), (8 bytes).
    Removing gd32f4xx_timer.o(.text.timer_dma_disable), (24 bytes).
    Removing gd32f4xx_timer.o(.ARM.exidx.text.timer_dma_disable), (8 bytes).
    Removing gd32f4xx_timer.o(.text.timer_channel_dma_request_source_select), (58 bytes).
    Removing gd32f4xx_timer.o(.ARM.exidx.text.timer_channel_dma_request_source_select), (8 bytes).
    Removing gd32f4xx_timer.o(.text.timer_dma_transfer_config), (40 bytes).
    Removing gd32f4xx_timer.o(.ARM.exidx.text.timer_dma_transfer_config), (8 bytes).
    Removing gd32f4xx_timer.o(.text.timer_event_software_generate), (24 bytes).
    Removing gd32f4xx_timer.o(.ARM.exidx.text.timer_event_software_generate), (8 bytes).
    Removing gd32f4xx_timer.o(.text.timer_break_struct_para_init), (38 bytes).
    Removing gd32f4xx_timer.o(.ARM.exidx.text.timer_break_struct_para_init), (8 bytes).
    Removing gd32f4xx_timer.o(.text.timer_break_config), (42 bytes).
    Removing gd32f4xx_timer.o(.ARM.exidx.text.timer_break_config), (8 bytes).
    Removing gd32f4xx_timer.o(.text.timer_break_enable), (18 bytes).
    Removing gd32f4xx_timer.o(.ARM.exidx.text.timer_break_enable), (8 bytes).
    Removing gd32f4xx_timer.o(.text.timer_break_disable), (18 bytes).
    Removing gd32f4xx_timer.o(.ARM.exidx.text.timer_break_disable), (8 bytes).
    Removing gd32f4xx_timer.o(.text.timer_automatic_output_enable), (18 bytes).
    Removing gd32f4xx_timer.o(.ARM.exidx.text.timer_automatic_output_enable), (8 bytes).
    Removing gd32f4xx_timer.o(.text.timer_automatic_output_disable), (18 bytes).
    Removing gd32f4xx_timer.o(.ARM.exidx.text.timer_automatic_output_disable), (8 bytes).
    Removing gd32f4xx_timer.o(.text.timer_primary_output_config), (46 bytes).
    Removing gd32f4xx_timer.o(.ARM.exidx.text.timer_primary_output_config), (8 bytes).
    Removing gd32f4xx_timer.o(.text.timer_channel_control_shadow_config), (46 bytes).
    Removing gd32f4xx_timer.o(.ARM.exidx.text.timer_channel_control_shadow_config), (8 bytes).
    Removing gd32f4xx_timer.o(.text.timer_channel_control_shadow_update_config), (58 bytes).
    Removing gd32f4xx_timer.o(.ARM.exidx.text.timer_channel_control_shadow_update_config), (8 bytes).
    Removing gd32f4xx_timer.o(.text.timer_channel_output_struct_para_init), (34 bytes).
    Removing gd32f4xx_timer.o(.ARM.exidx.text.timer_channel_output_struct_para_init), (8 bytes).
    Removing gd32f4xx_timer.o(.text.timer_channel_output_config), (712 bytes).
    Removing gd32f4xx_timer.o(.ARM.exidx.text.timer_channel_output_config), (8 bytes).
    Removing gd32f4xx_timer.o(.text.timer_channel_output_mode_config), (140 bytes).
    Removing gd32f4xx_timer.o(.ARM.exidx.text.timer_channel_output_mode_config), (8 bytes).
    Removing gd32f4xx_timer.o(.text.timer_channel_output_pulse_value_config), (70 bytes).
    Removing gd32f4xx_timer.o(.ARM.exidx.text.timer_channel_output_pulse_value_config), (8 bytes).
    Removing gd32f4xx_timer.o(.text.timer_channel_output_shadow_config), (140 bytes).
    Removing gd32f4xx_timer.o(.ARM.exidx.text.timer_channel_output_shadow_config), (8 bytes).
    Removing gd32f4xx_timer.o(.text.timer_channel_output_fast_config), (140 bytes).
    Removing gd32f4xx_timer.o(.ARM.exidx.text.timer_channel_output_fast_config), (8 bytes).
    Removing gd32f4xx_timer.o(.text.timer_channel_output_clear_config), (140 bytes).
    Removing gd32f4xx_timer.o(.ARM.exidx.text.timer_channel_output_clear_config), (8 bytes).
    Removing gd32f4xx_timer.o(.text.timer_channel_output_polarity_config), (142 bytes).
    Removing gd32f4xx_timer.o(.ARM.exidx.text.timer_channel_output_polarity_config), (8 bytes).
    Removing gd32f4xx_timer.o(.text.timer_channel_complementary_output_polarity_config), (122 bytes).
    Removing gd32f4xx_timer.o(.ARM.exidx.text.timer_channel_complementary_output_polarity_config), (8 bytes).
    Removing gd32f4xx_timer.o(.text.timer_channel_output_state_config), (132 bytes).
    Removing gd32f4xx_timer.o(.ARM.exidx.text.timer_channel_output_state_config), (8 bytes).
    Removing gd32f4xx_timer.o(.text.timer_channel_complementary_output_state_config), (122 bytes).
    Removing gd32f4xx_timer.o(.ARM.exidx.text.timer_channel_complementary_output_state_config), (8 bytes).
    Removing gd32f4xx_timer.o(.text.timer_channel_input_struct_para_init), (28 bytes).
    Removing gd32f4xx_timer.o(.ARM.exidx.text.timer_channel_input_struct_para_init), (8 bytes).
    Removing gd32f4xx_timer.o(.text.timer_input_capture_config), (426 bytes).
    Removing gd32f4xx_timer.o(.ARM.exidx.text.timer_input_capture_config), (8 bytes).
    Removing gd32f4xx_timer.o(.text.timer_channel_input_capture_prescaler_config), (140 bytes).
    Removing gd32f4xx_timer.o(.ARM.exidx.text.timer_channel_input_capture_prescaler_config), (8 bytes).
    Removing gd32f4xx_timer.o(.text.timer_channel_capture_value_register_read), (74 bytes).
    Removing gd32f4xx_timer.o(.ARM.exidx.text.timer_channel_capture_value_register_read), (8 bytes).
    Removing gd32f4xx_timer.o(.text.timer_input_pwm_capture_config), (498 bytes).
    Removing gd32f4xx_timer.o(.ARM.exidx.text.timer_input_pwm_capture_config), (8 bytes).
    Removing gd32f4xx_timer.o(.text.timer_hall_mode_config), (52 bytes).
    Removing gd32f4xx_timer.o(.ARM.exidx.text.timer_hall_mode_config), (8 bytes).
    Removing gd32f4xx_timer.o(.text.timer_input_trigger_source_select), (30 bytes).
    Removing gd32f4xx_timer.o(.ARM.exidx.text.timer_input_trigger_source_select), (8 bytes).
    Removing gd32f4xx_timer.o(.text.timer_master_output_trigger_source_select), (30 bytes).
    Removing gd32f4xx_timer.o(.ARM.exidx.text.timer_master_output_trigger_source_select), (8 bytes).
    Removing gd32f4xx_timer.o(.text.timer_slave_mode_select), (30 bytes).
    Removing gd32f4xx_timer.o(.ARM.exidx.text.timer_slave_mode_select), (8 bytes).
    Removing gd32f4xx_timer.o(.text.timer_master_slave_mode_config), (52 bytes).
    Removing gd32f4xx_timer.o(.ARM.exidx.text.timer_master_slave_mode_config), (8 bytes).
    Removing gd32f4xx_timer.o(.text.timer_external_trigger_config), (52 bytes).
    Removing gd32f4xx_timer.o(.ARM.exidx.text.timer_external_trigger_config), (8 bytes).
    Removing gd32f4xx_timer.o(.text.timer_quadrature_decoder_mode_config), (102 bytes).
    Removing gd32f4xx_timer.o(.ARM.exidx.text.timer_quadrature_decoder_mode_config), (8 bytes).
    Removing gd32f4xx_timer.o(.text.timer_internal_clock_config), (18 bytes).
    Removing gd32f4xx_timer.o(.ARM.exidx.text.timer_internal_clock_config), (8 bytes).
    Removing gd32f4xx_timer.o(.text.timer_internal_trigger_as_external_clock_config), (40 bytes).
    Removing gd32f4xx_timer.o(.ARM.exidx.text.timer_internal_trigger_as_external_clock_config), (8 bytes).
    Removing gd32f4xx_timer.o(.text.timer_external_trigger_as_external_clock_config), (228 bytes).
    Removing gd32f4xx_timer.o(.ARM.exidx.text.timer_external_trigger_as_external_clock_config), (8 bytes).
    Removing gd32f4xx_timer.o(.text.timer_external_clock_mode0_config), (48 bytes).
    Removing gd32f4xx_timer.o(.ARM.exidx.text.timer_external_clock_mode0_config), (8 bytes).
    Removing gd32f4xx_timer.o(.text.timer_external_clock_mode1_config), (38 bytes).
    Removing gd32f4xx_timer.o(.ARM.exidx.text.timer_external_clock_mode1_config), (8 bytes).
    Removing gd32f4xx_timer.o(.text.timer_external_clock_mode1_disable), (18 bytes).
    Removing gd32f4xx_timer.o(.ARM.exidx.text.timer_external_clock_mode1_disable), (8 bytes).
    Removing gd32f4xx_timer.o(.text.timer_channel_remap_config), (16 bytes).
    Removing gd32f4xx_timer.o(.ARM.exidx.text.timer_channel_remap_config), (8 bytes).
    Removing gd32f4xx_timer.o(.text.timer_write_chxval_register_config), (66 bytes).
    Removing gd32f4xx_timer.o(.ARM.exidx.text.timer_write_chxval_register_config), (8 bytes).
    Removing gd32f4xx_timer.o(.text.timer_output_value_selection_config), (66 bytes).
    Removing gd32f4xx_timer.o(.ARM.exidx.text.timer_output_value_selection_config), (8 bytes).
    Removing gd32f4xx_timer.o(.text.timer_flag_get), (42 bytes).
    Removing gd32f4xx_timer.o(.ARM.exidx.text.timer_flag_get), (8 bytes).
    Removing gd32f4xx_timer.o(.text.timer_flag_clear), (18 bytes).
    Removing gd32f4xx_timer.o(.ARM.exidx.text.timer_flag_clear), (8 bytes).
    Removing gd32f4xx_timer.o(.text.timer_interrupt_enable), (20 bytes).
    Removing gd32f4xx_timer.o(.ARM.exidx.text.timer_interrupt_enable), (8 bytes).
    Removing gd32f4xx_timer.o(.text.timer_interrupt_disable), (20 bytes).
    Removing gd32f4xx_timer.o(.ARM.exidx.text.timer_interrupt_disable), (8 bytes).
    Removing gd32f4xx_timer.o(.ARM.exidx.text.timer_interrupt_flag_get), (8 bytes).
    Removing gd32f4xx_timer.o(.ARM.exidx.text.timer_interrupt_flag_clear), (8 bytes).
    Removing gd32f4xx_usart.o(.text), (0 bytes).
    Removing gd32f4xx_usart.o(.text.usart_deinit), (286 bytes).
    Removing gd32f4xx_usart.o(.ARM.exidx.text.usart_deinit), (8 bytes).
    Removing gd32f4xx_usart.o(.text.usart_baudrate_set), (344 bytes).
    Removing gd32f4xx_usart.o(.ARM.exidx.text.usart_baudrate_set), (8 bytes).
    Removing gd32f4xx_usart.o(.text.usart_parity_config), (30 bytes).
    Removing gd32f4xx_usart.o(.ARM.exidx.text.usart_parity_config), (8 bytes).
    Removing gd32f4xx_usart.o(.text.usart_word_length_set), (30 bytes).
    Removing gd32f4xx_usart.o(.ARM.exidx.text.usart_word_length_set), (8 bytes).
    Removing gd32f4xx_usart.o(.text.usart_stop_bit_set), (30 bytes).
    Removing gd32f4xx_usart.o(.ARM.exidx.text.usart_stop_bit_set), (8 bytes).
    Removing gd32f4xx_usart.o(.text.usart_enable), (18 bytes).
    Removing gd32f4xx_usart.o(.ARM.exidx.text.usart_enable), (8 bytes).
    Removing gd32f4xx_usart.o(.text.usart_disable), (18 bytes).
    Removing gd32f4xx_usart.o(.ARM.exidx.text.usart_disable), (8 bytes).
    Removing gd32f4xx_usart.o(.text.usart_transmit_config), (42 bytes).
    Removing gd32f4xx_usart.o(.ARM.exidx.text.usart_transmit_config), (8 bytes).
    Removing gd32f4xx_usart.o(.text.usart_receive_config), (42 bytes).
    Removing gd32f4xx_usart.o(.ARM.exidx.text.usart_receive_config), (8 bytes).
    Removing gd32f4xx_usart.o(.text.usart_data_first_config), (46 bytes).
    Removing gd32f4xx_usart.o(.ARM.exidx.text.usart_data_first_config), (8 bytes).
    Removing gd32f4xx_usart.o(.text.usart_invert_config), (134 bytes).
    Removing gd32f4xx_usart.o(.ARM.exidx.text.usart_invert_config), (8 bytes).
    Removing gd32f4xx_usart.o(.text.usart_oversample_config), (30 bytes).
    Removing gd32f4xx_usart.o(.ARM.exidx.text.usart_oversample_config), (8 bytes).
    Removing gd32f4xx_usart.o(.text.usart_sample_bit_config), (30 bytes).
    Removing gd32f4xx_usart.o(.ARM.exidx.text.usart_sample_bit_config), (8 bytes).
    Removing gd32f4xx_usart.o(.text.usart_receiver_timeout_enable), (22 bytes).
    Removing gd32f4xx_usart.o(.ARM.exidx.text.usart_receiver_timeout_enable), (8 bytes).
    Removing gd32f4xx_usart.o(.text.usart_receiver_timeout_disable), (22 bytes).
    Removing gd32f4xx_usart.o(.ARM.exidx.text.usart_receiver_timeout_disable), (8 bytes).
    Removing gd32f4xx_usart.o(.text.usart_receiver_timeout_threshold_config), (38 bytes).
    Removing gd32f4xx_usart.o(.ARM.exidx.text.usart_receiver_timeout_threshold_config), (8 bytes).
    Removing gd32f4xx_usart.o(.ARM.exidx.text.usart_data_transmit), (8 bytes).
    Removing gd32f4xx_usart.o(.ARM.exidx.text.usart_data_receive), (8 bytes).
    Removing gd32f4xx_usart.o(.text.usart_address_config), (38 bytes).
    Removing gd32f4xx_usart.o(.ARM.exidx.text.usart_address_config), (8 bytes).
    Removing gd32f4xx_usart.o(.text.usart_mute_mode_enable), (18 bytes).
    Removing gd32f4xx_usart.o(.ARM.exidx.text.usart_mute_mode_enable), (8 bytes).
    Removing gd32f4xx_usart.o(.text.usart_mute_mode_disable), (18 bytes).
    Removing gd32f4xx_usart.o(.ARM.exidx.text.usart_mute_mode_disable), (8 bytes).
    Removing gd32f4xx_usart.o(.text.usart_mute_mode_wakeup_config), (30 bytes).
    Removing gd32f4xx_usart.o(.ARM.exidx.text.usart_mute_mode_wakeup_config), (8 bytes).
    Removing gd32f4xx_usart.o(.text.usart_lin_mode_enable), (18 bytes).
    Removing gd32f4xx_usart.o(.ARM.exidx.text.usart_lin_mode_enable), (8 bytes).
    Removing gd32f4xx_usart.o(.text.usart_lin_mode_disable), (18 bytes).
    Removing gd32f4xx_usart.o(.ARM.exidx.text.usart_lin_mode_disable), (8 bytes).
    Removing gd32f4xx_usart.o(.text.usart_lin_break_detection_length_config), (34 bytes).
    Removing gd32f4xx_usart.o(.ARM.exidx.text.usart_lin_break_detection_length_config), (8 bytes).
    Removing gd32f4xx_usart.o(.text.usart_send_break), (18 bytes).
    Removing gd32f4xx_usart.o(.ARM.exidx.text.usart_send_break), (8 bytes).
    Removing gd32f4xx_usart.o(.text.usart_halfduplex_enable), (18 bytes).
    Removing gd32f4xx_usart.o(.ARM.exidx.text.usart_halfduplex_enable), (8 bytes).
    Removing gd32f4xx_usart.o(.text.usart_halfduplex_disable), (18 bytes).
    Removing gd32f4xx_usart.o(.ARM.exidx.text.usart_halfduplex_disable), (8 bytes).
    Removing gd32f4xx_usart.o(.text.usart_synchronous_clock_enable), (18 bytes).
    Removing gd32f4xx_usart.o(.ARM.exidx.text.usart_synchronous_clock_enable), (8 bytes).
    Removing gd32f4xx_usart.o(.text.usart_synchronous_clock_disable), (18 bytes).
    Removing gd32f4xx_usart.o(.ARM.exidx.text.usart_synchronous_clock_disable), (8 bytes).
    Removing gd32f4xx_usart.o(.text.usart_synchronous_clock_config), (54 bytes).
    Removing gd32f4xx_usart.o(.ARM.exidx.text.usart_synchronous_clock_config), (8 bytes).
    Removing gd32f4xx_usart.o(.text.usart_guard_time_config), (36 bytes).
    Removing gd32f4xx_usart.o(.ARM.exidx.text.usart_guard_time_config), (8 bytes).
    Removing gd32f4xx_usart.o(.text.usart_smartcard_mode_enable), (18 bytes).
    Removing gd32f4xx_usart.o(.ARM.exidx.text.usart_smartcard_mode_enable), (8 bytes).
    Removing gd32f4xx_usart.o(.text.usart_smartcard_mode_disable), (18 bytes).
    Removing gd32f4xx_usart.o(.ARM.exidx.text.usart_smartcard_mode_disable), (8 bytes).
    Removing gd32f4xx_usart.o(.text.usart_smartcard_mode_nack_enable), (18 bytes).
    Removing gd32f4xx_usart.o(.ARM.exidx.text.usart_smartcard_mode_nack_enable), (8 bytes).
    Removing gd32f4xx_usart.o(.text.usart_smartcard_mode_nack_disable), (18 bytes).
    Removing gd32f4xx_usart.o(.ARM.exidx.text.usart_smartcard_mode_nack_disable), (8 bytes).
    Removing gd32f4xx_usart.o(.text.usart_smartcard_autoretry_config), (48 bytes).
    Removing gd32f4xx_usart.o(.ARM.exidx.text.usart_smartcard_autoretry_config), (8 bytes).
    Removing gd32f4xx_usart.o(.text.usart_block_length_config), (44 bytes).
    Removing gd32f4xx_usart.o(.ARM.exidx.text.usart_block_length_config), (8 bytes).
    Removing gd32f4xx_usart.o(.text.usart_irda_mode_enable), (18 bytes).
    Removing gd32f4xx_usart.o(.ARM.exidx.text.usart_irda_mode_enable), (8 bytes).
    Removing gd32f4xx_usart.o(.text.usart_irda_mode_disable), (18 bytes).
    Removing gd32f4xx_usart.o(.ARM.exidx.text.usart_irda_mode_disable), (8 bytes).
    Removing gd32f4xx_usart.o(.text.usart_prescaler_config), (34 bytes).
    Removing gd32f4xx_usart.o(.ARM.exidx.text.usart_prescaler_config), (8 bytes).
    Removing gd32f4xx_usart.o(.text.usart_irda_lowpower_config), (34 bytes).
    Removing gd32f4xx_usart.o(.ARM.exidx.text.usart_irda_lowpower_config), (8 bytes).
    Removing gd32f4xx_usart.o(.text.usart_hardware_flow_rts_config), (34 bytes).
    Removing gd32f4xx_usart.o(.ARM.exidx.text.usart_hardware_flow_rts_config), (8 bytes).
    Removing gd32f4xx_usart.o(.text.usart_hardware_flow_cts_config), (34 bytes).
    Removing gd32f4xx_usart.o(.ARM.exidx.text.usart_hardware_flow_cts_config), (8 bytes).
    Removing gd32f4xx_usart.o(.text.usart_break_frame_coherence_config), (42 bytes).
    Removing gd32f4xx_usart.o(.ARM.exidx.text.usart_break_frame_coherence_config), (8 bytes).
    Removing gd32f4xx_usart.o(.text.usart_parity_check_coherence_config), (42 bytes).
    Removing gd32f4xx_usart.o(.ARM.exidx.text.usart_parity_check_coherence_config), (8 bytes).
    Removing gd32f4xx_usart.o(.text.usart_hardware_flow_coherence_config), (42 bytes).
    Removing gd32f4xx_usart.o(.ARM.exidx.text.usart_hardware_flow_coherence_config), (8 bytes).
    Removing gd32f4xx_usart.o(.text.usart_dma_receive_config), (34 bytes).
    Removing gd32f4xx_usart.o(.ARM.exidx.text.usart_dma_receive_config), (8 bytes).
    Removing gd32f4xx_usart.o(.text.usart_dma_transmit_config), (34 bytes).
    Removing gd32f4xx_usart.o(.ARM.exidx.text.usart_dma_transmit_config), (8 bytes).
    Removing gd32f4xx_usart.o(.ARM.exidx.text.usart_flag_get), (8 bytes).
    Removing gd32f4xx_usart.o(.text.usart_flag_clear), (74 bytes).
    Removing gd32f4xx_usart.o(.ARM.exidx.text.usart_flag_clear), (8 bytes).
    Removing gd32f4xx_usart.o(.text.usart_interrupt_enable), (36 bytes).
    Removing gd32f4xx_usart.o(.ARM.exidx.text.usart_interrupt_enable), (8 bytes).
    Removing gd32f4xx_usart.o(.text.usart_interrupt_disable), (36 bytes).
    Removing gd32f4xx_usart.o(.ARM.exidx.text.usart_interrupt_disable), (8 bytes).
    Removing gd32f4xx_usart.o(.ARM.exidx.text.usart_interrupt_flag_get), (8 bytes).
    Removing gd32f4xx_usart.o(.ARM.exidx.text.usart_interrupt_flag_clear), (8 bytes).
    Removing startup_gd32f407_427.o(HEAP), (16384 bytes).
    Removing system_gd32f4xx.o(.text), (0 bytes).
    Removing system_gd32f4xx.o(.ARM.exidx.text.SystemInit), (8 bytes).
    Removing system_gd32f4xx.o(.ARM.exidx.text.system_clock_config), (8 bytes).
    Removing system_gd32f4xx.o(.text.SystemCoreClockUpdate), (282 bytes).
    Removing system_gd32f4xx.o(.ARM.exidx.text.SystemCoreClockUpdate), (8 bytes).
    Removing system_gd32f4xx.o(.text.gd32f4xx_firmware_version_get), (6 bytes).
    Removing system_gd32f4xx.o(.ARM.exidx.text.gd32f4xx_firmware_version_get), (8 bytes).
    Removing system_gd32f4xx.o(.ARM.exidx.text.system_clock_168m_8m_hxtal), (8 bytes).
    Removing system_gd32f4xx.o(.rodata.cst16), (16 bytes).

1384 unused section(s) (total 84033 bytes) removed from the image.

==============================================================================

Image Symbol Table

    Local Symbols

    Symbol Name                              Value     Ov Type        Size  Object(Section)

    ../clib/division.s                       0x00000000   Number         0  aeabi_sdiv.o ABSOLUTE
    ../clib/microlib/division.c              0x00000000   Number         0  uidiv.o ABSOLUTE
    ../clib/microlib/division.c              0x00000000   Number         0  uldiv.o ABSOLUTE
    ../clib/microlib/init/entry.s            0x00000000   Number         0  entry.o ABSOLUTE
    ../clib/microlib/init/entry.s            0x00000000   Number         0  entry2.o ABSOLUTE
    ../clib/microlib/init/entry.s            0x00000000   Number         0  entry5.o ABSOLUTE
    ../clib/microlib/init/entry.s            0x00000000   Number         0  entry7a.o ABSOLUTE
    ../clib/microlib/init/entry.s            0x00000000   Number         0  entry7b.o ABSOLUTE
    ../clib/microlib/init/entry.s            0x00000000   Number         0  entry8a.o ABSOLUTE
    ../clib/microlib/init/entry.s            0x00000000   Number         0  entry8b.o ABSOLUTE
    ../clib/microlib/init/entry.s            0x00000000   Number         0  entry9a.o ABSOLUTE
    ../clib/microlib/init/entry.s            0x00000000   Number         0  entry9b.o ABSOLUTE
    ../clib/microlib/init/entry.s            0x00000000   Number         0  entry10a.o ABSOLUTE
    ../clib/microlib/init/entry.s            0x00000000   Number         0  entry10b.o ABSOLUTE
    ../clib/microlib/init/entry.s            0x00000000   Number         0  entry11a.o ABSOLUTE
    ../clib/microlib/init/entry.s            0x00000000   Number         0  entry11b.o ABSOLUTE
    ../clib/microlib/longlong.c              0x00000000   Number         0  llshl.o ABSOLUTE
    ../clib/microlib/longlong.c              0x00000000   Number         0  llushr.o ABSOLUTE
    ../clib/microlib/longlong.c              0x00000000   Number         0  llsshr.o ABSOLUTE
    ../clib/microlib/printf/printf.c         0x00000000   Number         0  printfa.o ABSOLUTE
    ../clib/microlib/stdio/streams.c         0x00000000   Number         0  stdout.o ABSOLUTE
    ../clib/microlib/string/memcpy.c         0x00000000   Number         0  memcpya.o ABSOLUTE
    ../clib/microlib/string/memcpy.c         0x00000000   Number         0  memcpyb.o ABSOLUTE
    ../clib/microlib/string/memset.c         0x00000000   Number         0  memseta.o ABSOLUTE
    ../clib/microlib/stubs.s                 0x00000000   Number         0  iusefp.o ABSOLUTE
    ../fplib/microlib/fpadd.c                0x00000000   Number         0  dadd.o ABSOLUTE
    ../fplib/microlib/fpdiv.c                0x00000000   Number         0  ddiv.o ABSOLUTE
    ../fplib/microlib/fpepilogue.c           0x00000000   Number         0  depilogue.o ABSOLUTE
    ../fplib/microlib/fpfix.c                0x00000000   Number         0  dfixul.o ABSOLUTE
    ../fplib/microlib/fpmul.c                0x00000000   Number         0  dmul.o ABSOLUTE
    App.c                                    0x00000000   Number         0  app.o ABSOLUTE
    RTE/Device/GD32F407VE/startup_gd32f407_427.s 0x00000000   Number         0  startup_gd32f407_427.o ABSOLUTE
    cdrcmple.s                               0x00000000   Number         0  cdrcmple.o ABSOLUTE
    croutine.c                               0x00000000   Number         0  croutine.o ABSOLUTE
    dc.s                                     0x00000000   Number         0  dc.o ABSOLUTE
    event_groups.c                           0x00000000   Number         0  event_groups.o ABSOLUTE
    gd32f4xx_adc.c                           0x00000000   Number         0  gd32f4xx_adc.o ABSOLUTE
    gd32f4xx_dma.c                           0x00000000   Number         0  gd32f4xx_dma.o ABSOLUTE
    gd32f4xx_exti.c                          0x00000000   Number         0  gd32f4xx_exti.o ABSOLUTE
    gd32f4xx_gpio.c                          0x00000000   Number         0  gd32f4xx_gpio.o ABSOLUTE
    gd32f4xx_i2c.c                           0x00000000   Number         0  gd32f4xx_i2c.o ABSOLUTE
    gd32f4xx_it.c                            0x00000000   Number         0  gd32f4xx_it.o ABSOLUTE
    gd32f4xx_misc.c                          0x00000000   Number         0  gd32f4xx_misc.o ABSOLUTE
    gd32f4xx_pmu.c                           0x00000000   Number         0  gd32f4xx_pmu.o ABSOLUTE
    gd32f4xx_rcu.c                           0x00000000   Number         0  gd32f4xx_rcu.o ABSOLUTE
    gd32f4xx_rtc.c                           0x00000000   Number         0  gd32f4xx_rtc.o ABSOLUTE
    gd32f4xx_spi.c                           0x00000000   Number         0  gd32f4xx_spi.o ABSOLUTE
    gd32f4xx_syscfg.c                        0x00000000   Number         0  gd32f4xx_syscfg.o ABSOLUTE
    gd32f4xx_timer.c                         0x00000000   Number         0  gd32f4xx_timer.o ABSOLUTE
    gd32f4xx_usart.c                         0x00000000   Number         0  gd32f4xx_usart.o ABSOLUTE
    handlers.s                               0x00000000   Number         0  handlers.o ABSOLUTE
    heap_4.c                                 0x00000000   Number         0  heap_4.o ABSOLUTE
    init.s                                   0x00000000   Number         0  init.o ABSOLUTE
    lib_peripheral.c                         0x00000000   Number         0  lib_peripheral.o ABSOLUTE
    lib_timer.c                              0x00000000   Number         0  lib_timer.o ABSOLUTE
    lib_timer5.c                             0x00000000   Number         0  lib_timer5.o ABSOLUTE
    lib_usart.c                              0x00000000   Number         0  lib_usart.o ABSOLUTE
    lib_usart0.c                             0x00000000   Number         0  lib_usart0.o ABSOLUTE
    list.c                                   0x00000000   Number         0  list.o ABSOLUTE
    main.c                                   0x00000000   Number         0  main.o ABSOLUTE
    port.c                                   0x00000000   Number         0  port.o ABSOLUTE
    queue.c                                  0x00000000   Number         0  queue.o ABSOLUTE
    stream_buffer.c                          0x00000000   Number         0  stream_buffer.o ABSOLUTE
    system_gd32f4xx.c                        0x00000000   Number         0  system_gd32f4xx.o ABSOLUTE
    systick.c                                0x00000000   Number         0  systick.o ABSOLUTE
    tasks.c                                  0x00000000   Number         0  tasks.o ABSOLUTE
    timers.c                                 0x00000000   Number         0  timers.o ABSOLUTE
    RESET                                    0x08000000   Section      392  startup_gd32f407_427.o(RESET)
    .ARM.Collect$$$$00000000                 0x08000188   Section        0  entry.o(.ARM.Collect$$$$00000000)
    .ARM.Collect$$$$00000001                 0x08000188   Section        4  entry2.o(.ARM.Collect$$$$00000001)
    .ARM.Collect$$$$00000004                 0x0800018c   Section        4  entry5.o(.ARM.Collect$$$$00000004)
    .ARM.Collect$$$$00000008                 0x08000190   Section        0  entry7b.o(.ARM.Collect$$$$00000008)
    .ARM.Collect$$$$0000000A                 0x08000190   Section        0  entry8b.o(.ARM.Collect$$$$0000000A)
    .ARM.Collect$$$$0000000B                 0x08000190   Section        8  entry9a.o(.ARM.Collect$$$$0000000B)
    __lit__00000000                          0x08000198   Data           4  entry2.o(.ARM.Collect$$$$00002712)
    .ARM.Collect$$$$0000000D                 0x08000198   Section        0  entry10a.o(.ARM.Collect$$$$0000000D)
    .ARM.Collect$$$$0000000F                 0x08000198   Section        0  entry11a.o(.ARM.Collect$$$$0000000F)
    .ARM.Collect$$$$00002712                 0x08000198   Section        4  entry2.o(.ARM.Collect$$$$00002712)
    $v0                                      0x0800019c   Number         0  startup_gd32f407_427.o(.text)
    .text                                    0x0800019c   Section       36  startup_gd32f407_427.o(.text)
    .text                                    0x080001c0   Section        0  uidiv.o(.text)
    .text                                    0x080001ec   Section        0  uldiv.o(.text)
    .text                                    0x0800024e   Section        0  iusefp.o(.text)
    .text                                    0x0800024e   Section        0  dadd.o(.text)
    .text                                    0x0800039c   Section        0  dmul.o(.text)
    .text                                    0x08000480   Section        0  ddiv.o(.text)
    .text                                    0x0800055e   Section        0  dfixul.o(.text)
    .text                                    0x08000590   Section       48  cdrcmple.o(.text)
    .text                                    0x080005c0   Section       48  init.o(.text)
    .text                                    0x080005f0   Section        0  llshl.o(.text)
    .text                                    0x0800060e   Section        0  llushr.o(.text)
    .text                                    0x0800062e   Section        0  llsshr.o(.text)
    .text                                    0x08000652   Section        0  depilogue.o(.text)
    [Anonymous Symbol]                       0x0800070c   Section        0  gd32f4xx_it.o(.text.BusFault_Handler)
    [Anonymous Symbol]                       0x08000710   Section        0  gd32f4xx_it.o(.text.DebugMon_Handler)
    [Anonymous Symbol]                       0x08000714   Section        0  gd32f4xx_it.o(.text.HardFault_Handler)
    [Anonymous Symbol]                       0x08000718   Section        0  gd32f4xx_it.o(.text.MemManage_Handler)
    [Anonymous Symbol]                       0x0800071c   Section        0  gd32f4xx_it.o(.text.NMI_Handler)
    [Anonymous Symbol]                       0x08000720   Section        0  port.o(.text.PendSV_Handler)
    pxCurrentTCBConst                        0x08000780   Number         0  port.o(.text.PendSV_Handler)
    [Anonymous Symbol]                       0x08000790   Section        0  port.o(.text.SVC_Handler)
    pxCurrentTCBConst2                       0x080007b0   Number         0  port.o(.text.SVC_Handler)
    SysTick_Config                           0x080007b5   Thumb Code    82  systick.o(.text.SysTick_Config)
    [Anonymous Symbol]                       0x080007b4   Section        0  systick.o(.text.SysTick_Config)
    [Anonymous Symbol]                       0x08000808   Section        0  system_gd32f4xx.o(.text.SystemInit)
    [Anonymous Symbol]                       0x08000904   Section        0  lib_timer5.o(.text.TIMER5_DAC_IRQHandler)
    [Anonymous Symbol]                       0x08000930   Section        0  lib_usart0.o(.text.USART0_IRQHandler)
    [Anonymous Symbol]                       0x080009c8   Section        0  gd32f4xx_it.o(.text.UsageFault_Handler)
    __NVIC_SetPriority                       0x080009cd   Thumb Code    66  systick.o(.text.__NVIC_SetPriority)
    [Anonymous Symbol]                       0x080009cc   Section        0  systick.o(.text.__NVIC_SetPriority)
    [Anonymous Symbol]                       0x08000a10   Section        0  lib_usart0.o(.text.fputc)
    [Anonymous Symbol]                       0x08000a28   Section        0  main.o(.text.lib_timer5_on_cb)
    [Anonymous Symbol]                       0x08000a2c   Section        0  lib_usart0.o(.text.lib_usart0_send_byte)
    [Anonymous Symbol]                       0x08000a60   Section        0  main.o(.text.main)
    [Anonymous Symbol]                       0x08000a84   Section        0  gd32f4xx_misc.o(.text.nvic_priority_group_set)
    system_clock_168m_8m_hxtal               0x08000aa1   Thumb Code   360  system_gd32f4xx.o(.text.system_clock_168m_8m_hxtal)
    [Anonymous Symbol]                       0x08000aa0   Section        0  system_gd32f4xx.o(.text.system_clock_168m_8m_hxtal)
    system_clock_config                      0x08000c09   Thumb Code     8  system_gd32f4xx.o(.text.system_clock_config)
    [Anonymous Symbol]                       0x08000c08   Section        0  system_gd32f4xx.o(.text.system_clock_config)
    [Anonymous Symbol]                       0x08000c10   Section        0  systick.o(.text.systick_config)
    [Anonymous Symbol]                       0x08000c44   Section        0  gd32f4xx_timer.o(.text.timer_interrupt_flag_clear)
    [Anonymous Symbol]                       0x08000c58   Section        0  gd32f4xx_timer.o(.text.timer_interrupt_flag_get)
    [Anonymous Symbol]                       0x08000c94   Section        0  gd32f4xx_usart.o(.text.usart_data_receive)
    [Anonymous Symbol]                       0x08000ca4   Section        0  gd32f4xx_usart.o(.text.usart_data_transmit)
    [Anonymous Symbol]                       0x08000cbc   Section        0  gd32f4xx_usart.o(.text.usart_flag_get)
    [Anonymous Symbol]                       0x08000cf8   Section        0  gd32f4xx_usart.o(.text.usart_interrupt_flag_clear)
    [Anonymous Symbol]                       0x08000d18   Section        0  gd32f4xx_usart.o(.text.usart_interrupt_flag_get)
    __tagsym$$used.0                         0x08000d78   Number         0  tasks.o(.text.vTaskSwitchContext)
    [Anonymous Symbol]                       0x08000d78   Section        0  tasks.o(.text.vTaskSwitchContext)
    i.__0printf                              0x08000e34   Section        0  printfa.o(i.__0printf)
    i.__scatterload_copy                     0x08000e54   Section       14  handlers.o(i.__scatterload_copy)
    i.__scatterload_null                     0x08000e62   Section        2  handlers.o(i.__scatterload_null)
    i.__scatterload_zeroinit                 0x08000e64   Section       14  handlers.o(i.__scatterload_zeroinit)
    _fp_digits                               0x08000e75   Thumb Code   366  printfa.o(i._fp_digits)
    i._fp_digits                             0x08000e74   Section        0  printfa.o(i._fp_digits)
    _printf_core                             0x08000ff9   Thumb Code  1744  printfa.o(i._printf_core)
    i._printf_core                           0x08000ff8   Section        0  printfa.o(i._printf_core)
    _printf_post_padding                     0x080016d5   Thumb Code    36  printfa.o(i._printf_post_padding)
    i._printf_post_padding                   0x080016d4   Section        0  printfa.o(i._printf_post_padding)
    _printf_pre_padding                      0x080016f9   Thumb Code    46  printfa.o(i._printf_pre_padding)
    i._printf_pre_padding                    0x080016f8   Section        0  printfa.o(i._printf_pre_padding)
    .L.str                                   0x08001726   Data          12  main.o(.rodata.str1.1)
    [Anonymous Symbol]                       0x08001726   Section        0  main.o(.rodata.str1.1)
    .data                                    0x20000000   Section        4  stdout.o(.data)
    __tagsym$$used.1                         0x20000008   Number         0  tasks.o(.bss.pxCurrentTCB)
    pxReadyTasksLists                        0x2000000c   Data        1120  tasks.o(.bss.pxReadyTasksLists)
    [Anonymous Symbol]                       0x2000000c   Section        0  tasks.o(.bss.pxReadyTasksLists)
    recv_buff                                0x2000046c   Data         128  lib_usart0.o(.bss.recv_buff)
    [Anonymous Symbol]                       0x2000046c   Section        0  lib_usart0.o(.bss.recv_buff)
    recv_cnt                                 0x200004ec   Data           2  lib_usart0.o(.bss.recv_cnt)
    [Anonymous Symbol]                       0x200004ec   Section        0  lib_usart0.o(.bss.recv_cnt)
    uxSchedulerSuspended                     0x200004f0   Data           4  tasks.o(.bss.uxSchedulerSuspended)
    [Anonymous Symbol]                       0x200004f0   Section        0  tasks.o(.bss.uxSchedulerSuspended)
    uxTopReadyPriority                       0x200004f4   Data           4  tasks.o(.bss.uxTopReadyPriority)
    [Anonymous Symbol]                       0x200004f4   Section        0  tasks.o(.bss.uxTopReadyPriority)
    xYieldPendings                           0x200004f8   Data           4  tasks.o(.bss.xYieldPendings)
    [Anonymous Symbol]                       0x200004f8   Section        0  tasks.o(.bss.xYieldPendings)
    STACK                                    0x20000500   Section    16384  startup_gd32f407_427.o(STACK)

    Global Symbols

    Symbol Name                              Value     Ov Type        Size  Object(Section)

    BuildAttributes$$THM_ISAv4$E$P$D$K$B$S$7EM$VFPi3$EXTD16$VFPS$VFMA$PE$A:L22UL41UL21$X:L11$S22US41US21$IEEE1$IW$~IW$USESV6$~STKCKD$USESV7$~SHL$OSPACE$ROPI$EBA8$MICROLIB$REQ8$PRES8$EABIv2 0x00000000   Number         0  anon$$obj.o ABSOLUTE
    __cpp_initialize__aeabi_                  - Undefined Weak Reference
    __cxa_finalize                            - Undefined Weak Reference
    __decompress                              - Undefined Weak Reference
    _clock_init                               - Undefined Weak Reference
    _microlib_exit                            - Undefined Weak Reference
    __Vectors_Size                           0x00000188   Number         0  startup_gd32f407_427.o ABSOLUTE
    __Vectors                                0x08000000   Data           4  startup_gd32f407_427.o(RESET)
    __Vectors_End                            0x08000188   Data           0  startup_gd32f407_427.o(RESET)
    __main                                   0x08000189   Thumb Code     0  entry.o(.ARM.Collect$$$$00000000)
    _main_stk                                0x08000189   Thumb Code     0  entry2.o(.ARM.Collect$$$$00000001)
    _main_scatterload                        0x0800018d   Thumb Code     0  entry5.o(.ARM.Collect$$$$00000004)
    __main_after_scatterload                 0x08000191   Thumb Code     0  entry5.o(.ARM.Collect$$$$00000004)
    _main_clock                              0x08000191   Thumb Code     0  entry7b.o(.ARM.Collect$$$$00000008)
    _main_cpp_init                           0x08000191   Thumb Code     0  entry8b.o(.ARM.Collect$$$$0000000A)
    _main_init                               0x08000191   Thumb Code     0  entry9a.o(.ARM.Collect$$$$0000000B)
    __rt_final_cpp                           0x08000199   Thumb Code     0  entry10a.o(.ARM.Collect$$$$0000000D)
    __rt_final_exit                          0x08000199   Thumb Code     0  entry11a.o(.ARM.Collect$$$$0000000F)
    Reset_Handler                            0x0800019d   Thumb Code     8  startup_gd32f407_427.o(.text)
    SysTick_Handler                          0x080001b5   Thumb Code     2  startup_gd32f407_427.o(.text)
    ADC_IRQHandler                           0x080001b7   Thumb Code     0  startup_gd32f407_427.o(.text)
    CAN0_EWMC_IRQHandler                     0x080001b7   Thumb Code     0  startup_gd32f407_427.o(.text)
    CAN0_RX0_IRQHandler                      0x080001b7   Thumb Code     0  startup_gd32f407_427.o(.text)
    CAN0_RX1_IRQHandler                      0x080001b7   Thumb Code     0  startup_gd32f407_427.o(.text)
    CAN0_TX_IRQHandler                       0x080001b7   Thumb Code     0  startup_gd32f407_427.o(.text)
    CAN1_EWMC_IRQHandler                     0x080001b7   Thumb Code     0  startup_gd32f407_427.o(.text)
    CAN1_RX0_IRQHandler                      0x080001b7   Thumb Code     0  startup_gd32f407_427.o(.text)
    CAN1_RX1_IRQHandler                      0x080001b7   Thumb Code     0  startup_gd32f407_427.o(.text)
    CAN1_TX_IRQHandler                       0x080001b7   Thumb Code     0  startup_gd32f407_427.o(.text)
    DCI_IRQHandler                           0x080001b7   Thumb Code     0  startup_gd32f407_427.o(.text)
    DMA0_Channel0_IRQHandler                 0x080001b7   Thumb Code     0  startup_gd32f407_427.o(.text)
    DMA0_Channel1_IRQHandler                 0x080001b7   Thumb Code     0  startup_gd32f407_427.o(.text)
    DMA0_Channel2_IRQHandler                 0x080001b7   Thumb Code     0  startup_gd32f407_427.o(.text)
    DMA0_Channel3_IRQHandler                 0x080001b7   Thumb Code     0  startup_gd32f407_427.o(.text)
    DMA0_Channel4_IRQHandler                 0x080001b7   Thumb Code     0  startup_gd32f407_427.o(.text)
    DMA0_Channel5_IRQHandler                 0x080001b7   Thumb Code     0  startup_gd32f407_427.o(.text)
    DMA0_Channel6_IRQHandler                 0x080001b7   Thumb Code     0  startup_gd32f407_427.o(.text)
    DMA0_Channel7_IRQHandler                 0x080001b7   Thumb Code     0  startup_gd32f407_427.o(.text)
    DMA1_Channel0_IRQHandler                 0x080001b7   Thumb Code     0  startup_gd32f407_427.o(.text)
    DMA1_Channel1_IRQHandler                 0x080001b7   Thumb Code     0  startup_gd32f407_427.o(.text)
    DMA1_Channel2_IRQHandler                 0x080001b7   Thumb Code     0  startup_gd32f407_427.o(.text)
    DMA1_Channel3_IRQHandler                 0x080001b7   Thumb Code     0  startup_gd32f407_427.o(.text)
    DMA1_Channel4_IRQHandler                 0x080001b7   Thumb Code     0  startup_gd32f407_427.o(.text)
    DMA1_Channel5_IRQHandler                 0x080001b7   Thumb Code     0  startup_gd32f407_427.o(.text)
    DMA1_Channel6_IRQHandler                 0x080001b7   Thumb Code     0  startup_gd32f407_427.o(.text)
    DMA1_Channel7_IRQHandler                 0x080001b7   Thumb Code     0  startup_gd32f407_427.o(.text)
    ENET_IRQHandler                          0x080001b7   Thumb Code     0  startup_gd32f407_427.o(.text)
    ENET_WKUP_IRQHandler                     0x080001b7   Thumb Code     0  startup_gd32f407_427.o(.text)
    EXMC_IRQHandler                          0x080001b7   Thumb Code     0  startup_gd32f407_427.o(.text)
    EXTI0_IRQHandler                         0x080001b7   Thumb Code     0  startup_gd32f407_427.o(.text)
    EXTI10_15_IRQHandler                     0x080001b7   Thumb Code     0  startup_gd32f407_427.o(.text)
    EXTI1_IRQHandler                         0x080001b7   Thumb Code     0  startup_gd32f407_427.o(.text)
    EXTI2_IRQHandler                         0x080001b7   Thumb Code     0  startup_gd32f407_427.o(.text)
    EXTI3_IRQHandler                         0x080001b7   Thumb Code     0  startup_gd32f407_427.o(.text)
    EXTI4_IRQHandler                         0x080001b7   Thumb Code     0  startup_gd32f407_427.o(.text)
    EXTI5_9_IRQHandler                       0x080001b7   Thumb Code     0  startup_gd32f407_427.o(.text)
    FMC_IRQHandler                           0x080001b7   Thumb Code     0  startup_gd32f407_427.o(.text)
    FPU_IRQHandler                           0x080001b7   Thumb Code     0  startup_gd32f407_427.o(.text)
    I2C0_ER_IRQHandler                       0x080001b7   Thumb Code     0  startup_gd32f407_427.o(.text)
    I2C0_EV_IRQHandler                       0x080001b7   Thumb Code     0  startup_gd32f407_427.o(.text)
    I2C1_ER_IRQHandler                       0x080001b7   Thumb Code     0  startup_gd32f407_427.o(.text)
    I2C1_EV_IRQHandler                       0x080001b7   Thumb Code     0  startup_gd32f407_427.o(.text)
    I2C2_ER_IRQHandler                       0x080001b7   Thumb Code     0  startup_gd32f407_427.o(.text)
    I2C2_EV_IRQHandler                       0x080001b7   Thumb Code     0  startup_gd32f407_427.o(.text)
    LVD_IRQHandler                           0x080001b7   Thumb Code     0  startup_gd32f407_427.o(.text)
    RCU_CTC_IRQHandler                       0x080001b7   Thumb Code     0  startup_gd32f407_427.o(.text)
    RTC_Alarm_IRQHandler                     0x080001b7   Thumb Code     0  startup_gd32f407_427.o(.text)
    RTC_WKUP_IRQHandler                      0x080001b7   Thumb Code     0  startup_gd32f407_427.o(.text)
    SDIO_IRQHandler                          0x080001b7   Thumb Code     0  startup_gd32f407_427.o(.text)
    SPI0_IRQHandler                          0x080001b7   Thumb Code     0  startup_gd32f407_427.o(.text)
    SPI1_IRQHandler                          0x080001b7   Thumb Code     0  startup_gd32f407_427.o(.text)
    SPI2_IRQHandler                          0x080001b7   Thumb Code     0  startup_gd32f407_427.o(.text)
    TAMPER_STAMP_IRQHandler                  0x080001b7   Thumb Code     0  startup_gd32f407_427.o(.text)
    TIMER0_BRK_TIMER8_IRQHandler             0x080001b7   Thumb Code     0  startup_gd32f407_427.o(.text)
    TIMER0_Channel_IRQHandler                0x080001b7   Thumb Code     0  startup_gd32f407_427.o(.text)
    TIMER0_TRG_CMT_TIMER10_IRQHandler        0x080001b7   Thumb Code     0  startup_gd32f407_427.o(.text)
    TIMER0_UP_TIMER9_IRQHandler              0x080001b7   Thumb Code     0  startup_gd32f407_427.o(.text)
    TIMER1_IRQHandler                        0x080001b7   Thumb Code     0  startup_gd32f407_427.o(.text)
    TIMER2_IRQHandler                        0x080001b7   Thumb Code     0  startup_gd32f407_427.o(.text)
    TIMER3_IRQHandler                        0x080001b7   Thumb Code     0  startup_gd32f407_427.o(.text)
    TIMER4_IRQHandler                        0x080001b7   Thumb Code     0  startup_gd32f407_427.o(.text)
    TIMER6_IRQHandler                        0x080001b7   Thumb Code     0  startup_gd32f407_427.o(.text)
    TIMER7_BRK_TIMER11_IRQHandler            0x080001b7   Thumb Code     0  startup_gd32f407_427.o(.text)
    TIMER7_Channel_IRQHandler                0x080001b7   Thumb Code     0  startup_gd32f407_427.o(.text)
    TIMER7_TRG_CMT_TIMER13_IRQHandler        0x080001b7   Thumb Code     0  startup_gd32f407_427.o(.text)
    TIMER7_UP_TIMER12_IRQHandler             0x080001b7   Thumb Code     0  startup_gd32f407_427.o(.text)
    TRNG_IRQHandler                          0x080001b7   Thumb Code     0  startup_gd32f407_427.o(.text)
    UART3_IRQHandler                         0x080001b7   Thumb Code     0  startup_gd32f407_427.o(.text)
    UART4_IRQHandler                         0x080001b7   Thumb Code     0  startup_gd32f407_427.o(.text)
    USART1_IRQHandler                        0x080001b7   Thumb Code     0  startup_gd32f407_427.o(.text)
    USART2_IRQHandler                        0x080001b7   Thumb Code     0  startup_gd32f407_427.o(.text)
    USART5_IRQHandler                        0x080001b7   Thumb Code     0  startup_gd32f407_427.o(.text)
    USBFS_IRQHandler                         0x080001b7   Thumb Code     0  startup_gd32f407_427.o(.text)
    USBFS_WKUP_IRQHandler                    0x080001b7   Thumb Code     0  startup_gd32f407_427.o(.text)
    USBHS_EP1_In_IRQHandler                  0x080001b7   Thumb Code     0  startup_gd32f407_427.o(.text)
    USBHS_EP1_Out_IRQHandler                 0x080001b7   Thumb Code     0  startup_gd32f407_427.o(.text)
    USBHS_IRQHandler                         0x080001b7   Thumb Code     0  startup_gd32f407_427.o(.text)
    USBHS_WKUP_IRQHandler                    0x080001b7   Thumb Code     0  startup_gd32f407_427.o(.text)
    WWDGT_IRQHandler                         0x080001b7   Thumb Code     0  startup_gd32f407_427.o(.text)
    __aeabi_uidiv                            0x080001c1   Thumb Code     0  uidiv.o(.text)
    __aeabi_uidivmod                         0x080001c1   Thumb Code    44  uidiv.o(.text)
    __aeabi_uldivmod                         0x080001ed   Thumb Code    98  uldiv.o(.text)
    __I$use$fp                               0x0800024f   Thumb Code     0  iusefp.o(.text)
    __aeabi_dadd                             0x0800024f   Thumb Code   322  dadd.o(.text)
    __aeabi_dsub                             0x08000391   Thumb Code     6  dadd.o(.text)
    __aeabi_drsub                            0x08000397   Thumb Code     6  dadd.o(.text)
    __aeabi_dmul                             0x0800039d   Thumb Code   228  dmul.o(.text)
    __aeabi_ddiv                             0x08000481   Thumb Code   222  ddiv.o(.text)
    __aeabi_d2ulz                            0x0800055f   Thumb Code    48  dfixul.o(.text)
    __aeabi_cdrcmple                         0x08000591   Thumb Code    48  cdrcmple.o(.text)
    __scatterload                            0x080005c1   Thumb Code    38  init.o(.text)
    __scatterload_rt2                        0x080005c1   Thumb Code     0  init.o(.text)
    __aeabi_llsl                             0x080005f1   Thumb Code    30  llshl.o(.text)
    _ll_shift_l                              0x080005f1   Thumb Code     0  llshl.o(.text)
    __aeabi_llsr                             0x0800060f   Thumb Code    32  llushr.o(.text)
    _ll_ushift_r                             0x0800060f   Thumb Code     0  llushr.o(.text)
    __aeabi_lasr                             0x0800062f   Thumb Code    36  llsshr.o(.text)
    _ll_sshift_r                             0x0800062f   Thumb Code     0  llsshr.o(.text)
    _double_round                            0x08000653   Thumb Code    30  depilogue.o(.text)
    _double_epilogue                         0x08000671   Thumb Code   156  depilogue.o(.text)
    BusFault_Handler                         0x0800070d   Thumb Code     4  gd32f4xx_it.o(.text.BusFault_Handler)
    DebugMon_Handler                         0x08000711   Thumb Code     4  gd32f4xx_it.o(.text.DebugMon_Handler)
    HardFault_Handler                        0x08000715   Thumb Code     4  gd32f4xx_it.o(.text.HardFault_Handler)
    MemManage_Handler                        0x08000719   Thumb Code     4  gd32f4xx_it.o(.text.MemManage_Handler)
    NMI_Handler                              0x0800071d   Thumb Code     4  gd32f4xx_it.o(.text.NMI_Handler)
    PendSV_Handler                           0x08000721   Thumb Code   100  port.o(.text.PendSV_Handler)
    SVC_Handler                              0x08000791   Thumb Code    36  port.o(.text.SVC_Handler)
    SystemInit                               0x08000809   Thumb Code   250  system_gd32f4xx.o(.text.SystemInit)
    TIMER5_DAC_IRQHandler                    0x08000905   Thumb Code    44  lib_timer5.o(.text.TIMER5_DAC_IRQHandler)
    USART0_IRQHandler                        0x08000931   Thumb Code   152  lib_usart0.o(.text.USART0_IRQHandler)
    UsageFault_Handler                       0x080009c9   Thumb Code     4  gd32f4xx_it.o(.text.UsageFault_Handler)
    fputc                                    0x08000a11   Thumb Code    22  lib_usart0.o(.text.fputc)
    lib_timer5_on_cb                         0x08000a29   Thumb Code     2  main.o(.text.lib_timer5_on_cb)
    lib_usart0_send_byte                     0x08000a2d   Thumb Code    50  lib_usart0.o(.text.lib_usart0_send_byte)
    main                                     0x08000a61   Thumb Code    36  main.o(.text.main)
    nvic_priority_group_set                  0x08000a85   Thumb Code    28  gd32f4xx_misc.o(.text.nvic_priority_group_set)
    systick_config                           0x08000c11   Thumb Code    50  systick.o(.text.systick_config)
    timer_interrupt_flag_clear               0x08000c45   Thumb Code    18  gd32f4xx_timer.o(.text.timer_interrupt_flag_clear)
    timer_interrupt_flag_get                 0x08000c59   Thumb Code    58  gd32f4xx_timer.o(.text.timer_interrupt_flag_get)
    usart_data_receive                       0x08000c95   Thumb Code    16  gd32f4xx_usart.o(.text.usart_data_receive)
    usart_data_transmit                      0x08000ca5   Thumb Code    24  gd32f4xx_usart.o(.text.usart_data_transmit)
    usart_flag_get                           0x08000cbd   Thumb Code    58  gd32f4xx_usart.o(.text.usart_flag_get)
    usart_interrupt_flag_clear               0x08000cf9   Thumb Code    32  gd32f4xx_usart.o(.text.usart_interrupt_flag_clear)
    usart_interrupt_flag_get                 0x08000d19   Thumb Code    94  gd32f4xx_usart.o(.text.usart_interrupt_flag_get)
    vTaskSwitchContext                       0x08000d79   Thumb Code   186  tasks.o(.text.vTaskSwitchContext)
    __0printf                                0x08000e35   Thumb Code    22  printfa.o(i.__0printf)
    __1printf                                0x08000e35   Thumb Code     0  printfa.o(i.__0printf)
    __2printf                                0x08000e35   Thumb Code     0  printfa.o(i.__0printf)
    __c89printf                              0x08000e35   Thumb Code     0  printfa.o(i.__0printf)
    printf                                   0x08000e35   Thumb Code     0  printfa.o(i.__0printf)
    __scatterload_copy                       0x08000e55   Thumb Code    14  handlers.o(i.__scatterload_copy)
    __scatterload_null                       0x08000e63   Thumb Code     2  handlers.o(i.__scatterload_null)
    __scatterload_zeroinit                   0x08000e65   Thumb Code    14  handlers.o(i.__scatterload_zeroinit)
    Region$$Table$$Base                      0x08001734   Number         0  anon$$obj.o(Region$$Table)
    Region$$Table$$Limit                     0x08001754   Number         0  anon$$obj.o(Region$$Table)
    __stdout                                 0x20000000   Data           4  stdout.o(.data)
    SystemCoreClock                          0x20000004   Data           4  system_gd32f4xx.o(.data.SystemCoreClock)
    pxCurrentTCB                             0x20000008   Data           4  tasks.o(.bss.pxCurrentTCB)
    __initial_sp                             0x20004500   Data           0  startup_gd32f407_427.o(STACK)



==============================================================================

Memory Map of the image

  Image Entry point : 0x08000189

  Load Region LR_IROM1 (Base: 0x08000000, Size: 0x00001760, Max: 0x00080000, ABSOLUTE)

    Execution Region ER_IROM1 (Exec base: 0x08000000, Load base: 0x08000000, Size: 0x00001754, Max: 0x00080000, ABSOLUTE)

    Exec Addr    Load Addr    Size         Type   Attr      Idx    E Section Name        Object

    0x08000000   0x08000000   0x00000188   Data   RO         1588    RESET               startup_gd32f407_427.o
    0x08000188   0x08000188   0x00000000   Code   RO         1614  * .ARM.Collect$$$$00000000  mc_w.l(entry.o)
    0x08000188   0x08000188   0x00000004   Code   RO         1651    .ARM.Collect$$$$00000001  mc_w.l(entry2.o)
    0x0800018c   0x0800018c   0x00000004   Code   RO         1654    .ARM.Collect$$$$00000004  mc_w.l(entry5.o)
    0x08000190   0x08000190   0x00000000   Code   RO         1656    .ARM.Collect$$$$00000008  mc_w.l(entry7b.o)
    0x08000190   0x08000190   0x00000000   Code   RO         1658    .ARM.Collect$$$$0000000A  mc_w.l(entry8b.o)
    0x08000190   0x08000190   0x00000008   Code   RO         1659    .ARM.Collect$$$$0000000B  mc_w.l(entry9a.o)
    0x08000198   0x08000198   0x00000000   Code   RO         1661    .ARM.Collect$$$$0000000D  mc_w.l(entry10a.o)
    0x08000198   0x08000198   0x00000000   Code   RO         1663    .ARM.Collect$$$$0000000F  mc_w.l(entry11a.o)
    0x08000198   0x08000198   0x00000004   Code   RO         1652    .ARM.Collect$$$$00002712  mc_w.l(entry2.o)
    0x0800019c   0x0800019c   0x00000024   Code   RO         1589    .text               startup_gd32f407_427.o
    0x080001c0   0x080001c0   0x0000002c   Code   RO         1675    .text               mc_w.l(uidiv.o)
    0x080001ec   0x080001ec   0x00000062   Code   RO         1677    .text               mc_w.l(uldiv.o)
    0x0800024e   0x0800024e   0x00000000   Code   RO         1679    .text               mc_w.l(iusefp.o)
    0x0800024e   0x0800024e   0x0000014e   Code   RO         1680    .text               mf_w.l(dadd.o)
    0x0800039c   0x0800039c   0x000000e4   Code   RO         1682    .text               mf_w.l(dmul.o)
    0x08000480   0x08000480   0x000000de   Code   RO         1684    .text               mf_w.l(ddiv.o)
    0x0800055e   0x0800055e   0x00000030   Code   RO         1686    .text               mf_w.l(dfixul.o)
    0x0800058e   0x0800058e   0x00000002   PAD
    0x08000590   0x08000590   0x00000030   Code   RO         1688    .text               mf_w.l(cdrcmple.o)
    0x080005c0   0x080005c0   0x00000030   Code   RO         1690    .text               mc_w.l(init.o)
    0x080005f0   0x080005f0   0x0000001e   Code   RO         1692    .text               mc_w.l(llshl.o)
    0x0800060e   0x0800060e   0x00000020   Code   RO         1694    .text               mc_w.l(llushr.o)
    0x0800062e   0x0800062e   0x00000024   Code   RO         1696    .text               mc_w.l(llsshr.o)
    0x08000652   0x08000652   0x000000ba   Code   RO         1698    .text               mf_w.l(depilogue.o)
    0x0800070c   0x0800070c   0x00000004   Code   RO           19    .text.BusFault_Handler  gd32f4xx_it.o
    0x08000710   0x08000710   0x00000004   Code   RO           23    .text.DebugMon_Handler  gd32f4xx_it.o
    0x08000714   0x08000714   0x00000004   Code   RO           15    .text.HardFault_Handler  gd32f4xx_it.o
    0x08000718   0x08000718   0x00000004   Code   RO           17    .text.MemManage_Handler  gd32f4xx_it.o
    0x0800071c   0x0800071c   0x00000004   Code   RO           13    .text.NMI_Handler   gd32f4xx_it.o
    0x08000720   0x08000720   0x00000064   Code   RO          609    .text.PendSV_Handler  port.o
    0x08000784   0x08000784   0x0000000c   PAD
    0x08000790   0x08000790   0x00000024   Code   RO          593    .text.SVC_Handler   port.o
    0x080007b4   0x080007b4   0x00000052   Code   RO           47    .text.SysTick_Config  systick.o
    0x08000806   0x08000806   0x00000002   PAD
    0x08000808   0x08000808   0x000000fa   Code   RO         1596    .text.SystemInit    system_gd32f4xx.o
    0x08000902   0x08000902   0x00000002   PAD
    0x08000904   0x08000904   0x0000002c   Code   RO           83    .text.TIMER5_DAC_IRQHandler  lib_timer5.o
    0x08000930   0x08000930   0x00000098   Code   RO          112    .text.USART0_IRQHandler  lib_usart0.o
    0x080009c8   0x080009c8   0x00000004   Code   RO           21    .text.UsageFault_Handler  gd32f4xx_it.o
    0x080009cc   0x080009cc   0x00000042   Code   RO           49    .text.__NVIC_SetPriority  systick.o
    0x08000a0e   0x08000a0e   0x00000002   PAD
    0x08000a10   0x08000a10   0x00000016   Code   RO          110    .text.fputc         lib_usart0.o
    0x08000a26   0x08000a26   0x00000002   PAD
    0x08000a28   0x08000a28   0x00000002   Code   RO           32    .text.lib_timer5_on_cb  main.o
    0x08000a2a   0x08000a2a   0x00000002   PAD
    0x08000a2c   0x08000a2c   0x00000032   Code   RO          104    .text.lib_usart0_send_byte  lib_usart0.o
    0x08000a5e   0x08000a5e   0x00000002   PAD
    0x08000a60   0x08000a60   0x00000024   Code   RO           34    .text.main          main.o
    0x08000a84   0x08000a84   0x0000001c   Code   RO          944    .text.nvic_priority_group_set  gd32f4xx_misc.o
    0x08000aa0   0x08000aa0   0x00000168   Code   RO         1604    .text.system_clock_168m_8m_hxtal  system_gd32f4xx.o
    0x08000c08   0x08000c08   0x00000008   Code   RO         1598    .text.system_clock_config  system_gd32f4xx.o
    0x08000c10   0x08000c10   0x00000032   Code   RO           45    .text.systick_config  systick.o
    0x08000c42   0x08000c42   0x00000002   PAD
    0x08000c44   0x08000c44   0x00000012   Code   RO         1461    .text.timer_interrupt_flag_clear  gd32f4xx_timer.o
    0x08000c56   0x08000c56   0x00000002   PAD
    0x08000c58   0x08000c58   0x0000003a   Code   RO         1459    .text.timer_interrupt_flag_get  gd32f4xx_timer.o
    0x08000c92   0x08000c92   0x00000002   PAD
    0x08000c94   0x08000c94   0x00000010   Code   RO         1504    .text.usart_data_receive  gd32f4xx_usart.o
    0x08000ca4   0x08000ca4   0x00000018   Code   RO         1502    .text.usart_data_transmit  gd32f4xx_usart.o
    0x08000cbc   0x08000cbc   0x0000003a   Code   RO         1568    .text.usart_flag_get  gd32f4xx_usart.o
    0x08000cf6   0x08000cf6   0x00000002   PAD
    0x08000cf8   0x08000cf8   0x00000020   Code   RO         1578    .text.usart_interrupt_flag_clear  gd32f4xx_usart.o
    0x08000d18   0x08000d18   0x0000005e   Code   RO         1576    .text.usart_interrupt_flag_get  gd32f4xx_usart.o
    0x08000d76   0x08000d76   0x00000002   PAD
    0x08000d78   0x08000d78   0x000000ba   Code   RO          291    .text.vTaskSwitchContext  tasks.o
    0x08000e32   0x08000e32   0x00000002   PAD
    0x08000e34   0x08000e34   0x00000020   Code   RO         1624    i.__0printf         mc_w.l(printfa.o)
    0x08000e54   0x08000e54   0x0000000e   Code   RO         1702    i.__scatterload_copy  mc_w.l(handlers.o)
    0x08000e62   0x08000e62   0x00000002   Code   RO         1703    i.__scatterload_null  mc_w.l(handlers.o)
    0x08000e64   0x08000e64   0x0000000e   Code   RO         1704    i.__scatterload_zeroinit  mc_w.l(handlers.o)
    0x08000e72   0x08000e72   0x00000002   PAD
    0x08000e74   0x08000e74   0x00000184   Code   RO         1631    i._fp_digits        mc_w.l(printfa.o)
    0x08000ff8   0x08000ff8   0x000006dc   Code   RO         1632    i._printf_core      mc_w.l(printfa.o)
    0x080016d4   0x080016d4   0x00000024   Code   RO         1633    i._printf_post_padding  mc_w.l(printfa.o)
    0x080016f8   0x080016f8   0x0000002e   Code   RO         1634    i._printf_pre_padding  mc_w.l(printfa.o)
    0x08001726   0x08001726   0x0000000c   Data   RO           36    .rodata.str1.1      main.o
    0x08001732   0x08001732   0x00000002   PAD
    0x08001734   0x08001734   0x00000020   Data   RO         1701    Region$$Table       anon$$obj.o


    Execution Region RW_IRAM1 (Exec base: 0x20000000, Load base: 0x08001758, Size: 0x00004500, Max: 0x00030000, ABSOLUTE)

    Exec Addr    Load Addr    Size         Type   Attr      Idx    E Section Name        Object

    0x20000000   0x08001758   0x00000004   Data   RW         1665    .data               mc_w.l(stdout.o)
    0x20000004   0x0800175c   0x00000004   Data   RW         1606    .data.SystemCoreClock  system_gd32f4xx.o
    0x20000008        -       0x00000004   Zero   RW          389    .bss.pxCurrentTCB   tasks.o
    0x2000000c        -       0x00000460   Zero   RW          400    .bss.pxReadyTasksLists  tasks.o
    0x2000046c        -       0x00000080   Zero   RW          114    .bss.recv_buff      lib_usart0.o
    0x200004ec        -       0x00000002   Zero   RW          115    .bss.recv_cnt       lib_usart0.o
    0x200004ee   0x08001760   0x00000002   PAD
    0x200004f0        -       0x00000004   Zero   RW          402    .bss.uxSchedulerSuspended  tasks.o
    0x200004f4        -       0x00000004   Zero   RW          401    .bss.uxTopReadyPriority  tasks.o
    0x200004f8        -       0x00000004   Zero   RW          403    .bss.xYieldPendings  tasks.o
    0x200004fc   0x08001760   0x00000004   PAD
    0x20000500        -       0x00004000   Zero   RW         1586    STACK               startup_gd32f407_427.o


==============================================================================

Image component sizes


      Code (inc. data)   RO Data    RW Data    ZI Data      Debug   Object Name

        24          0          0          0          0        760   gd32f4xx_it.o
        28          0          0          0          0       3010   gd32f4xx_misc.o
        76          0          0          0          0      17294   gd32f4xx_timer.o
       224          0          0          0          0      11941   gd32f4xx_usart.o
        44          0          0          0          0       4432   lib_timer5.o
       224          0          0          0        130       6537   lib_usart0.o
        38          0         12          0          0        702   main.o
       136          8          0          0          0       2756   port.o
        36          8        392          0      16384        880   startup_gd32f407_427.o
       618          0          0          4          0       2604   system_gd32f4xx.o
       198          0          0          0          0       4581   systick.o
       186          0          0          0       1136      24291   tasks.o

    ----------------------------------------------------------------------
      1868         28        438          4      17656      79788   Object Totals
         0          0         32          0          0          0   (incl. Generated)
        36         12          2          0          6          0   (incl. Padding)

    ----------------------------------------------------------------------

      Code (inc. data)   RO Data    RW Data    ZI Data      Debug   Library Member Name

         0          0          0          0          0          0   entry.o
         0          0          0          0          0          0   entry10a.o
         0          0          0          0          0          0   entry11a.o
         8          4          0          0          0          0   entry2.o
         4          0          0          0          0          0   entry5.o
         0          0          0          0          0          0   entry7b.o
         0          0          0          0          0          0   entry8b.o
         8          4          0          0          0          0   entry9a.o
        30          0          0          0          0          0   handlers.o
        48         10          0          0          0         68   init.o
         0          0          0          0          0          0   iusefp.o
        30          0          0          0          0         68   llshl.o
        36          0          0          0          0         68   llsshr.o
        32          0          0          0          0         68   llushr.o
      2258         90          0          0          0        452   printfa.o
         0          0          0          4          0          0   stdout.o
        44          0          0          0          0         80   uidiv.o
        98          0          0          0          0         92   uldiv.o
        48          0          0          0          0         68   cdrcmple.o
       334          0          0          0          0        148   dadd.o
       222          0          0          0          0        100   ddiv.o
       186          0          0          0          0        176   depilogue.o
        48          0          0          0          0         68   dfixul.o
       228          0          0          0          0         96   dmul.o

    ----------------------------------------------------------------------
      3666        108          0          4          0       1552   Library Totals
         4          0          0          0          0          0   (incl. Padding)

    ----------------------------------------------------------------------

      Code (inc. data)   RO Data    RW Data    ZI Data      Debug   Library Name

      2596        108          0          4          0        896   mc_w.l
      1066          0          0          0          0        656   mf_w.l

    ----------------------------------------------------------------------
      3666        108          0          4          0       1552   Library Totals

    ----------------------------------------------------------------------

==============================================================================


      Code (inc. data)   RO Data    RW Data    ZI Data      Debug   

      5534        136        438          8      17656      80564   Grand Totals
      5534        136        438          8      17656      80564   ELF Image Totals
      5534        136        438          8          0          0   ROM Totals

==============================================================================

    Total RO  Size (Code + RO Data)                 5972 (   5.83kB)
    Total RW  Size (RW Data + ZI Data)             17664 (  17.25kB)
    Total ROM Size (Code + RO Data + RW Data)       5980 (   5.84kB)

==============================================================================

