<html>
<body>
<pre>
<h1>µVision Build Log</h1>
<h2>Tool Versions:</h2>
IDE-Version: ¦ÌVision V5.38.0.0
Copyright (C) 2022 ARM Ltd and ARM Germany GmbH. All rights reserved.
License Information: 1 11, 1, LIC=HN0AE-54MER-II35V-PZWMJ-8EHBG-S5H77
 
Tool Versions:
Toolchain:       MDK-ARM Plus  Version: 5.42.0.0
Toolchain Path:  D:\Keil5\ARM\ARMCLANG\Bin
C Compiler:      ArmClang.exe V6.23
Assembler:       Armasm.exe V6.23
Linker/Locator:  ArmLink.exe V6.23
Library Manager: ArmAr.exe V6.23
Hex Converter:   FromElf.exe V6.23
CPU DLL:         SARMCM3.DLL V5.42.0.0
Dialog DLL:      DCM.DLL V1.17.5.0
Target DLL:      CMSIS_AGDI.dll V1.33.22.0
Dialog DLL:      TCM.DLL V1.56.6.0
 
<h2>Project:</h2>
F:\MCU\GD32\GD32F407\ARM_Self\GD32_test\Project\GD32F407RTE.uvprojx
Project File Date:  11/30/2025

<h2>Output:</h2>
*** Using Compiler 'V6.23', folder: 'D:\Keil5\ARM\ARMCLANG\Bin'
Rebuild target 'Target_1'
compiling main.c...
compiling gd32f4xx_it.c...
compiling App.c...
compiling lib_peripheral.c...
compiling lib_timer5.c...
compiling systick.c...
compiling croutine.c...
compiling lib_timer.c...
compiling list.c...
compiling event_groups.c...
compiling timers.c...
compiling lib_usart0.c...
compiling lib_usart.c...
compiling stream_buffer.c...
compiling queue.c...
compiling tasks.c...
compiling heap_4.c...
compiling gd32f4xx_misc.c...
compiling gd32f4xx_pmu.c...
compiling gd32f4xx_exti.c...
compiling gd32f4xx_dma.c...
compiling gd32f4xx_i2c.c...
compiling port.c...
compiling gd32f4xx_syscfg.c...
compiling gd32f4xx_gpio.c...
compiling gd32f4xx_adc.c...
compiling gd32f4xx_rtc.c...
compiling gd32f4xx_usart.c...
compiling gd32f4xx_rcu.c...
compiling gd32f4xx_spi.c...
assembling startup_gd32f407_427.s...
compiling gd32f4xx_timer.c...
compiling system_gd32f4xx.c...
linking...
Program Size: Code=5534 RO-data=438 RW-data=8 ZI-data=17656  
FromELF: creating hex file...
".\Objects\GD32F407RTE.axf" - 0 Error(s), 0 Warning(s).

<h2>Software Packages used:</h2>

Package Vendor: ARM
                http://www.keil.com/pack/ARM.CMSIS.5.9.0.pack
                ARM.CMSIS.5.9.0
                CMSIS (Common Microcontroller Software Interface Standard)
   * Component: CORE Version: 5.6.0

Package Vendor: GigaDevice
                https://gd32mcu.com/GigaDevice.GD32F4xx_DFP.3.3.0.pack
                GigaDevice.GD32F4xx_DFP.3.3.0
                GigaDevice GD32F4xx Series Device Support and Examples
   * Component: Libopt Version: 3.3.0
   * Component: Startup Version: 3.3.0
   * Component: ADC Version: 3.3.0
   * Component: DMA Version: 3.3.0
   * Component: EXTI Version: 3.3.0
   * Component: GPIO Version: 3.3.0
   * Component: I2C Version: 3.3.0
   * Component: MISC Version: 3.3.0
   * Component: PMU Version: 3.3.0
   * Component: RCU Version: 3.3.0
   * Component: RTC Version: 3.3.0
   * Component: SPI_I2S Version: 3.3.0
   * Component: SYSCFG Version: 3.3.0
   * Component: TIMER Version: 3.3.0
   * Component: USART Version: 3.3.0

<h2>Collection of Component include folders:</h2>
  ./RTE/_Target_1
  D:/Keil5/Pack/ARM/CMSIS/5.9.0/CMSIS/Core/Include
  D:/Keil5/Pack/GigaDevice/GD32F4xx_DFP/3.3.0/Device/F4XX/Firmware/Peripherals/inc
  D:/Keil5/Pack/GigaDevice/GD32F4xx_DFP/3.3.0/Device/F4XX/Include

<h2>Collection of Component Files used:</h2>

   * Component: ARM::CMSIS:CORE:5.6.0

   * Component: GigaDevice::Device:Libopt:3.3.0
      Include file:  Device/F4XX/Include/gd32f4xx_libopt.h

   * Component: GigaDevice::Device:Startup:3.3.0
      Include file:  Device/F4XX/Include/gd32f4xx.h
      Source file:   Device/F4XX/Source/system_gd32f4xx.c
      Source file:   Device/F4XX/Source/ARM/startup_gd32f407_427.s

   * Component: GigaDevice::Device:StdPeripherals:ADC:3.3.0
      Include file:  Device/F4XX/Firmware/Peripherals/inc/gd32f4xx_adc.h
      Source file:   Device/F4XX/Firmware/Peripherals/src/gd32f4xx_adc.c

   * Component: GigaDevice::Device:StdPeripherals:DMA:3.3.0
      Include file:  Device/F4XX/Firmware/Peripherals/inc/gd32f4xx_dma.h
      Source file:   Device/F4XX/Firmware/Peripherals/src/gd32f4xx_dma.c

   * Component: GigaDevice::Device:StdPeripherals:EXTI:3.3.0
      Source file:   Device/F4XX/Firmware/Peripherals/src/gd32f4xx_exti.c
      Include file:  Device/F4XX/Firmware/Peripherals/inc/gd32f4xx_exti.h

   * Component: GigaDevice::Device:StdPeripherals:GPIO:3.3.0
      Source file:   Device/F4XX/Firmware/Peripherals/src/gd32f4xx_gpio.c
      Include file:  Device/F4XX/Firmware/Peripherals/inc/gd32f4xx_gpio.h

   * Component: GigaDevice::Device:StdPeripherals:I2C:3.3.0
      Include file:  Device/F4XX/Firmware/Peripherals/inc/gd32f4xx_i2c.h
      Source file:   Device/F4XX/Firmware/Peripherals/src/gd32f4xx_i2c.c

   * Component: GigaDevice::Device:StdPeripherals:MISC:3.3.0
      Source file:   Device/F4XX/Firmware/Peripherals/src/gd32f4xx_misc.c
      Include file:  Device/F4XX/Firmware/Peripherals/inc/gd32f4xx_misc.h

   * Component: GigaDevice::Device:StdPeripherals:PMU:3.3.0
      Include file:  Device/F4XX/Firmware/Peripherals/inc/gd32f4xx_pmu.h
      Source file:   Device/F4XX/Firmware/Peripherals/src/gd32f4xx_pmu.c

   * Component: GigaDevice::Device:StdPeripherals:RCU:3.3.0
      Source file:   Device/F4XX/Firmware/Peripherals/src/gd32f4xx_rcu.c
      Include file:  Device/F4XX/Firmware/Peripherals/inc/gd32f4xx_rcu.h

   * Component: GigaDevice::Device:StdPeripherals:RTC:3.3.0
      Include file:  Device/F4XX/Firmware/Peripherals/inc/gd32f4xx_rtc.h
      Source file:   Device/F4XX/Firmware/Peripherals/src/gd32f4xx_rtc.c

   * Component: GigaDevice::Device:StdPeripherals:SPI_I2S:3.3.0
      Source file:   Device/F4XX/Firmware/Peripherals/src/gd32f4xx_spi.c
      Include file:  Device/F4XX/Firmware/Peripherals/inc/gd32f4xx_spi.h

   * Component: GigaDevice::Device:StdPeripherals:SYSCFG:3.3.0
      Include file:  Device/F4XX/Firmware/Peripherals/inc/gd32f4xx_syscfg.h
      Source file:   Device/F4XX/Firmware/Peripherals/src/gd32f4xx_syscfg.c

   * Component: GigaDevice::Device:StdPeripherals:TIMER:3.3.0
      Source file:   Device/F4XX/Firmware/Peripherals/src/gd32f4xx_timer.c
      Include file:  Device/F4XX/Firmware/Peripherals/inc/gd32f4xx_timer.h

   * Component: GigaDevice::Device:StdPeripherals:USART:3.3.0
      Include file:  Device/F4XX/Firmware/Peripherals/inc/gd32f4xx_usart.h
      Source file:   Device/F4XX/Firmware/Peripherals/src/gd32f4xx_usart.c
Build Time Elapsed:  00:00:02
</pre>
</body>
</html>
