<!doctype html public "-//w3c//dtd html 4.0 transitional//en">
<html><head>
<title>Static Call Graph - [.\Objects\GD32F407RTE.axf]</title></head>
<body><HR>
<H1>Static Call Graph for image .\Objects\GD32F407RTE.axf</H1><HR>
<BR><P>#&#060CALLGRAPH&#062# ARM Linker, 6230001: Last Updated: Sun Nov 30 15:39:26 2025
<BR><P>
<H3>Maximum Stack Usage =         48 bytes + Unknown(Cycles, Untraceable Function Pointers)</H3><H3>
Call chain for Maximum Stack Depth:</H3>
main &rArr; systick_config &rArr; SysTick_Config &rArr; __NVIC_SetPriority
<P>
<H3>
Mutually Recursive functions
</H3> <LI><a href="#[9]">SysTick_Handler</a>&nbsp;&nbsp;&nbsp;&rArr;&nbsp;&nbsp;&nbsp;<a href="#[9]">SysTick_Handler</a><BR>
 <LI><a href="#[1c]">ADC_IRQHandler</a>&nbsp;&nbsp;&nbsp;&rArr;&nbsp;&nbsp;&nbsp;<a href="#[1c]">ADC_IRQHandler</a><BR>
</UL>
<P>
<H3>
Function Pointers
</H3><UL>
 <LI><a href="#[1c]">ADC_IRQHandler</a> from startup_gd32f407_427.o(.text) referenced from startup_gd32f407_427.o(RESET)
 <LI><a href="#[4]">BusFault_Handler</a> from gd32f4xx_it.o(.text.BusFault_Handler) referenced from startup_gd32f407_427.o(RESET)
 <LI><a href="#[20]">CAN0_EWMC_IRQHandler</a> from startup_gd32f407_427.o(.text) referenced from startup_gd32f407_427.o(RESET)
 <LI><a href="#[1e]">CAN0_RX0_IRQHandler</a> from startup_gd32f407_427.o(.text) referenced from startup_gd32f407_427.o(RESET)
 <LI><a href="#[1f]">CAN0_RX1_IRQHandler</a> from startup_gd32f407_427.o(.text) referenced from startup_gd32f407_427.o(RESET)
 <LI><a href="#[1d]">CAN0_TX_IRQHandler</a> from startup_gd32f407_427.o(.text) referenced from startup_gd32f407_427.o(RESET)
 <LI><a href="#[4c]">CAN1_EWMC_IRQHandler</a> from startup_gd32f407_427.o(.text) referenced from startup_gd32f407_427.o(RESET)
 <LI><a href="#[4a]">CAN1_RX0_IRQHandler</a> from startup_gd32f407_427.o(.text) referenced from startup_gd32f407_427.o(RESET)
 <LI><a href="#[4b]">CAN1_RX1_IRQHandler</a> from startup_gd32f407_427.o(.text) referenced from startup_gd32f407_427.o(RESET)
 <LI><a href="#[49]">CAN1_TX_IRQHandler</a> from startup_gd32f407_427.o(.text) referenced from startup_gd32f407_427.o(RESET)
 <LI><a href="#[58]">DCI_IRQHandler</a> from startup_gd32f407_427.o(.text) referenced from startup_gd32f407_427.o(RESET)
 <LI><a href="#[15]">DMA0_Channel0_IRQHandler</a> from startup_gd32f407_427.o(.text) referenced from startup_gd32f407_427.o(RESET)
 <LI><a href="#[16]">DMA0_Channel1_IRQHandler</a> from startup_gd32f407_427.o(.text) referenced from startup_gd32f407_427.o(RESET)
 <LI><a href="#[17]">DMA0_Channel2_IRQHandler</a> from startup_gd32f407_427.o(.text) referenced from startup_gd32f407_427.o(RESET)
 <LI><a href="#[18]">DMA0_Channel3_IRQHandler</a> from startup_gd32f407_427.o(.text) referenced from startup_gd32f407_427.o(RESET)
 <LI><a href="#[19]">DMA0_Channel4_IRQHandler</a> from startup_gd32f407_427.o(.text) referenced from startup_gd32f407_427.o(RESET)
 <LI><a href="#[1a]">DMA0_Channel5_IRQHandler</a> from startup_gd32f407_427.o(.text) referenced from startup_gd32f407_427.o(RESET)
 <LI><a href="#[1b]">DMA0_Channel6_IRQHandler</a> from startup_gd32f407_427.o(.text) referenced from startup_gd32f407_427.o(RESET)
 <LI><a href="#[39]">DMA0_Channel7_IRQHandler</a> from startup_gd32f407_427.o(.text) referenced from startup_gd32f407_427.o(RESET)
 <LI><a href="#[42]">DMA1_Channel0_IRQHandler</a> from startup_gd32f407_427.o(.text) referenced from startup_gd32f407_427.o(RESET)
 <LI><a href="#[43]">DMA1_Channel1_IRQHandler</a> from startup_gd32f407_427.o(.text) referenced from startup_gd32f407_427.o(RESET)
 <LI><a href="#[44]">DMA1_Channel2_IRQHandler</a> from startup_gd32f407_427.o(.text) referenced from startup_gd32f407_427.o(RESET)
 <LI><a href="#[45]">DMA1_Channel3_IRQHandler</a> from startup_gd32f407_427.o(.text) referenced from startup_gd32f407_427.o(RESET)
 <LI><a href="#[46]">DMA1_Channel4_IRQHandler</a> from startup_gd32f407_427.o(.text) referenced from startup_gd32f407_427.o(RESET)
 <LI><a href="#[4e]">DMA1_Channel5_IRQHandler</a> from startup_gd32f407_427.o(.text) referenced from startup_gd32f407_427.o(RESET)
 <LI><a href="#[4f]">DMA1_Channel6_IRQHandler</a> from startup_gd32f407_427.o(.text) referenced from startup_gd32f407_427.o(RESET)
 <LI><a href="#[50]">DMA1_Channel7_IRQHandler</a> from startup_gd32f407_427.o(.text) referenced from startup_gd32f407_427.o(RESET)
 <LI><a href="#[7]">DebugMon_Handler</a> from gd32f4xx_it.o(.text.DebugMon_Handler) referenced from startup_gd32f407_427.o(RESET)
 <LI><a href="#[47]">ENET_IRQHandler</a> from startup_gd32f407_427.o(.text) referenced from startup_gd32f407_427.o(RESET)
 <LI><a href="#[48]">ENET_WKUP_IRQHandler</a> from startup_gd32f407_427.o(.text) referenced from startup_gd32f407_427.o(RESET)
 <LI><a href="#[3a]">EXMC_IRQHandler</a> from startup_gd32f407_427.o(.text) referenced from startup_gd32f407_427.o(RESET)
 <LI><a href="#[10]">EXTI0_IRQHandler</a> from startup_gd32f407_427.o(.text) referenced from startup_gd32f407_427.o(RESET)
 <LI><a href="#[32]">EXTI10_15_IRQHandler</a> from startup_gd32f407_427.o(.text) referenced from startup_gd32f407_427.o(RESET)
 <LI><a href="#[11]">EXTI1_IRQHandler</a> from startup_gd32f407_427.o(.text) referenced from startup_gd32f407_427.o(RESET)
 <LI><a href="#[12]">EXTI2_IRQHandler</a> from startup_gd32f407_427.o(.text) referenced from startup_gd32f407_427.o(RESET)
 <LI><a href="#[13]">EXTI3_IRQHandler</a> from startup_gd32f407_427.o(.text) referenced from startup_gd32f407_427.o(RESET)
 <LI><a href="#[14]">EXTI4_IRQHandler</a> from startup_gd32f407_427.o(.text) referenced from startup_gd32f407_427.o(RESET)
 <LI><a href="#[21]">EXTI5_9_IRQHandler</a> from startup_gd32f407_427.o(.text) referenced from startup_gd32f407_427.o(RESET)
 <LI><a href="#[e]">FMC_IRQHandler</a> from startup_gd32f407_427.o(.text) referenced from startup_gd32f407_427.o(RESET)
 <LI><a href="#[5a]">FPU_IRQHandler</a> from startup_gd32f407_427.o(.text) referenced from startup_gd32f407_427.o(RESET)
 <LI><a href="#[2]">HardFault_Handler</a> from gd32f4xx_it.o(.text.HardFault_Handler) referenced from startup_gd32f407_427.o(RESET)
 <LI><a href="#[2a]">I2C0_ER_IRQHandler</a> from startup_gd32f407_427.o(.text) referenced from startup_gd32f407_427.o(RESET)
 <LI><a href="#[29]">I2C0_EV_IRQHandler</a> from startup_gd32f407_427.o(.text) referenced from startup_gd32f407_427.o(RESET)
 <LI><a href="#[2c]">I2C1_ER_IRQHandler</a> from startup_gd32f407_427.o(.text) referenced from startup_gd32f407_427.o(RESET)
 <LI><a href="#[2b]">I2C1_EV_IRQHandler</a> from startup_gd32f407_427.o(.text) referenced from startup_gd32f407_427.o(RESET)
 <LI><a href="#[53]">I2C2_ER_IRQHandler</a> from startup_gd32f407_427.o(.text) referenced from startup_gd32f407_427.o(RESET)
 <LI><a href="#[52]">I2C2_EV_IRQHandler</a> from startup_gd32f407_427.o(.text) referenced from startup_gd32f407_427.o(RESET)
 <LI><a href="#[b]">LVD_IRQHandler</a> from startup_gd32f407_427.o(.text) referenced from startup_gd32f407_427.o(RESET)
 <LI><a href="#[3]">MemManage_Handler</a> from gd32f4xx_it.o(.text.MemManage_Handler) referenced from startup_gd32f407_427.o(RESET)
 <LI><a href="#[1]">NMI_Handler</a> from gd32f4xx_it.o(.text.NMI_Handler) referenced from startup_gd32f407_427.o(RESET)
 <LI><a href="#[8]">PendSV_Handler</a> from port.o(.text.PendSV_Handler) referenced from startup_gd32f407_427.o(RESET)
 <LI><a href="#[f]">RCU_CTC_IRQHandler</a> from startup_gd32f407_427.o(.text) referenced from startup_gd32f407_427.o(RESET)
 <LI><a href="#[33]">RTC_Alarm_IRQHandler</a> from startup_gd32f407_427.o(.text) referenced from startup_gd32f407_427.o(RESET)
 <LI><a href="#[d]">RTC_WKUP_IRQHandler</a> from startup_gd32f407_427.o(.text) referenced from startup_gd32f407_427.o(RESET)
 <LI><a href="#[0]">Reset_Handler</a> from startup_gd32f407_427.o(.text) referenced from startup_gd32f407_427.o(RESET)
 <LI><a href="#[3b]">SDIO_IRQHandler</a> from startup_gd32f407_427.o(.text) referenced from startup_gd32f407_427.o(RESET)
 <LI><a href="#[2d]">SPI0_IRQHandler</a> from startup_gd32f407_427.o(.text) referenced from startup_gd32f407_427.o(RESET)
 <LI><a href="#[2e]">SPI1_IRQHandler</a> from startup_gd32f407_427.o(.text) referenced from startup_gd32f407_427.o(RESET)
 <LI><a href="#[3d]">SPI2_IRQHandler</a> from startup_gd32f407_427.o(.text) referenced from startup_gd32f407_427.o(RESET)
 <LI><a href="#[6]">SVC_Handler</a> from port.o(.text.SVC_Handler) referenced from startup_gd32f407_427.o(RESET)
 <LI><a href="#[9]">SysTick_Handler</a> from startup_gd32f407_427.o(.text) referenced from startup_gd32f407_427.o(RESET)
 <LI><a href="#[5c]">SystemInit</a> from system_gd32f4xx.o(.text.SystemInit) referenced from startup_gd32f407_427.o(.text)
 <LI><a href="#[c]">TAMPER_STAMP_IRQHandler</a> from startup_gd32f407_427.o(.text) referenced from startup_gd32f407_427.o(RESET)
 <LI><a href="#[22]">TIMER0_BRK_TIMER8_IRQHandler</a> from startup_gd32f407_427.o(.text) referenced from startup_gd32f407_427.o(RESET)
 <LI><a href="#[25]">TIMER0_Channel_IRQHandler</a> from startup_gd32f407_427.o(.text) referenced from startup_gd32f407_427.o(RESET)
 <LI><a href="#[24]">TIMER0_TRG_CMT_TIMER10_IRQHandler</a> from startup_gd32f407_427.o(.text) referenced from startup_gd32f407_427.o(RESET)
 <LI><a href="#[23]">TIMER0_UP_TIMER9_IRQHandler</a> from startup_gd32f407_427.o(.text) referenced from startup_gd32f407_427.o(RESET)
 <LI><a href="#[26]">TIMER1_IRQHandler</a> from startup_gd32f407_427.o(.text) referenced from startup_gd32f407_427.o(RESET)
 <LI><a href="#[27]">TIMER2_IRQHandler</a> from startup_gd32f407_427.o(.text) referenced from startup_gd32f407_427.o(RESET)
 <LI><a href="#[28]">TIMER3_IRQHandler</a> from startup_gd32f407_427.o(.text) referenced from startup_gd32f407_427.o(RESET)
 <LI><a href="#[3c]">TIMER4_IRQHandler</a> from startup_gd32f407_427.o(.text) referenced from startup_gd32f407_427.o(RESET)
 <LI><a href="#[40]">TIMER5_DAC_IRQHandler</a> from lib_timer5.o(.text.TIMER5_DAC_IRQHandler) referenced from startup_gd32f407_427.o(RESET)
 <LI><a href="#[41]">TIMER6_IRQHandler</a> from startup_gd32f407_427.o(.text) referenced from startup_gd32f407_427.o(RESET)
 <LI><a href="#[35]">TIMER7_BRK_TIMER11_IRQHandler</a> from startup_gd32f407_427.o(.text) referenced from startup_gd32f407_427.o(RESET)
 <LI><a href="#[38]">TIMER7_Channel_IRQHandler</a> from startup_gd32f407_427.o(.text) referenced from startup_gd32f407_427.o(RESET)
 <LI><a href="#[37]">TIMER7_TRG_CMT_TIMER13_IRQHandler</a> from startup_gd32f407_427.o(.text) referenced from startup_gd32f407_427.o(RESET)
 <LI><a href="#[36]">TIMER7_UP_TIMER12_IRQHandler</a> from startup_gd32f407_427.o(.text) referenced from startup_gd32f407_427.o(RESET)
 <LI><a href="#[59]">TRNG_IRQHandler</a> from startup_gd32f407_427.o(.text) referenced from startup_gd32f407_427.o(RESET)
 <LI><a href="#[3e]">UART3_IRQHandler</a> from startup_gd32f407_427.o(.text) referenced from startup_gd32f407_427.o(RESET)
 <LI><a href="#[3f]">UART4_IRQHandler</a> from startup_gd32f407_427.o(.text) referenced from startup_gd32f407_427.o(RESET)
 <LI><a href="#[2f]">USART0_IRQHandler</a> from lib_usart0.o(.text.USART0_IRQHandler) referenced from startup_gd32f407_427.o(RESET)
 <LI><a href="#[30]">USART1_IRQHandler</a> from startup_gd32f407_427.o(.text) referenced from startup_gd32f407_427.o(RESET)
 <LI><a href="#[31]">USART2_IRQHandler</a> from startup_gd32f407_427.o(.text) referenced from startup_gd32f407_427.o(RESET)
 <LI><a href="#[51]">USART5_IRQHandler</a> from startup_gd32f407_427.o(.text) referenced from startup_gd32f407_427.o(RESET)
 <LI><a href="#[4d]">USBFS_IRQHandler</a> from startup_gd32f407_427.o(.text) referenced from startup_gd32f407_427.o(RESET)
 <LI><a href="#[34]">USBFS_WKUP_IRQHandler</a> from startup_gd32f407_427.o(.text) referenced from startup_gd32f407_427.o(RESET)
 <LI><a href="#[55]">USBHS_EP1_In_IRQHandler</a> from startup_gd32f407_427.o(.text) referenced from startup_gd32f407_427.o(RESET)
 <LI><a href="#[54]">USBHS_EP1_Out_IRQHandler</a> from startup_gd32f407_427.o(.text) referenced from startup_gd32f407_427.o(RESET)
 <LI><a href="#[57]">USBHS_IRQHandler</a> from startup_gd32f407_427.o(.text) referenced from startup_gd32f407_427.o(RESET)
 <LI><a href="#[56]">USBHS_WKUP_IRQHandler</a> from startup_gd32f407_427.o(.text) referenced from startup_gd32f407_427.o(RESET)
 <LI><a href="#[5]">UsageFault_Handler</a> from gd32f4xx_it.o(.text.UsageFault_Handler) referenced from startup_gd32f407_427.o(RESET)
 <LI><a href="#[a]">WWDGT_IRQHandler</a> from startup_gd32f407_427.o(.text) referenced from startup_gd32f407_427.o(RESET)
 <LI><a href="#[5d]">__main</a> from entry.o(.ARM.Collect$$$$00000000) referenced from startup_gd32f407_427.o(.text)
 <LI><a href="#[5e]">fputc</a> from lib_usart0.o(.text.fputc) referenced from printfa.o(i.__0printf)
 <LI><a href="#[5b]">main</a> from main.o(.text.main) referenced from entry9a.o(.ARM.Collect$$$$0000000B)
</UL>
<P>
<H3>
Global Symbols
</H3>
<P><STRONG><a name="[5d]"></a>__main</STRONG> (Thumb, 0 bytes, Stack size unknown bytes, entry.o(.ARM.Collect$$$$00000000))
<BR>[Address Reference Count : 1]<UL><LI> startup_gd32f407_427.o(.text)
</UL>
<P><STRONG><a name="[86]"></a>_main_stk</STRONG> (Thumb, 0 bytes, Stack size unknown bytes, entry2.o(.ARM.Collect$$$$00000001))

<P><STRONG><a name="[60]"></a>_main_scatterload</STRONG> (Thumb, 0 bytes, Stack size unknown bytes, entry5.o(.ARM.Collect$$$$00000004))
<BR><BR>[Calls]<UL><LI><a href="#[61]">&gt;&gt;</a>&nbsp;&nbsp;&nbsp;__scatterload
</UL>

<P><STRONG><a name="[6e]"></a>__main_after_scatterload</STRONG> (Thumb, 0 bytes, Stack size unknown bytes, entry5.o(.ARM.Collect$$$$00000004))
<BR><BR>[Called By]<UL><LI><a href="#[61]">&gt;&gt;</a>&nbsp;&nbsp;&nbsp;__scatterload
</UL>

<P><STRONG><a name="[87]"></a>_main_clock</STRONG> (Thumb, 0 bytes, Stack size unknown bytes, entry7b.o(.ARM.Collect$$$$00000008))

<P><STRONG><a name="[88]"></a>_main_cpp_init</STRONG> (Thumb, 0 bytes, Stack size unknown bytes, entry8b.o(.ARM.Collect$$$$0000000A))

<P><STRONG><a name="[89]"></a>_main_init</STRONG> (Thumb, 0 bytes, Stack size unknown bytes, entry9a.o(.ARM.Collect$$$$0000000B))

<P><STRONG><a name="[8a]"></a>__rt_final_cpp</STRONG> (Thumb, 0 bytes, Stack size unknown bytes, entry10a.o(.ARM.Collect$$$$0000000D))

<P><STRONG><a name="[8b]"></a>__rt_final_exit</STRONG> (Thumb, 0 bytes, Stack size unknown bytes, entry11a.o(.ARM.Collect$$$$0000000F))

<P><STRONG><a name="[0]"></a>Reset_Handler</STRONG> (Thumb, 8 bytes, Stack size 0 bytes, startup_gd32f407_427.o(.text))
<BR>[Address Reference Count : 1]<UL><LI> startup_gd32f407_427.o(RESET)
</UL>
<P><STRONG><a name="[9]"></a>SysTick_Handler</STRONG> (Thumb, 2 bytes, Stack size 0 bytes, startup_gd32f407_427.o(.text))
<BR><BR>[Calls]<UL><LI><a href="#[9]">&gt;&gt;</a>&nbsp;&nbsp;&nbsp;SysTick_Handler
</UL>
<BR>[Called By]<UL><LI><a href="#[9]">&gt;&gt;</a>&nbsp;&nbsp;&nbsp;SysTick_Handler
</UL>
<BR>[Address Reference Count : 1]<UL><LI> startup_gd32f407_427.o(RESET)
</UL>
<P><STRONG><a name="[1c]"></a>ADC_IRQHandler</STRONG> (Thumb, 0 bytes, Stack size 0 bytes, startup_gd32f407_427.o(.text))
<BR><BR>[Calls]<UL><LI><a href="#[1c]">&gt;&gt;</a>&nbsp;&nbsp;&nbsp;ADC_IRQHandler
</UL>
<BR>[Called By]<UL><LI><a href="#[1c]">&gt;&gt;</a>&nbsp;&nbsp;&nbsp;ADC_IRQHandler
</UL>
<BR>[Address Reference Count : 1]<UL><LI> startup_gd32f407_427.o(RESET)
</UL>
<P><STRONG><a name="[20]"></a>CAN0_EWMC_IRQHandler</STRONG> (Thumb, 0 bytes, Stack size 0 bytes, startup_gd32f407_427.o(.text))
<BR>[Address Reference Count : 1]<UL><LI> startup_gd32f407_427.o(RESET)
</UL>
<P><STRONG><a name="[1e]"></a>CAN0_RX0_IRQHandler</STRONG> (Thumb, 0 bytes, Stack size 0 bytes, startup_gd32f407_427.o(.text))
<BR>[Address Reference Count : 1]<UL><LI> startup_gd32f407_427.o(RESET)
</UL>
<P><STRONG><a name="[1f]"></a>CAN0_RX1_IRQHandler</STRONG> (Thumb, 0 bytes, Stack size 0 bytes, startup_gd32f407_427.o(.text))
<BR>[Address Reference Count : 1]<UL><LI> startup_gd32f407_427.o(RESET)
</UL>
<P><STRONG><a name="[1d]"></a>CAN0_TX_IRQHandler</STRONG> (Thumb, 0 bytes, Stack size 0 bytes, startup_gd32f407_427.o(.text))
<BR>[Address Reference Count : 1]<UL><LI> startup_gd32f407_427.o(RESET)
</UL>
<P><STRONG><a name="[4c]"></a>CAN1_EWMC_IRQHandler</STRONG> (Thumb, 0 bytes, Stack size 0 bytes, startup_gd32f407_427.o(.text))
<BR>[Address Reference Count : 1]<UL><LI> startup_gd32f407_427.o(RESET)
</UL>
<P><STRONG><a name="[4a]"></a>CAN1_RX0_IRQHandler</STRONG> (Thumb, 0 bytes, Stack size 0 bytes, startup_gd32f407_427.o(.text))
<BR>[Address Reference Count : 1]<UL><LI> startup_gd32f407_427.o(RESET)
</UL>
<P><STRONG><a name="[4b]"></a>CAN1_RX1_IRQHandler</STRONG> (Thumb, 0 bytes, Stack size 0 bytes, startup_gd32f407_427.o(.text))
<BR>[Address Reference Count : 1]<UL><LI> startup_gd32f407_427.o(RESET)
</UL>
<P><STRONG><a name="[49]"></a>CAN1_TX_IRQHandler</STRONG> (Thumb, 0 bytes, Stack size 0 bytes, startup_gd32f407_427.o(.text))
<BR>[Address Reference Count : 1]<UL><LI> startup_gd32f407_427.o(RESET)
</UL>
<P><STRONG><a name="[58]"></a>DCI_IRQHandler</STRONG> (Thumb, 0 bytes, Stack size 0 bytes, startup_gd32f407_427.o(.text))
<BR>[Address Reference Count : 1]<UL><LI> startup_gd32f407_427.o(RESET)
</UL>
<P><STRONG><a name="[15]"></a>DMA0_Channel0_IRQHandler</STRONG> (Thumb, 0 bytes, Stack size 0 bytes, startup_gd32f407_427.o(.text))
<BR>[Address Reference Count : 1]<UL><LI> startup_gd32f407_427.o(RESET)
</UL>
<P><STRONG><a name="[16]"></a>DMA0_Channel1_IRQHandler</STRONG> (Thumb, 0 bytes, Stack size 0 bytes, startup_gd32f407_427.o(.text))
<BR>[Address Reference Count : 1]<UL><LI> startup_gd32f407_427.o(RESET)
</UL>
<P><STRONG><a name="[17]"></a>DMA0_Channel2_IRQHandler</STRONG> (Thumb, 0 bytes, Stack size 0 bytes, startup_gd32f407_427.o(.text))
<BR>[Address Reference Count : 1]<UL><LI> startup_gd32f407_427.o(RESET)
</UL>
<P><STRONG><a name="[18]"></a>DMA0_Channel3_IRQHandler</STRONG> (Thumb, 0 bytes, Stack size 0 bytes, startup_gd32f407_427.o(.text))
<BR>[Address Reference Count : 1]<UL><LI> startup_gd32f407_427.o(RESET)
</UL>
<P><STRONG><a name="[19]"></a>DMA0_Channel4_IRQHandler</STRONG> (Thumb, 0 bytes, Stack size 0 bytes, startup_gd32f407_427.o(.text))
<BR>[Address Reference Count : 1]<UL><LI> startup_gd32f407_427.o(RESET)
</UL>
<P><STRONG><a name="[1a]"></a>DMA0_Channel5_IRQHandler</STRONG> (Thumb, 0 bytes, Stack size 0 bytes, startup_gd32f407_427.o(.text))
<BR>[Address Reference Count : 1]<UL><LI> startup_gd32f407_427.o(RESET)
</UL>
<P><STRONG><a name="[1b]"></a>DMA0_Channel6_IRQHandler</STRONG> (Thumb, 0 bytes, Stack size 0 bytes, startup_gd32f407_427.o(.text))
<BR>[Address Reference Count : 1]<UL><LI> startup_gd32f407_427.o(RESET)
</UL>
<P><STRONG><a name="[39]"></a>DMA0_Channel7_IRQHandler</STRONG> (Thumb, 0 bytes, Stack size 0 bytes, startup_gd32f407_427.o(.text))
<BR>[Address Reference Count : 1]<UL><LI> startup_gd32f407_427.o(RESET)
</UL>
<P><STRONG><a name="[42]"></a>DMA1_Channel0_IRQHandler</STRONG> (Thumb, 0 bytes, Stack size 0 bytes, startup_gd32f407_427.o(.text))
<BR>[Address Reference Count : 1]<UL><LI> startup_gd32f407_427.o(RESET)
</UL>
<P><STRONG><a name="[43]"></a>DMA1_Channel1_IRQHandler</STRONG> (Thumb, 0 bytes, Stack size 0 bytes, startup_gd32f407_427.o(.text))
<BR>[Address Reference Count : 1]<UL><LI> startup_gd32f407_427.o(RESET)
</UL>
<P><STRONG><a name="[44]"></a>DMA1_Channel2_IRQHandler</STRONG> (Thumb, 0 bytes, Stack size 0 bytes, startup_gd32f407_427.o(.text))
<BR>[Address Reference Count : 1]<UL><LI> startup_gd32f407_427.o(RESET)
</UL>
<P><STRONG><a name="[45]"></a>DMA1_Channel3_IRQHandler</STRONG> (Thumb, 0 bytes, Stack size 0 bytes, startup_gd32f407_427.o(.text))
<BR>[Address Reference Count : 1]<UL><LI> startup_gd32f407_427.o(RESET)
</UL>
<P><STRONG><a name="[46]"></a>DMA1_Channel4_IRQHandler</STRONG> (Thumb, 0 bytes, Stack size 0 bytes, startup_gd32f407_427.o(.text))
<BR>[Address Reference Count : 1]<UL><LI> startup_gd32f407_427.o(RESET)
</UL>
<P><STRONG><a name="[4e]"></a>DMA1_Channel5_IRQHandler</STRONG> (Thumb, 0 bytes, Stack size 0 bytes, startup_gd32f407_427.o(.text))
<BR>[Address Reference Count : 1]<UL><LI> startup_gd32f407_427.o(RESET)
</UL>
<P><STRONG><a name="[4f]"></a>DMA1_Channel6_IRQHandler</STRONG> (Thumb, 0 bytes, Stack size 0 bytes, startup_gd32f407_427.o(.text))
<BR>[Address Reference Count : 1]<UL><LI> startup_gd32f407_427.o(RESET)
</UL>
<P><STRONG><a name="[50]"></a>DMA1_Channel7_IRQHandler</STRONG> (Thumb, 0 bytes, Stack size 0 bytes, startup_gd32f407_427.o(.text))
<BR>[Address Reference Count : 1]<UL><LI> startup_gd32f407_427.o(RESET)
</UL>
<P><STRONG><a name="[47]"></a>ENET_IRQHandler</STRONG> (Thumb, 0 bytes, Stack size 0 bytes, startup_gd32f407_427.o(.text))
<BR>[Address Reference Count : 1]<UL><LI> startup_gd32f407_427.o(RESET)
</UL>
<P><STRONG><a name="[48]"></a>ENET_WKUP_IRQHandler</STRONG> (Thumb, 0 bytes, Stack size 0 bytes, startup_gd32f407_427.o(.text))
<BR>[Address Reference Count : 1]<UL><LI> startup_gd32f407_427.o(RESET)
</UL>
<P><STRONG><a name="[3a]"></a>EXMC_IRQHandler</STRONG> (Thumb, 0 bytes, Stack size 0 bytes, startup_gd32f407_427.o(.text))
<BR>[Address Reference Count : 1]<UL><LI> startup_gd32f407_427.o(RESET)
</UL>
<P><STRONG><a name="[10]"></a>EXTI0_IRQHandler</STRONG> (Thumb, 0 bytes, Stack size 0 bytes, startup_gd32f407_427.o(.text))
<BR>[Address Reference Count : 1]<UL><LI> startup_gd32f407_427.o(RESET)
</UL>
<P><STRONG><a name="[32]"></a>EXTI10_15_IRQHandler</STRONG> (Thumb, 0 bytes, Stack size 0 bytes, startup_gd32f407_427.o(.text))
<BR>[Address Reference Count : 1]<UL><LI> startup_gd32f407_427.o(RESET)
</UL>
<P><STRONG><a name="[11]"></a>EXTI1_IRQHandler</STRONG> (Thumb, 0 bytes, Stack size 0 bytes, startup_gd32f407_427.o(.text))
<BR>[Address Reference Count : 1]<UL><LI> startup_gd32f407_427.o(RESET)
</UL>
<P><STRONG><a name="[12]"></a>EXTI2_IRQHandler</STRONG> (Thumb, 0 bytes, Stack size 0 bytes, startup_gd32f407_427.o(.text))
<BR>[Address Reference Count : 1]<UL><LI> startup_gd32f407_427.o(RESET)
</UL>
<P><STRONG><a name="[13]"></a>EXTI3_IRQHandler</STRONG> (Thumb, 0 bytes, Stack size 0 bytes, startup_gd32f407_427.o(.text))
<BR>[Address Reference Count : 1]<UL><LI> startup_gd32f407_427.o(RESET)
</UL>
<P><STRONG><a name="[14]"></a>EXTI4_IRQHandler</STRONG> (Thumb, 0 bytes, Stack size 0 bytes, startup_gd32f407_427.o(.text))
<BR>[Address Reference Count : 1]<UL><LI> startup_gd32f407_427.o(RESET)
</UL>
<P><STRONG><a name="[21]"></a>EXTI5_9_IRQHandler</STRONG> (Thumb, 0 bytes, Stack size 0 bytes, startup_gd32f407_427.o(.text))
<BR>[Address Reference Count : 1]<UL><LI> startup_gd32f407_427.o(RESET)
</UL>
<P><STRONG><a name="[e]"></a>FMC_IRQHandler</STRONG> (Thumb, 0 bytes, Stack size 0 bytes, startup_gd32f407_427.o(.text))
<BR>[Address Reference Count : 1]<UL><LI> startup_gd32f407_427.o(RESET)
</UL>
<P><STRONG><a name="[5a]"></a>FPU_IRQHandler</STRONG> (Thumb, 0 bytes, Stack size 0 bytes, startup_gd32f407_427.o(.text))
<BR>[Address Reference Count : 1]<UL><LI> startup_gd32f407_427.o(RESET)
</UL>
<P><STRONG><a name="[2a]"></a>I2C0_ER_IRQHandler</STRONG> (Thumb, 0 bytes, Stack size 0 bytes, startup_gd32f407_427.o(.text))
<BR>[Address Reference Count : 1]<UL><LI> startup_gd32f407_427.o(RESET)
</UL>
<P><STRONG><a name="[29]"></a>I2C0_EV_IRQHandler</STRONG> (Thumb, 0 bytes, Stack size 0 bytes, startup_gd32f407_427.o(.text))
<BR>[Address Reference Count : 1]<UL><LI> startup_gd32f407_427.o(RESET)
</UL>
<P><STRONG><a name="[2c]"></a>I2C1_ER_IRQHandler</STRONG> (Thumb, 0 bytes, Stack size 0 bytes, startup_gd32f407_427.o(.text))
<BR>[Address Reference Count : 1]<UL><LI> startup_gd32f407_427.o(RESET)
</UL>
<P><STRONG><a name="[2b]"></a>I2C1_EV_IRQHandler</STRONG> (Thumb, 0 bytes, Stack size 0 bytes, startup_gd32f407_427.o(.text))
<BR>[Address Reference Count : 1]<UL><LI> startup_gd32f407_427.o(RESET)
</UL>
<P><STRONG><a name="[53]"></a>I2C2_ER_IRQHandler</STRONG> (Thumb, 0 bytes, Stack size 0 bytes, startup_gd32f407_427.o(.text))
<BR>[Address Reference Count : 1]<UL><LI> startup_gd32f407_427.o(RESET)
</UL>
<P><STRONG><a name="[52]"></a>I2C2_EV_IRQHandler</STRONG> (Thumb, 0 bytes, Stack size 0 bytes, startup_gd32f407_427.o(.text))
<BR>[Address Reference Count : 1]<UL><LI> startup_gd32f407_427.o(RESET)
</UL>
<P><STRONG><a name="[b]"></a>LVD_IRQHandler</STRONG> (Thumb, 0 bytes, Stack size 0 bytes, startup_gd32f407_427.o(.text))
<BR>[Address Reference Count : 1]<UL><LI> startup_gd32f407_427.o(RESET)
</UL>
<P><STRONG><a name="[f]"></a>RCU_CTC_IRQHandler</STRONG> (Thumb, 0 bytes, Stack size 0 bytes, startup_gd32f407_427.o(.text))
<BR>[Address Reference Count : 1]<UL><LI> startup_gd32f407_427.o(RESET)
</UL>
<P><STRONG><a name="[33]"></a>RTC_Alarm_IRQHandler</STRONG> (Thumb, 0 bytes, Stack size 0 bytes, startup_gd32f407_427.o(.text))
<BR>[Address Reference Count : 1]<UL><LI> startup_gd32f407_427.o(RESET)
</UL>
<P><STRONG><a name="[d]"></a>RTC_WKUP_IRQHandler</STRONG> (Thumb, 0 bytes, Stack size 0 bytes, startup_gd32f407_427.o(.text))
<BR>[Address Reference Count : 1]<UL><LI> startup_gd32f407_427.o(RESET)
</UL>
<P><STRONG><a name="[3b]"></a>SDIO_IRQHandler</STRONG> (Thumb, 0 bytes, Stack size 0 bytes, startup_gd32f407_427.o(.text))
<BR>[Address Reference Count : 1]<UL><LI> startup_gd32f407_427.o(RESET)
</UL>
<P><STRONG><a name="[2d]"></a>SPI0_IRQHandler</STRONG> (Thumb, 0 bytes, Stack size 0 bytes, startup_gd32f407_427.o(.text))
<BR>[Address Reference Count : 1]<UL><LI> startup_gd32f407_427.o(RESET)
</UL>
<P><STRONG><a name="[2e]"></a>SPI1_IRQHandler</STRONG> (Thumb, 0 bytes, Stack size 0 bytes, startup_gd32f407_427.o(.text))
<BR>[Address Reference Count : 1]<UL><LI> startup_gd32f407_427.o(RESET)
</UL>
<P><STRONG><a name="[3d]"></a>SPI2_IRQHandler</STRONG> (Thumb, 0 bytes, Stack size 0 bytes, startup_gd32f407_427.o(.text))
<BR>[Address Reference Count : 1]<UL><LI> startup_gd32f407_427.o(RESET)
</UL>
<P><STRONG><a name="[c]"></a>TAMPER_STAMP_IRQHandler</STRONG> (Thumb, 0 bytes, Stack size 0 bytes, startup_gd32f407_427.o(.text))
<BR>[Address Reference Count : 1]<UL><LI> startup_gd32f407_427.o(RESET)
</UL>
<P><STRONG><a name="[22]"></a>TIMER0_BRK_TIMER8_IRQHandler</STRONG> (Thumb, 0 bytes, Stack size 0 bytes, startup_gd32f407_427.o(.text))
<BR>[Address Reference Count : 1]<UL><LI> startup_gd32f407_427.o(RESET)
</UL>
<P><STRONG><a name="[25]"></a>TIMER0_Channel_IRQHandler</STRONG> (Thumb, 0 bytes, Stack size 0 bytes, startup_gd32f407_427.o(.text))
<BR>[Address Reference Count : 1]<UL><LI> startup_gd32f407_427.o(RESET)
</UL>
<P><STRONG><a name="[24]"></a>TIMER0_TRG_CMT_TIMER10_IRQHandler</STRONG> (Thumb, 0 bytes, Stack size 0 bytes, startup_gd32f407_427.o(.text))
<BR>[Address Reference Count : 1]<UL><LI> startup_gd32f407_427.o(RESET)
</UL>
<P><STRONG><a name="[23]"></a>TIMER0_UP_TIMER9_IRQHandler</STRONG> (Thumb, 0 bytes, Stack size 0 bytes, startup_gd32f407_427.o(.text))
<BR>[Address Reference Count : 1]<UL><LI> startup_gd32f407_427.o(RESET)
</UL>
<P><STRONG><a name="[26]"></a>TIMER1_IRQHandler</STRONG> (Thumb, 0 bytes, Stack size 0 bytes, startup_gd32f407_427.o(.text))
<BR>[Address Reference Count : 1]<UL><LI> startup_gd32f407_427.o(RESET)
</UL>
<P><STRONG><a name="[27]"></a>TIMER2_IRQHandler</STRONG> (Thumb, 0 bytes, Stack size 0 bytes, startup_gd32f407_427.o(.text))
<BR>[Address Reference Count : 1]<UL><LI> startup_gd32f407_427.o(RESET)
</UL>
<P><STRONG><a name="[28]"></a>TIMER3_IRQHandler</STRONG> (Thumb, 0 bytes, Stack size 0 bytes, startup_gd32f407_427.o(.text))
<BR>[Address Reference Count : 1]<UL><LI> startup_gd32f407_427.o(RESET)
</UL>
<P><STRONG><a name="[3c]"></a>TIMER4_IRQHandler</STRONG> (Thumb, 0 bytes, Stack size 0 bytes, startup_gd32f407_427.o(.text))
<BR>[Address Reference Count : 1]<UL><LI> startup_gd32f407_427.o(RESET)
</UL>
<P><STRONG><a name="[41]"></a>TIMER6_IRQHandler</STRONG> (Thumb, 0 bytes, Stack size 0 bytes, startup_gd32f407_427.o(.text))
<BR>[Address Reference Count : 1]<UL><LI> startup_gd32f407_427.o(RESET)
</UL>
<P><STRONG><a name="[35]"></a>TIMER7_BRK_TIMER11_IRQHandler</STRONG> (Thumb, 0 bytes, Stack size 0 bytes, startup_gd32f407_427.o(.text))
<BR>[Address Reference Count : 1]<UL><LI> startup_gd32f407_427.o(RESET)
</UL>
<P><STRONG><a name="[38]"></a>TIMER7_Channel_IRQHandler</STRONG> (Thumb, 0 bytes, Stack size 0 bytes, startup_gd32f407_427.o(.text))
<BR>[Address Reference Count : 1]<UL><LI> startup_gd32f407_427.o(RESET)
</UL>
<P><STRONG><a name="[37]"></a>TIMER7_TRG_CMT_TIMER13_IRQHandler</STRONG> (Thumb, 0 bytes, Stack size 0 bytes, startup_gd32f407_427.o(.text))
<BR>[Address Reference Count : 1]<UL><LI> startup_gd32f407_427.o(RESET)
</UL>
<P><STRONG><a name="[36]"></a>TIMER7_UP_TIMER12_IRQHandler</STRONG> (Thumb, 0 bytes, Stack size 0 bytes, startup_gd32f407_427.o(.text))
<BR>[Address Reference Count : 1]<UL><LI> startup_gd32f407_427.o(RESET)
</UL>
<P><STRONG><a name="[59]"></a>TRNG_IRQHandler</STRONG> (Thumb, 0 bytes, Stack size 0 bytes, startup_gd32f407_427.o(.text))
<BR>[Address Reference Count : 1]<UL><LI> startup_gd32f407_427.o(RESET)
</UL>
<P><STRONG><a name="[3e]"></a>UART3_IRQHandler</STRONG> (Thumb, 0 bytes, Stack size 0 bytes, startup_gd32f407_427.o(.text))
<BR>[Address Reference Count : 1]<UL><LI> startup_gd32f407_427.o(RESET)
</UL>
<P><STRONG><a name="[3f]"></a>UART4_IRQHandler</STRONG> (Thumb, 0 bytes, Stack size 0 bytes, startup_gd32f407_427.o(.text))
<BR>[Address Reference Count : 1]<UL><LI> startup_gd32f407_427.o(RESET)
</UL>
<P><STRONG><a name="[30]"></a>USART1_IRQHandler</STRONG> (Thumb, 0 bytes, Stack size 0 bytes, startup_gd32f407_427.o(.text))
<BR>[Address Reference Count : 1]<UL><LI> startup_gd32f407_427.o(RESET)
</UL>
<P><STRONG><a name="[31]"></a>USART2_IRQHandler</STRONG> (Thumb, 0 bytes, Stack size 0 bytes, startup_gd32f407_427.o(.text))
<BR>[Address Reference Count : 1]<UL><LI> startup_gd32f407_427.o(RESET)
</UL>
<P><STRONG><a name="[51]"></a>USART5_IRQHandler</STRONG> (Thumb, 0 bytes, Stack size 0 bytes, startup_gd32f407_427.o(.text))
<BR>[Address Reference Count : 1]<UL><LI> startup_gd32f407_427.o(RESET)
</UL>
<P><STRONG><a name="[4d]"></a>USBFS_IRQHandler</STRONG> (Thumb, 0 bytes, Stack size 0 bytes, startup_gd32f407_427.o(.text))
<BR>[Address Reference Count : 1]<UL><LI> startup_gd32f407_427.o(RESET)
</UL>
<P><STRONG><a name="[34]"></a>USBFS_WKUP_IRQHandler</STRONG> (Thumb, 0 bytes, Stack size 0 bytes, startup_gd32f407_427.o(.text))
<BR>[Address Reference Count : 1]<UL><LI> startup_gd32f407_427.o(RESET)
</UL>
<P><STRONG><a name="[55]"></a>USBHS_EP1_In_IRQHandler</STRONG> (Thumb, 0 bytes, Stack size 0 bytes, startup_gd32f407_427.o(.text))
<BR>[Address Reference Count : 1]<UL><LI> startup_gd32f407_427.o(RESET)
</UL>
<P><STRONG><a name="[54]"></a>USBHS_EP1_Out_IRQHandler</STRONG> (Thumb, 0 bytes, Stack size 0 bytes, startup_gd32f407_427.o(.text))
<BR>[Address Reference Count : 1]<UL><LI> startup_gd32f407_427.o(RESET)
</UL>
<P><STRONG><a name="[57]"></a>USBHS_IRQHandler</STRONG> (Thumb, 0 bytes, Stack size 0 bytes, startup_gd32f407_427.o(.text))
<BR>[Address Reference Count : 1]<UL><LI> startup_gd32f407_427.o(RESET)
</UL>
<P><STRONG><a name="[56]"></a>USBHS_WKUP_IRQHandler</STRONG> (Thumb, 0 bytes, Stack size 0 bytes, startup_gd32f407_427.o(.text))
<BR>[Address Reference Count : 1]<UL><LI> startup_gd32f407_427.o(RESET)
</UL>
<P><STRONG><a name="[a]"></a>WWDGT_IRQHandler</STRONG> (Thumb, 0 bytes, Stack size 0 bytes, startup_gd32f407_427.o(.text))
<BR>[Address Reference Count : 1]<UL><LI> startup_gd32f407_427.o(RESET)
</UL>
<P><STRONG><a name="[8c]"></a>__aeabi_uidiv</STRONG> (Thumb, 0 bytes, Stack size 12 bytes, uidiv.o(.text), UNUSED)

<P><STRONG><a name="[85]"></a>__aeabi_uidivmod</STRONG> (Thumb, 44 bytes, Stack size 12 bytes, uidiv.o(.text), UNUSED)
<BR><BR>[Called By]<UL><LI><a href="#[80]">&gt;&gt;</a>&nbsp;&nbsp;&nbsp;_printf_core
</UL>

<P><STRONG><a name="[62]"></a>__aeabi_uldivmod</STRONG> (Thumb, 98 bytes, Stack size 40 bytes, uldiv.o(.text), UNUSED)
<BR><BR>[Calls]<UL><LI><a href="#[63]">&gt;&gt;</a>&nbsp;&nbsp;&nbsp;__aeabi_llsr
<LI><a href="#[64]">&gt;&gt;</a>&nbsp;&nbsp;&nbsp;__aeabi_llsl
</UL>
<BR>[Called By]<UL><LI><a href="#[80]">&gt;&gt;</a>&nbsp;&nbsp;&nbsp;_printf_core
<LI><a href="#[81]">&gt;&gt;</a>&nbsp;&nbsp;&nbsp;_fp_digits
</UL>

<P><STRONG><a name="[8d]"></a>__I$use$fp</STRONG> (Thumb, 0 bytes, Stack size 48 bytes, iusefp.o(.text), UNUSED)

<P><STRONG><a name="[65]"></a>__aeabi_dadd</STRONG> (Thumb, 322 bytes, Stack size 48 bytes, dadd.o(.text), UNUSED)
<BR><BR>[Calls]<UL><LI><a href="#[66]">&gt;&gt;</a>&nbsp;&nbsp;&nbsp;__aeabi_lasr
<LI><a href="#[64]">&gt;&gt;</a>&nbsp;&nbsp;&nbsp;__aeabi_llsl
<LI><a href="#[68]">&gt;&gt;</a>&nbsp;&nbsp;&nbsp;_double_round
<LI><a href="#[67]">&gt;&gt;</a>&nbsp;&nbsp;&nbsp;_double_epilogue
</UL>
<BR>[Called By]<UL><LI><a href="#[6a]">&gt;&gt;</a>&nbsp;&nbsp;&nbsp;__aeabi_drsub
<LI><a href="#[69]">&gt;&gt;</a>&nbsp;&nbsp;&nbsp;__aeabi_dsub
<LI><a href="#[81]">&gt;&gt;</a>&nbsp;&nbsp;&nbsp;_fp_digits
</UL>

<P><STRONG><a name="[69]"></a>__aeabi_dsub</STRONG> (Thumb, 6 bytes, Stack size 0 bytes, dadd.o(.text), UNUSED)
<BR><BR>[Calls]<UL><LI><a href="#[65]">&gt;&gt;</a>&nbsp;&nbsp;&nbsp;__aeabi_dadd
</UL>

<P><STRONG><a name="[6a]"></a>__aeabi_drsub</STRONG> (Thumb, 6 bytes, Stack size 0 bytes, dadd.o(.text), UNUSED)
<BR><BR>[Calls]<UL><LI><a href="#[65]">&gt;&gt;</a>&nbsp;&nbsp;&nbsp;__aeabi_dadd
</UL>

<P><STRONG><a name="[6b]"></a>__aeabi_dmul</STRONG> (Thumb, 228 bytes, Stack size 48 bytes, dmul.o(.text), UNUSED)
<BR><BR>[Calls]<UL><LI><a href="#[67]">&gt;&gt;</a>&nbsp;&nbsp;&nbsp;_double_epilogue
</UL>
<BR>[Called By]<UL><LI><a href="#[81]">&gt;&gt;</a>&nbsp;&nbsp;&nbsp;_fp_digits
</UL>

<P><STRONG><a name="[6c]"></a>__aeabi_ddiv</STRONG> (Thumb, 222 bytes, Stack size 32 bytes, ddiv.o(.text), UNUSED)
<BR><BR>[Calls]<UL><LI><a href="#[68]">&gt;&gt;</a>&nbsp;&nbsp;&nbsp;_double_round
</UL>
<BR>[Called By]<UL><LI><a href="#[81]">&gt;&gt;</a>&nbsp;&nbsp;&nbsp;_fp_digits
</UL>

<P><STRONG><a name="[6d]"></a>__aeabi_d2ulz</STRONG> (Thumb, 48 bytes, Stack size 0 bytes, dfixul.o(.text), UNUSED)
<BR><BR>[Calls]<UL><LI><a href="#[63]">&gt;&gt;</a>&nbsp;&nbsp;&nbsp;__aeabi_llsr
<LI><a href="#[64]">&gt;&gt;</a>&nbsp;&nbsp;&nbsp;__aeabi_llsl
</UL>
<BR>[Called By]<UL><LI><a href="#[81]">&gt;&gt;</a>&nbsp;&nbsp;&nbsp;_fp_digits
</UL>

<P><STRONG><a name="[82]"></a>__aeabi_cdrcmple</STRONG> (Thumb, 48 bytes, Stack size 0 bytes, cdrcmple.o(.text), UNUSED)
<BR><BR>[Called By]<UL><LI><a href="#[81]">&gt;&gt;</a>&nbsp;&nbsp;&nbsp;_fp_digits
</UL>

<P><STRONG><a name="[61]"></a>__scatterload</STRONG> (Thumb, 38 bytes, Stack size 0 bytes, init.o(.text))
<BR><BR>[Calls]<UL><LI><a href="#[6e]">&gt;&gt;</a>&nbsp;&nbsp;&nbsp;__main_after_scatterload
</UL>
<BR>[Called By]<UL><LI><a href="#[60]">&gt;&gt;</a>&nbsp;&nbsp;&nbsp;_main_scatterload
</UL>

<P><STRONG><a name="[8e]"></a>__scatterload_rt2</STRONG> (Thumb, 0 bytes, Stack size 0 bytes, init.o(.text), UNUSED)

<P><STRONG><a name="[64]"></a>__aeabi_llsl</STRONG> (Thumb, 30 bytes, Stack size 0 bytes, llshl.o(.text), UNUSED)
<BR><BR>[Called By]<UL><LI><a href="#[67]">&gt;&gt;</a>&nbsp;&nbsp;&nbsp;_double_epilogue
<LI><a href="#[62]">&gt;&gt;</a>&nbsp;&nbsp;&nbsp;__aeabi_uldivmod
<LI><a href="#[65]">&gt;&gt;</a>&nbsp;&nbsp;&nbsp;__aeabi_dadd
<LI><a href="#[6d]">&gt;&gt;</a>&nbsp;&nbsp;&nbsp;__aeabi_d2ulz
</UL>

<P><STRONG><a name="[8f]"></a>_ll_shift_l</STRONG> (Thumb, 0 bytes, Stack size 0 bytes, llshl.o(.text), UNUSED)

<P><STRONG><a name="[63]"></a>__aeabi_llsr</STRONG> (Thumb, 32 bytes, Stack size 0 bytes, llushr.o(.text), UNUSED)
<BR><BR>[Called By]<UL><LI><a href="#[67]">&gt;&gt;</a>&nbsp;&nbsp;&nbsp;_double_epilogue
<LI><a href="#[62]">&gt;&gt;</a>&nbsp;&nbsp;&nbsp;__aeabi_uldivmod
<LI><a href="#[6d]">&gt;&gt;</a>&nbsp;&nbsp;&nbsp;__aeabi_d2ulz
</UL>

<P><STRONG><a name="[90]"></a>_ll_ushift_r</STRONG> (Thumb, 0 bytes, Stack size 0 bytes, llushr.o(.text), UNUSED)

<P><STRONG><a name="[66]"></a>__aeabi_lasr</STRONG> (Thumb, 36 bytes, Stack size 0 bytes, llsshr.o(.text), UNUSED)
<BR><BR>[Called By]<UL><LI><a href="#[65]">&gt;&gt;</a>&nbsp;&nbsp;&nbsp;__aeabi_dadd
</UL>

<P><STRONG><a name="[91]"></a>_ll_sshift_r</STRONG> (Thumb, 0 bytes, Stack size 0 bytes, llsshr.o(.text), UNUSED)

<P><STRONG><a name="[68]"></a>_double_round</STRONG> (Thumb, 30 bytes, Stack size 8 bytes, depilogue.o(.text), UNUSED)
<BR><BR>[Called By]<UL><LI><a href="#[67]">&gt;&gt;</a>&nbsp;&nbsp;&nbsp;_double_epilogue
<LI><a href="#[6c]">&gt;&gt;</a>&nbsp;&nbsp;&nbsp;__aeabi_ddiv
<LI><a href="#[65]">&gt;&gt;</a>&nbsp;&nbsp;&nbsp;__aeabi_dadd
</UL>

<P><STRONG><a name="[67]"></a>_double_epilogue</STRONG> (Thumb, 156 bytes, Stack size 32 bytes, depilogue.o(.text), UNUSED)
<BR><BR>[Calls]<UL><LI><a href="#[63]">&gt;&gt;</a>&nbsp;&nbsp;&nbsp;__aeabi_llsr
<LI><a href="#[64]">&gt;&gt;</a>&nbsp;&nbsp;&nbsp;__aeabi_llsl
<LI><a href="#[68]">&gt;&gt;</a>&nbsp;&nbsp;&nbsp;_double_round
</UL>
<BR>[Called By]<UL><LI><a href="#[6b]">&gt;&gt;</a>&nbsp;&nbsp;&nbsp;__aeabi_dmul
<LI><a href="#[65]">&gt;&gt;</a>&nbsp;&nbsp;&nbsp;__aeabi_dadd
</UL>

<P><STRONG><a name="[4]"></a>BusFault_Handler</STRONG> (Thumb, 4 bytes, Stack size 0 bytes, gd32f4xx_it.o(.text.BusFault_Handler))
<BR>[Address Reference Count : 1]<UL><LI> startup_gd32f407_427.o(RESET)
</UL>
<P><STRONG><a name="[7]"></a>DebugMon_Handler</STRONG> (Thumb, 4 bytes, Stack size 0 bytes, gd32f4xx_it.o(.text.DebugMon_Handler))
<BR>[Address Reference Count : 1]<UL><LI> startup_gd32f407_427.o(RESET)
</UL>
<P><STRONG><a name="[2]"></a>HardFault_Handler</STRONG> (Thumb, 4 bytes, Stack size 0 bytes, gd32f4xx_it.o(.text.HardFault_Handler))
<BR>[Address Reference Count : 1]<UL><LI> startup_gd32f407_427.o(RESET)
</UL>
<P><STRONG><a name="[3]"></a>MemManage_Handler</STRONG> (Thumb, 4 bytes, Stack size 0 bytes, gd32f4xx_it.o(.text.MemManage_Handler))
<BR>[Address Reference Count : 1]<UL><LI> startup_gd32f407_427.o(RESET)
</UL>
<P><STRONG><a name="[1]"></a>NMI_Handler</STRONG> (Thumb, 4 bytes, Stack size 0 bytes, gd32f4xx_it.o(.text.NMI_Handler))
<BR>[Address Reference Count : 1]<UL><LI> startup_gd32f407_427.o(RESET)
</UL>
<P><STRONG><a name="[8]"></a>PendSV_Handler</STRONG> (Thumb, 100 bytes, Stack size 0 bytes, port.o(.text.PendSV_Handler))
<BR><BR>[Stack]<UL><LI>Max Depth = 8<LI>Call Chain = PendSV_Handler &rArr; vTaskSwitchContext
</UL>
<BR>[Calls]<UL><LI><a href="#[5f]">&gt;&gt;</a>&nbsp;&nbsp;&nbsp;vTaskSwitchContext
</UL>
<BR>[Address Reference Count : 1]<UL><LI> startup_gd32f407_427.o(RESET)
</UL>
<P><STRONG><a name="[6]"></a>SVC_Handler</STRONG> (Thumb, 36 bytes, Stack size 0 bytes, port.o(.text.SVC_Handler))
<BR>[Address Reference Count : 1]<UL><LI> startup_gd32f407_427.o(RESET)
</UL>
<P><STRONG><a name="[5c]"></a>SystemInit</STRONG> (Thumb, 250 bytes, Stack size 16 bytes, system_gd32f4xx.o(.text.SystemInit))
<BR><BR>[Stack]<UL><LI>Max Depth = 32<LI>Call Chain = SystemInit &rArr; system_clock_config &rArr; system_clock_168m_8m_hxtal
</UL>
<BR>[Calls]<UL><LI><a href="#[71]">&gt;&gt;</a>&nbsp;&nbsp;&nbsp;system_clock_config
</UL>
<BR>[Address Reference Count : 1]<UL><LI> startup_gd32f407_427.o(.text)
</UL>
<P><STRONG><a name="[40]"></a>TIMER5_DAC_IRQHandler</STRONG> (Thumb, 44 bytes, Stack size 8 bytes, lib_timer5.o(.text.TIMER5_DAC_IRQHandler))
<BR><BR>[Stack]<UL><LI>Max Depth = 24<LI>Call Chain = TIMER5_DAC_IRQHandler &rArr; timer_interrupt_flag_get
</UL>
<BR>[Calls]<UL><LI><a href="#[73]">&gt;&gt;</a>&nbsp;&nbsp;&nbsp;timer_interrupt_flag_clear
<LI><a href="#[72]">&gt;&gt;</a>&nbsp;&nbsp;&nbsp;timer_interrupt_flag_get
<LI><a href="#[74]">&gt;&gt;</a>&nbsp;&nbsp;&nbsp;lib_timer5_on_cb
</UL>
<BR>[Address Reference Count : 1]<UL><LI> startup_gd32f407_427.o(RESET)
</UL>
<P><STRONG><a name="[2f]"></a>USART0_IRQHandler</STRONG> (Thumb, 152 bytes, Stack size 16 bytes, lib_usart0.o(.text.USART0_IRQHandler))
<BR><BR>[Stack]<UL><LI>Max Depth = 36<LI>Call Chain = USART0_IRQHandler &rArr; usart_interrupt_flag_get
</UL>
<BR>[Calls]<UL><LI><a href="#[77]">&gt;&gt;</a>&nbsp;&nbsp;&nbsp;usart_data_receive
<LI><a href="#[76]">&gt;&gt;</a>&nbsp;&nbsp;&nbsp;usart_interrupt_flag_clear
<LI><a href="#[75]">&gt;&gt;</a>&nbsp;&nbsp;&nbsp;usart_interrupt_flag_get
</UL>
<BR>[Address Reference Count : 1]<UL><LI> startup_gd32f407_427.o(RESET)
</UL>
<P><STRONG><a name="[5]"></a>UsageFault_Handler</STRONG> (Thumb, 4 bytes, Stack size 0 bytes, gd32f4xx_it.o(.text.UsageFault_Handler))
<BR>[Address Reference Count : 1]<UL><LI> startup_gd32f407_427.o(RESET)
</UL>
<P><STRONG><a name="[5e]"></a>fputc</STRONG> (Thumb, 22 bytes, Stack size 16 bytes, lib_usart0.o(.text.fputc))
<BR><BR>[Stack]<UL><LI>Max Depth = 44<LI>Call Chain = fputc &rArr; lib_usart0_send_byte &rArr; usart_flag_get
</UL>
<BR>[Calls]<UL><LI><a href="#[78]">&gt;&gt;</a>&nbsp;&nbsp;&nbsp;lib_usart0_send_byte
</UL>
<BR>[Address Reference Count : 1]<UL><LI> printfa.o(i.__0printf)
</UL>
<P><STRONG><a name="[74]"></a>lib_timer5_on_cb</STRONG> (Thumb, 2 bytes, Stack size 0 bytes, main.o(.text.lib_timer5_on_cb))
<BR><BR>[Called By]<UL><LI><a href="#[40]">&gt;&gt;</a>&nbsp;&nbsp;&nbsp;TIMER5_DAC_IRQHandler
</UL>

<P><STRONG><a name="[78]"></a>lib_usart0_send_byte</STRONG> (Thumb, 50 bytes, Stack size 16 bytes, lib_usart0.o(.text.lib_usart0_send_byte))
<BR><BR>[Stack]<UL><LI>Max Depth = 28<LI>Call Chain = lib_usart0_send_byte &rArr; usart_flag_get
</UL>
<BR>[Calls]<UL><LI><a href="#[7a]">&gt;&gt;</a>&nbsp;&nbsp;&nbsp;usart_flag_get
<LI><a href="#[79]">&gt;&gt;</a>&nbsp;&nbsp;&nbsp;usart_data_transmit
</UL>
<BR>[Called By]<UL><LI><a href="#[5e]">&gt;&gt;</a>&nbsp;&nbsp;&nbsp;fputc
</UL>

<P><STRONG><a name="[5b]"></a>main</STRONG> (Thumb, 36 bytes, Stack size 16 bytes, main.o(.text.main))
<BR><BR>[Stack]<UL><LI>Max Depth = 48<LI>Call Chain = main &rArr; systick_config &rArr; SysTick_Config &rArr; __NVIC_SetPriority
</UL>
<BR>[Calls]<UL><LI><a href="#[7c]">&gt;&gt;</a>&nbsp;&nbsp;&nbsp;systick_config
<LI><a href="#[7b]">&gt;&gt;</a>&nbsp;&nbsp;&nbsp;nvic_priority_group_set
<LI><a href="#[7d]">&gt;&gt;</a>&nbsp;&nbsp;&nbsp;printf
</UL>
<BR>[Address Reference Count : 1]<UL><LI> entry9a.o(.ARM.Collect$$$$0000000B)
</UL>
<P><STRONG><a name="[7b]"></a>nvic_priority_group_set</STRONG> (Thumb, 28 bytes, Stack size 4 bytes, gd32f4xx_misc.o(.text.nvic_priority_group_set))
<BR><BR>[Stack]<UL><LI>Max Depth = 4<LI>Call Chain = nvic_priority_group_set
</UL>
<BR>[Called By]<UL><LI><a href="#[5b]">&gt;&gt;</a>&nbsp;&nbsp;&nbsp;main
</UL>

<P><STRONG><a name="[7c]"></a>systick_config</STRONG> (Thumb, 50 bytes, Stack size 8 bytes, systick.o(.text.systick_config))
<BR><BR>[Stack]<UL><LI>Max Depth = 32<LI>Call Chain = systick_config &rArr; SysTick_Config &rArr; __NVIC_SetPriority
</UL>
<BR>[Calls]<UL><LI><a href="#[70]">&gt;&gt;</a>&nbsp;&nbsp;&nbsp;__NVIC_SetPriority
<LI><a href="#[6f]">&gt;&gt;</a>&nbsp;&nbsp;&nbsp;SysTick_Config
</UL>
<BR>[Called By]<UL><LI><a href="#[5b]">&gt;&gt;</a>&nbsp;&nbsp;&nbsp;main
</UL>

<P><STRONG><a name="[73]"></a>timer_interrupt_flag_clear</STRONG> (Thumb, 18 bytes, Stack size 8 bytes, gd32f4xx_timer.o(.text.timer_interrupt_flag_clear))
<BR><BR>[Stack]<UL><LI>Max Depth = 8<LI>Call Chain = timer_interrupt_flag_clear
</UL>
<BR>[Called By]<UL><LI><a href="#[40]">&gt;&gt;</a>&nbsp;&nbsp;&nbsp;TIMER5_DAC_IRQHandler
</UL>

<P><STRONG><a name="[72]"></a>timer_interrupt_flag_get</STRONG> (Thumb, 58 bytes, Stack size 16 bytes, gd32f4xx_timer.o(.text.timer_interrupt_flag_get))
<BR><BR>[Stack]<UL><LI>Max Depth = 16<LI>Call Chain = timer_interrupt_flag_get
</UL>
<BR>[Called By]<UL><LI><a href="#[40]">&gt;&gt;</a>&nbsp;&nbsp;&nbsp;TIMER5_DAC_IRQHandler
</UL>

<P><STRONG><a name="[77]"></a>usart_data_receive</STRONG> (Thumb, 16 bytes, Stack size 4 bytes, gd32f4xx_usart.o(.text.usart_data_receive))
<BR><BR>[Stack]<UL><LI>Max Depth = 4<LI>Call Chain = usart_data_receive
</UL>
<BR>[Called By]<UL><LI><a href="#[2f]">&gt;&gt;</a>&nbsp;&nbsp;&nbsp;USART0_IRQHandler
</UL>

<P><STRONG><a name="[79]"></a>usart_data_transmit</STRONG> (Thumb, 24 bytes, Stack size 8 bytes, gd32f4xx_usart.o(.text.usart_data_transmit))
<BR><BR>[Stack]<UL><LI>Max Depth = 8<LI>Call Chain = usart_data_transmit
</UL>
<BR>[Called By]<UL><LI><a href="#[78]">&gt;&gt;</a>&nbsp;&nbsp;&nbsp;lib_usart0_send_byte
</UL>

<P><STRONG><a name="[7a]"></a>usart_flag_get</STRONG> (Thumb, 58 bytes, Stack size 12 bytes, gd32f4xx_usart.o(.text.usart_flag_get))
<BR><BR>[Stack]<UL><LI>Max Depth = 12<LI>Call Chain = usart_flag_get
</UL>
<BR>[Called By]<UL><LI><a href="#[78]">&gt;&gt;</a>&nbsp;&nbsp;&nbsp;lib_usart0_send_byte
</UL>

<P><STRONG><a name="[76]"></a>usart_interrupt_flag_clear</STRONG> (Thumb, 32 bytes, Stack size 8 bytes, gd32f4xx_usart.o(.text.usart_interrupt_flag_clear))
<BR><BR>[Stack]<UL><LI>Max Depth = 8<LI>Call Chain = usart_interrupt_flag_clear
</UL>
<BR>[Called By]<UL><LI><a href="#[2f]">&gt;&gt;</a>&nbsp;&nbsp;&nbsp;USART0_IRQHandler
</UL>

<P><STRONG><a name="[75]"></a>usart_interrupt_flag_get</STRONG> (Thumb, 94 bytes, Stack size 20 bytes, gd32f4xx_usart.o(.text.usart_interrupt_flag_get))
<BR><BR>[Stack]<UL><LI>Max Depth = 20<LI>Call Chain = usart_interrupt_flag_get
</UL>
<BR>[Called By]<UL><LI><a href="#[2f]">&gt;&gt;</a>&nbsp;&nbsp;&nbsp;USART0_IRQHandler
</UL>

<P><STRONG><a name="[5f]"></a>vTaskSwitchContext</STRONG> (Thumb, 186 bytes, Stack size 8 bytes, tasks.o(.text.vTaskSwitchContext))
<BR><BR>[Stack]<UL><LI>Max Depth = 8<LI>Call Chain = vTaskSwitchContext
</UL>
<BR>[Called By]<UL><LI><a href="#[8]">&gt;&gt;</a>&nbsp;&nbsp;&nbsp;PendSV_Handler
</UL>

<P><STRONG><a name="[7f]"></a>__0printf</STRONG> (Thumb, 22 bytes, Stack size 24 bytes, printfa.o(i.__0printf), UNUSED)
<BR><BR>[Calls]<UL><LI><a href="#[80]">&gt;&gt;</a>&nbsp;&nbsp;&nbsp;_printf_core
</UL>

<P><STRONG><a name="[92]"></a>__1printf</STRONG> (Thumb, 0 bytes, Stack size 24 bytes, printfa.o(i.__0printf), UNUSED)

<P><STRONG><a name="[93]"></a>__2printf</STRONG> (Thumb, 0 bytes, Stack size 24 bytes, printfa.o(i.__0printf), UNUSED)

<P><STRONG><a name="[94]"></a>__c89printf</STRONG> (Thumb, 0 bytes, Stack size 24 bytes, printfa.o(i.__0printf), UNUSED)

<P><STRONG><a name="[7d]"></a>printf</STRONG> (Thumb, 0 bytes, Stack size 24 bytes, printfa.o(i.__0printf))
<BR><BR>[Stack]<UL><LI>Max Depth = 24<LI>Call Chain = printf
</UL>
<BR>[Called By]<UL><LI><a href="#[5b]">&gt;&gt;</a>&nbsp;&nbsp;&nbsp;main
</UL>

<P><STRONG><a name="[95]"></a>__scatterload_copy</STRONG> (Thumb, 14 bytes, Stack size unknown bytes, handlers.o(i.__scatterload_copy), UNUSED)

<P><STRONG><a name="[96]"></a>__scatterload_null</STRONG> (Thumb, 2 bytes, Stack size unknown bytes, handlers.o(i.__scatterload_null), UNUSED)

<P><STRONG><a name="[97]"></a>__scatterload_zeroinit</STRONG> (Thumb, 14 bytes, Stack size unknown bytes, handlers.o(i.__scatterload_zeroinit), UNUSED)
<P>
<H3>
Local Symbols
</H3>
<P><STRONG><a name="[6f]"></a>SysTick_Config</STRONG> (Thumb, 82 bytes, Stack size 16 bytes, systick.o(.text.SysTick_Config))
<BR><BR>[Stack]<UL><LI>Max Depth = 24<LI>Call Chain = SysTick_Config &rArr; __NVIC_SetPriority
</UL>
<BR>[Calls]<UL><LI><a href="#[70]">&gt;&gt;</a>&nbsp;&nbsp;&nbsp;__NVIC_SetPriority
</UL>
<BR>[Called By]<UL><LI><a href="#[7c]">&gt;&gt;</a>&nbsp;&nbsp;&nbsp;systick_config
</UL>

<P><STRONG><a name="[70]"></a>__NVIC_SetPriority</STRONG> (Thumb, 66 bytes, Stack size 8 bytes, systick.o(.text.__NVIC_SetPriority))
<BR><BR>[Stack]<UL><LI>Max Depth = 8<LI>Call Chain = __NVIC_SetPriority
</UL>
<BR>[Called By]<UL><LI><a href="#[6f]">&gt;&gt;</a>&nbsp;&nbsp;&nbsp;SysTick_Config
<LI><a href="#[7c]">&gt;&gt;</a>&nbsp;&nbsp;&nbsp;systick_config
</UL>

<P><STRONG><a name="[71]"></a>system_clock_config</STRONG> (Thumb, 8 bytes, Stack size 8 bytes, system_gd32f4xx.o(.text.system_clock_config))
<BR><BR>[Stack]<UL><LI>Max Depth = 16<LI>Call Chain = system_clock_config &rArr; system_clock_168m_8m_hxtal
</UL>
<BR>[Calls]<UL><LI><a href="#[7e]">&gt;&gt;</a>&nbsp;&nbsp;&nbsp;system_clock_168m_8m_hxtal
</UL>
<BR>[Called By]<UL><LI><a href="#[5c]">&gt;&gt;</a>&nbsp;&nbsp;&nbsp;SystemInit
</UL>

<P><STRONG><a name="[7e]"></a>system_clock_168m_8m_hxtal</STRONG> (Thumb, 360 bytes, Stack size 8 bytes, system_gd32f4xx.o(.text.system_clock_168m_8m_hxtal))
<BR><BR>[Stack]<UL><LI>Max Depth = 8<LI>Call Chain = system_clock_168m_8m_hxtal
</UL>
<BR>[Called By]<UL><LI><a href="#[71]">&gt;&gt;</a>&nbsp;&nbsp;&nbsp;system_clock_config
</UL>

<P><STRONG><a name="[81]"></a>_fp_digits</STRONG> (Thumb, 366 bytes, Stack size 64 bytes, printfa.o(i._fp_digits), UNUSED)
<BR><BR>[Calls]<UL><LI><a href="#[62]">&gt;&gt;</a>&nbsp;&nbsp;&nbsp;__aeabi_uldivmod
<LI><a href="#[6b]">&gt;&gt;</a>&nbsp;&nbsp;&nbsp;__aeabi_dmul
<LI><a href="#[6c]">&gt;&gt;</a>&nbsp;&nbsp;&nbsp;__aeabi_ddiv
<LI><a href="#[65]">&gt;&gt;</a>&nbsp;&nbsp;&nbsp;__aeabi_dadd
<LI><a href="#[6d]">&gt;&gt;</a>&nbsp;&nbsp;&nbsp;__aeabi_d2ulz
<LI><a href="#[82]">&gt;&gt;</a>&nbsp;&nbsp;&nbsp;__aeabi_cdrcmple
</UL>
<BR>[Called By]<UL><LI><a href="#[80]">&gt;&gt;</a>&nbsp;&nbsp;&nbsp;_printf_core
</UL>

<P><STRONG><a name="[80]"></a>_printf_core</STRONG> (Thumb, 1744 bytes, Stack size 136 bytes, printfa.o(i._printf_core), UNUSED)
<BR><BR>[Calls]<UL><LI><a href="#[62]">&gt;&gt;</a>&nbsp;&nbsp;&nbsp;__aeabi_uldivmod
<LI><a href="#[85]">&gt;&gt;</a>&nbsp;&nbsp;&nbsp;__aeabi_uidivmod
<LI><a href="#[83]">&gt;&gt;</a>&nbsp;&nbsp;&nbsp;_printf_pre_padding
<LI><a href="#[84]">&gt;&gt;</a>&nbsp;&nbsp;&nbsp;_printf_post_padding
<LI><a href="#[81]">&gt;&gt;</a>&nbsp;&nbsp;&nbsp;_fp_digits
</UL>
<BR>[Called By]<UL><LI><a href="#[7f]">&gt;&gt;</a>&nbsp;&nbsp;&nbsp;__0printf
</UL>

<P><STRONG><a name="[84]"></a>_printf_post_padding</STRONG> (Thumb, 36 bytes, Stack size 24 bytes, printfa.o(i._printf_post_padding), UNUSED)
<BR><BR>[Called By]<UL><LI><a href="#[80]">&gt;&gt;</a>&nbsp;&nbsp;&nbsp;_printf_core
</UL>

<P><STRONG><a name="[83]"></a>_printf_pre_padding</STRONG> (Thumb, 46 bytes, Stack size 24 bytes, printfa.o(i._printf_pre_padding), UNUSED)
<BR><BR>[Called By]<UL><LI><a href="#[80]">&gt;&gt;</a>&nbsp;&nbsp;&nbsp;_printf_core
</UL>
<P>
<H3>
Undefined Global Symbols
</H3><HR></body></html>
